<html>
<body>
<pre>
<h1>µVision Build Log</h1>
<h2>Tool Versions:</h2>
IDE-Version: µVision V5.29.0.0
Copyright (C) 2019 ARM Ltd and ARM Germany GmbH. All rights reserved.
License Information: ahmed sobhy, valeo, LIC=S5IGK-Z1VU9-15STV-P851Y-SI4FD-8L5K0
 
Tool Versions:
Toolchain:       MDK-ARM Professional  Version: 5.29.0.0
Toolchain Path:  C:\Keil_v5\ARM\ARMCC\Bin
C Compiler:      Armcc.exe V5.06 update 6 (build 750)
Assembler:       Armasm.exe V5.06 update 6 (build 750)
Linker/Locator:  ArmLink.exe V5.06 update 6 (build 750)
Library Manager: ArmAr.exe V5.06 update 6 (build 750)
Hex Converter:   FromElf.exe V5.06 update 6 (build 750)
CPU DLL:         SARMCM3.DLL V5.29.0.0
Dialog DLL:      DCM.DLL V1.17.3.0
Target DLL:      UL2CM3.DLL V1.163.0.0
Dialog DLL:      TCM.DLL V1.36.5.0
 
<h2>Project:</h2>
G:\embedded systems\projects\embedded_projects_git\calculator\calculator_blutooth.uvprojx
Project File Date:  07/15/2020

<h2>Output:</h2>
*** Using Compiler 'V5.06 update 6 (build 750)', folder: 'C:\Keil_v5\ARM\ARMCC\Bin'
Build target 'calculator'
compiling calc.c...
lib\calc.c(80): warning:  #177-D: variable "unaryMnus"  was declared but never referenced
      int8_t unaryMnus = 0;
lib\calc.c(217): warning:  #177-D: variable "notoper"  was declared but never referenced
      int8_t notoper = 0;
lib\calc.c(263): warning:  #177-D: variable "notoper"  was declared but never referenced
      int8_t notoper = 0;
lib\calc.c(320): warning:  #177-D: variable "c2"  was declared but never referenced
      int8_t c2 = 0;
lib\calc.c(653): warning:  #223-D: function "printf" declared implicitly
          printf("ERROR..\n");
lib\calc.c(663): warning:  #223-D: function "printf" declared implicitly
              printf("ERROR..\n");
lib\calc.c(718): warning:  #940-D: missing return statement at end of non-void function "handleAns" 
  }
lib\calc.c(724): warning:  #177-D: variable "index"  was declared but never referenced
      int8_t index;//index of the first str in string 
lib\calc.c: 8 warnings, 0 errors
linking...
Program Size: Code=28280 RO-data=652 RW-data=32 ZI-data=640  
".\Objects\calculator_blutooth.axf" - 0 Error(s), 8 Warning(s).

<h2>Software Packages used:</h2>

Package Vendor: ARM
                http://www.keil.com/pack/ARM.CMSIS.5.6.0.pack
                ARM.CMSIS.5.6.0
                CMSIS (Cortex Microcontroller Software Interface Standard)
   * Component: CORE Version: 5.3.0

Package Vendor: Keil
                http://www.keil.com/pack/Keil.TM4C_DFP.1.1.0.pack
                Keil.TM4C_DFP.1.1.0
                Texas Instruments Tiva C Series Device Support and Examples
   * Component: Startup Version: 1.0.1

<h2>Collection of Component include folders:</h2>
  .\RTE\_calculator
  C:\Keil_v5\ARM\PACK\ARM\CMSIS\5.6.0\CMSIS\Core\Include
  C:\Keil_v5\ARM\PACK\Keil\TM4C_DFP\1.1.0\Device\Include\TM4C123

<h2>Collection of Component Files used:</h2>

   * Component: ARM::CMSIS:CORE:5.3.0

   * Component: Keil::Device:Startup:1.0.1
      Source file:   Device\Source\system_TM4C123.c
      Include file:  Device\Include\TM4C123\TM4C123.h
      Source file:   Device\Source\ARM\startup_TM4C123.s
Build Time Elapsed:  00:00:05
</pre>
</body>
</html>
