Component: ARM Compiler 5.06 update 6 (build 750) Tool: armlink [4d35ed]

==============================================================================

Section Cross References

    source.o(i.main) refers to clock.o(i.PLL_init) for PLL_init
    source.o(i.main) refers to tm4c123io.o(i.GPIO_PortInit) for GPIO_PortInit
    source.o(i.main) refers to rgb.o(i.RGB_Init) for RGB_Init
    source.o(i.main) refers to lcd.o(i.LCD_Init) for LCD_Init
    source.o(i.main) refers to uart.o(i.Uart_Init) for Uart_Init
    source.o(i.main) refers to uart.o(i.Uart_SendStrRcNl) for Uart_SendStrRcNl
    source.o(i.main) refers to lcd.o(i.LCD_SendStrMid) for LCD_SendStrMid
    source.o(i.main) refers to rgb.o(i.RGB_Out) for RGB_Out
    source.o(i.main) refers to bluetooth.o(i.HC05_init) for HC05_init
    source.o(i.main) refers to uart.o(i.UART_GetStrRcNl) for UART_GetStrRcNl
    source.o(i.main) refers to calc.o(i.calculator) for calculator
    source.o(i.main) refers to calc.o(i.isFloat) for isFloat
    source.o(i.main) refers to strfuncs.o(i.convDoubleToHexStr) for convDoubleToHexStr
    source.o(i.main) refers to uart.o(i.printTerm) for printTerm
    source.o(i.main) refers to strfuncs.o(i.convDoubleToBinStr) for convDoubleToBinStr
    source.o(i.main) refers to strfuncs.o(i.floatToStr) for floatToStr
    source.o(i.main) refers to dfix.o(x$fpl$dfix) for __aeabi_d2iz
    source.o(i.main) refers to dflt_clz.o(x$fpl$dflt) for __aeabi_i2d
    source.o(i.main) refers to strfuncs.o(i.intToStr) for intToStr
    source.o(i.main) refers to source.o(.data) for sysclock
    source.o(i.main) refers to calc.o(.data) for ER
    lcdapps.o(i.LCD_CloseDoor) refers to lcd.o(i.LCD_SetCGRAM) for LCD_SetCGRAM
    lcdapps.o(i.LCD_CloseDoor) refers to lcd.o(i.LCD_SendChrXY) for LCD_SendChrXY
    lcdapps.o(i.LCD_CloseDoor) refers to systick.o(i.msDelay) for msDelay
    lcdapps.o(i.LCD_CloseDoor) refers to source.o(.constdata) for userChars1
    lcdapps.o(i.LCD_Loading2) refers to lcd.o(i.LCD_SendStrMid) for LCD_SendStrMid
    lcdapps.o(i.LCD_Loading2) refers to lcd.o(i.LCD_SetCGRAM) for LCD_SetCGRAM
    lcdapps.o(i.LCD_Loading2) refers to lcd.o(i.LCD_SendChrXY) for LCD_SendChrXY
    lcdapps.o(i.LCD_Loading2) refers to systick.o(i.msDelay) for msDelay
    lcdapps.o(i.LCD_Loading2) refers to source.o(.constdata) for userChars4
    lcdapps.o(i.LCD_LoadingShape) refers to lcd.o(i.LCD_SetCGRAM) for LCD_SetCGRAM
    lcdapps.o(i.LCD_LoadingShape) refers to lcd.o(i.LCD_SendStrMid) for LCD_SendStrMid
    lcdapps.o(i.LCD_LoadingShape) refers to lcd.o(i.LCD_SendChrXY) for LCD_SendChrXY
    lcdapps.o(i.LCD_LoadingShape) refers to systick.o(i.msDelay) for msDelay
    lcdapps.o(i.LCD_LoadingShape) refers to source.o(.constdata) for userChars1
    lcdapps.o(i.LCD_MovRevse) refers to lcd.o(i.LCD_SetCGRAM) for LCD_SetCGRAM
    lcdapps.o(i.LCD_MovRevse) refers to lcd.o(i.LCD_SendChrXY) for LCD_SendChrXY
    lcdapps.o(i.LCD_MovRevse) refers to systick.o(i.msDelay) for msDelay
    lcdapps.o(i.LCD_MovRevse) refers to source.o(.constdata) for userChars1
    lcdapps.o(i.LCD_MusicShape) refers to lcd.o(i.LCD_SetCGRAM) for LCD_SetCGRAM
    lcdapps.o(i.LCD_MusicShape) refers to lcd.o(i.LCD_SendChrXY) for LCD_SendChrXY
    lcdapps.o(i.LCD_MusicShape) refers to systick.o(i.msDelay) for msDelay
    lcdapps.o(i.LCD_MusicShape) refers to source.o(.constdata) for userChars3
    lcdapps.o(i.LCD_OpenDoor) refers to lcd.o(i.LCD_SetCGRAM) for LCD_SetCGRAM
    lcdapps.o(i.LCD_OpenDoor) refers to lcd.o(i.LCD_SendChrXY) for LCD_SendChrXY
    lcdapps.o(i.LCD_OpenDoor) refers to systick.o(i.msDelay) for msDelay
    lcdapps.o(i.LCD_OpenDoor) refers to source.o(.constdata) for userChars1
    lcdapps.o(i.LCD_Snake1) refers to lcd.o(i.LCD_SendChrXY) for LCD_SendChrXY
    lcdapps.o(i.LCD_Snake1) refers to systick.o(i.msDelay) for msDelay
    lcdapps.o(i.LCD_Snake2) refers to lcd.o(i.LCD_SetCGRAM) for LCD_SetCGRAM
    lcdapps.o(i.LCD_Snake2) refers to lcd.o(i.LCD_SendChrXY) for LCD_SendChrXY
    lcdapps.o(i.LCD_Snake2) refers to systick.o(i.msDelay) for msDelay
    lcdapps.o(i.LCD_Snake2) refers to source.o(.constdata) for userChars1
    lcdapps.o(i.LCD_Swim2LinDwnup) refers to lcd.o(i.LCD_SetCGRAM) for LCD_SetCGRAM
    lcdapps.o(i.LCD_Swim2LinDwnup) refers to lcd.o(i.LCD_SendChrXY) for LCD_SendChrXY
    lcdapps.o(i.LCD_Swim2LinDwnup) refers to systick.o(i.msDelay) for msDelay
    lcdapps.o(i.LCD_Swim2LinDwnup) refers to source.o(.constdata) for userChars2
    lcdapps.o(i.LCD_Swim2LinDwnupGrad) refers to lcd.o(i.LCD_SetCGRAM) for LCD_SetCGRAM
    lcdapps.o(i.LCD_Swim2LinDwnupGrad) refers to lcd.o(i.LCD_SendChrXY) for LCD_SendChrXY
    lcdapps.o(i.LCD_Swim2LinDwnupGrad) refers to systick.o(i.msDelay) for msDelay
    lcdapps.o(i.LCD_Swim2LinDwnupGrad) refers to source.o(.constdata) for userChars2
    lcdapps.o(i.LCD_SwimDwn1LGrad) refers to lcd.o(i.LCD_SetCGRAM) for LCD_SetCGRAM
    lcdapps.o(i.LCD_SwimDwn1LGrad) refers to lcd.o(i.LCD_SendChrXY) for LCD_SendChrXY
[...]
    rt_raise.o(.text) refers to sys_exit.o(.text) for _sys_exit
    defsig_exit.o(.text) refers to sys_exit.o(.text) for _sys_exit
    defsig_rtmem_inner.o(.text) refers to defsig_general.o(.text) for __default_signal_display
    __raise.o(.text) refers to defsig.o(CL$$defsig) for __default_signal_handler
    defsig_general.o(.text) refers to sys_wrch.o(.text) for _ttywrch
    sys_wrch.o(.text) refers (Special) to use_no_semi.o(.text) for __I$use$semihosting
    sys_wrch.o(.text) refers (Special) to indicate_semi.o(.text) for __semihosting_library_function
    defsig.o(CL$$defsig) refers to defsig_rtmem_inner.o(.text) for __rt_SIGRTMEM_inner
    defsig_abrt_inner.o(.text) refers to defsig_general.o(.text) for __default_signal_display
    defsig_fpe_inner.o(.text) refers to defsig_general.o(.text) for __default_signal_display
    defsig_rtred_inner.o(.text) refers to defsig_general.o(.text) for __default_signal_display
    defsig_stak_inner.o(.text) refers to defsig_general.o(.text) for __default_signal_display
    defsig_pvfn_inner.o(.text) refers to defsig_general.o(.text) for __default_signal_display
    defsig_cppl_inner.o(.text) refers to defsig_general.o(.text) for __default_signal_display
    defsig_segv_inner.o(.text) refers to defsig_general.o(.text) for __default_signal_display
    defsig_other.o(.text) refers to defsig_general.o(.text) for __default_signal_display


==============================================================================

Removing Unused input sections from the image.

    Removing source.o(.rev16_text), (4 bytes).
    Removing source.o(.revsh_text), (4 bytes).
    Removing source.o(.rrx_text), (6 bytes).
    Removing source.o(.constdata), (256 bytes).
    Removing lcdapps.o(.rev16_text), (4 bytes).
    Removing lcdapps.o(.revsh_text), (4 bytes).
    Removing lcdapps.o(.rrx_text), (6 bytes).
    Removing lcdapps.o(i.LCD_CloseDoor), (56 bytes).
    Removing lcdapps.o(i.LCD_Loading2), (72 bytes).
    Removing lcdapps.o(i.LCD_LoadingShape), (64 bytes).
    Removing lcdapps.o(i.LCD_MovRevse), (56 bytes).
    Removing lcdapps.o(i.LCD_MusicShape), (280 bytes).
    Removing lcdapps.o(i.LCD_OpenDoor), (92 bytes).
    Removing lcdapps.o(i.LCD_Snake1), (304 bytes).
    Removing lcdapps.o(i.LCD_Snake2), (260 bytes).
    Removing lcdapps.o(i.LCD_Swim2LinDwnup), (124 bytes).
    Removing lcdapps.o(i.LCD_Swim2LinDwnupGrad), (128 bytes).
    Removing lcdapps.o(i.LCD_SwimDwn1LGrad), (68 bytes).
    Removing lcdapps.o(i.LCD_SwimDwn2LGrad), (76 bytes).
    Removing lcdapps.o(i.LCD_SwimUp1LGrad), (68 bytes).
    Removing lcdapps.o(i.LCD_SwimUp2LGrad), (76 bytes).
    Removing calc.o(.rev16_text), (4 bytes).
    Removing calc.o(.revsh_text), (4 bytes).
    Removing calc.o(.rrx_text), (6 bytes).
    Removing calc.o(i.isDigitChar), (16 bytes).
    Removing array.o(.rev16_text), (4 bytes).
    Removing array.o(.revsh_text), (4 bytes).
    Removing array.o(.rrx_text), (6 bytes).
    Removing array.o(i.delIntElement), (36 bytes).
    Removing bluetooth.o(.rev16_text), (4 bytes).
    Removing bluetooth.o(.revsh_text), (4 bytes).
    Removing bluetooth.o(.rrx_text), (6 bytes).
    Removing bluetooth.o(i.print), (22 bytes).
    Removing math.o(.rev16_text), (4 bytes).
    Removing math.o(.revsh_text), (4 bytes).
    Removing math.o(.rrx_text), (6 bytes).
    Removing math.o(i.FLOAT_Approximate), (72 bytes).
    Removing math.o(i.absolute), (68 bytes).
    Removing strfuncs.o(.rev16_text), (4 bytes).
    Removing strfuncs.o(.revsh_text), (4 bytes).
    Removing strfuncs.o(.rrx_text), (6 bytes).
    Removing strfuncs.o(i.isStrOfDigits), (66 bytes).
    Removing strfuncs.o(i.strCmp), (98 bytes).
    Removing strfuncs.o(i.strCountNoStr), (80 bytes).
    Removing strfuncs.o(i.strLenTerm), (18 bytes).
    Removing strfuncs.o(i.strRev), (52 bytes).
    Removing strfuncs.o(i.strToInt), (152 bytes).
    Removing keypad.o(.rev16_text), (4 bytes).
    Removing keypad.o(.revsh_text), (4 bytes).
    Removing keypad.o(.rrx_text), (6 bytes).
    Removing keypad.o(i.KEYPAD_Get_Key), (92 bytes).
    Removing keypad.o(i.KEYPAD_Map_Key_To_Value), (96 bytes).
    Removing keypad.o(i.KEYPAD_init), (84 bytes).
    Removing keypad.o(.constdata), (16 bytes).
    Removing lcd.o(.rev16_text), (4 bytes).
    Removing lcd.o(.revsh_text), (4 bytes).
    Removing lcd.o(.rrx_text), (6 bytes).
    Removing lcd.o(i.LCD_ForceCursline), (40 bytes).
    Removing lcd.o(i.LCD_Print), (120 bytes).
    Removing lcd.o(i.LCD_ReturnHome), (18 bytes).
    Removing lcd.o(i.LCD_SendChrXY), (84 bytes).
    Removing lcd.o(i.LCD_SendStrXY), (84 bytes).
    Removing lcd.o(i.LCD_SetCGRAM), (64 bytes).
    Removing lcd.o(i.LCD_ShiftCurs), (48 bytes).
    Removing lcd.o(i.LCD_ShiftDisplay), (48 bytes).
    Removing rgb.o(.rev16_text), (4 bytes).
    Removing rgb.o(.revsh_text), (4 bytes).
    Removing rgb.o(.rrx_text), (6 bytes).
    Removing rgb.o(i.RGB_DisAll), (28 bytes).
    Removing rgb.o(i.RGB_Toggle), (76 bytes).
    Removing switch.o(.rev16_text), (4 bytes).
    Removing switch.o(.revsh_text), (4 bytes).
    Removing switch.o(.rrx_text), (6 bytes).
    Removing switch.o(i.SWITCH_App1), (60 bytes).
    Removing switch.o(i.SWITCH_App2), (92 bytes).
    Removing switch.o(i.SWITCH_Init), (38 bytes).
    Removing switch.o(i.SWITCH_Interrpt_Init), (14 bytes).
    Removing switch.o(i.SWITCH_IsPressed), (48 bytes).
    Removing clock.o(.rev16_text), (4 bytes).
    Removing clock.o(.revsh_text), (4 bytes).
    Removing clock.o(.rrx_text), (6 bytes).
    Removing clock.o(i.MOSC_Init), (156 bytes).
    Removing clock.o(i.PIOSC_Init), (112 bytes).
    Removing nvic.o(.rev16_text), (4 bytes).
    Removing nvic.o(.revsh_text), (4 bytes).
    Removing nvic.o(.rrx_text), (6 bytes).
    Removing nvic.o(i.NVIC_Enable_IRQ), (88 bytes).
    Removing pwm.o(.rev16_text), (4 bytes).
    Removing pwm.o(.revsh_text), (4 bytes).
    Removing pwm.o(.rrx_text), (6 bytes).
    Removing pwm.o(i.PWM_CmpUpdate), (3192 bytes).
    Removing pwm.o(i.PWM_GenInit), (8432 bytes).
    Removing pwm.o(i.PWM_GenUpdate), (2728 bytes).
    Removing pwm.o(i.PWM_Init), (12116 bytes).
    Removing pwm.o(i.PWM_app), (220 bytes).
    Removing ssi.o(.rev16_text), (4 bytes).
    Removing ssi.o(.revsh_text), (4 bytes).
    Removing ssi.o(.rrx_text), (6 bytes).
    Removing ssi.o(i.SSI_Init), (2292 bytes).
    Removing ssi.o(i.SSI_Read_Data), (184 bytes).
    Removing ssi.o(i.SSI_Read_String), (142 bytes).
    Removing ssi.o(i.SSI_Write_Data), (180 bytes).
    Removing ssi.o(i.SSI_Write_String), (134 bytes).
    Removing systick.o(.rev16_text), (4 bytes).
    Removing systick.o(.revsh_text), (4 bytes).
    Removing systick.o(.rrx_text), (6 bytes).
    Removing systick.o(i.Get_Tick), (28 bytes).
    Removing systick.o(i.SYSTICK_Clear_Counter), (10 bytes).
    Removing systick.o(i.SYSTICK_Interrupt_Init), (60 bytes).
    Removing systick.o(i.TaskDelay), (24 bytes).
    Removing systick.o(.data), (8 bytes).
    Removing tm4c123io.o(.rev16_text), (4 bytes).
    Removing tm4c123io.o(.revsh_text), (4 bytes).
    Removing tm4c123io.o(.rrx_text), (6 bytes).
    Removing tm4c123io.o(i.GPIO_Four_INDEXs_INPULUP_READ), (120 bytes).
    Removing tm4c123io.o(i.GPIO_NibblePinsOut), (216 bytes).
    Removing tm4c123io.o(i.GPIO_PinRead), (516 bytes).
    Removing tm4c123io.o(i.GPIO_PortOutput), (348 bytes).
    Removing tm4c123io.o(i.GPIO_Two_INDEXs_Output), (216 bytes).
    Removing twi.o(.rev16_text), (4 bytes).
    Removing twi.o(.revsh_text), (4 bytes).
    Removing twi.o(.rrx_text), (6 bytes).
    Removing twi.o(i.I2C_Init), (1356 bytes).
    Removing twi.o(i.I2C_MASTER_Byte_Read), (364 bytes).
    Removing twi.o(i.I2C_MASTER_Byte_Write), (384 bytes).
    Removing twi.o(i.I2C_MASTER_Disable), (92 bytes).
    Removing twi.o(i.I2C_MASTER_Enable), (92 bytes).
    Removing twi.o(i.I2C_SLAVE_Byte_Read), (136 bytes).
    Removing twi.o(i.I2C_SLAVE_Byte_Write), (124 bytes).
    Removing twi.o(i.I2C_SLAVE_Disable), (92 bytes).
    Removing twi.o(i.I2C_SLAVE_Enable), (92 bytes).
    Removing twi.o(i.MASTER_Single_Write_Byte_App), (68 bytes).
    Removing twi.o(i.SLAVE_Single_Read_Byte_App), (104 bytes).
    Removing uart.o(.rev16_text), (4 bytes).
    Removing uart.o(.revsh_text), (4 bytes).
    Removing uart.o(.rrx_text), (6 bytes).
    Removing uart.o(i.UART_AT_Resp_Receive), (118 bytes).
    Removing uart.o(i.UART_GetStr), (226 bytes).
    Removing uart.o(i.Uart_SendFloat), (48 bytes).
    Removing uart.o(i.Uart_SendInt), (24 bytes).
    Removing uart.o(i.Uart_SendStr), (30 bytes).
    Removing system_tm4c123.o(.rev16_text), (4 bytes).
    Removing system_tm4c123.o(.revsh_text), (4 bytes).
    Removing system_tm4c123.o(.rrx_text), (6 bytes).
    Removing system_tm4c123.o(i.SystemCoreClockUpdate), (196 bytes).
    Removing system_tm4c123.o(i.getOscClk), (244 bytes).
    Removing system_tm4c123.o(.data), (4 bytes).

147 unused section(s) (total 39406 bytes) removed from the image.

==============================================================================

Image Symbol Table

    Local Symbols

    Symbol Name                              Value     Ov Type        Size  Object(Section)

    RESET                                    0x00000000   Section      620  startup_tm4c123.o(RESET)
    ../clib/angel/boardlib.s                 0x00000000   Number         0  boardinit3.o ABSOLUTE
    ../clib/angel/boardlib.s                 0x00000000   Number         0  boardinit2.o ABSOLUTE
    ../clib/angel/boardlib.s                 0x00000000   Number         0  boardinit1.o ABSOLUTE
    ../clib/angel/boardlib.s                 0x00000000   Number         0  boardshut.o ABSOLUTE
    ../clib/angel/handlers.s                 0x00000000   Number         0  __scatter_zi.o ABSOLUTE
    ../clib/angel/handlers.s                 0x00000000   Number         0  __scatter_copy.o ABSOLUTE
    ../clib/angel/kernel.s                   0x00000000   Number         0  rtexit.o ABSOLUTE
    ../clib/angel/kernel.s                   0x00000000   Number         0  rtexit2.o ABSOLUTE
    ../clib/angel/kernel.s                   0x00000000   Number         0  __rtentry4.o ABSOLUTE
    ../clib/angel/kernel.s                   0x00000000   Number         0  __rtentry2.o ABSOLUTE
    ../clib/angel/kernel.s                   0x00000000   Number         0  __rtentry.o ABSOLUTE
    ../clib/angel/rt.s                       0x00000000   Number         0  rt_raise.o ABSOLUTE
    ../clib/angel/scatter.s                  0x00000000   Number         0  __scatter.o ABSOLUTE
    ../clib/angel/startup.s                  0x00000000   Number         0  __main.o ABSOLUTE
    ../clib/angel/sys.s                      0x00000000   Number         0  sys_stackheap_outer.o ABSOLUTE
    ../clib/angel/sys.s                      0x00000000   Number         0  libspace.o ABSOLUTE
    ../clib/angel/sys.s                      0x00000000   Number         0  use_no_semi.o ABSOLUTE
    ../clib/angel/sys.s                      0x00000000   Number         0  indicate_semi.o ABSOLUTE
    ../clib/angel/sysapp.c                   0x00000000   Number         0  sys_wrch.o ABSOLUTE
    ../clib/angel/sysapp.c                   0x00000000   Number         0  sys_exit.o ABSOLUTE
    ../clib/angel/sysapp.c                   0x00000000   Number         0  sys_command.o ABSOLUTE
    ../clib/armsys.c                         0x00000000   Number         0  argv_veneer.o ABSOLUTE
    ../clib/armsys.c                         0x00000000   Number         0  argv_veneer.o ABSOLUTE
    ../clib/armsys.c                         0x00000000   Number         0  _get_argv_nomalloc.o ABSOLUTE
    ../clib/armsys.c                         0x00000000   Number         0  no_argv.o ABSOLUTE
    ../clib/heapalloc.c                      0x00000000   Number         0  hrguard.o ABSOLUTE
    ../clib/heapaux.c                        0x00000000   Number         0  heapauxi.o ABSOLUTE
    ../clib/libinit.s                        0x00000000   Number         0  libinit.o ABSOLUTE
    ../clib/libinit.s                        0x00000000   Number         0  libinit2.o ABSOLUTE
    ../clib/libinit.s                        0x00000000   Number         0  libshutdown.o ABSOLUTE
    ../clib/libinit.s                        0x00000000   Number         0  libshutdown2.o ABSOLUTE
    ../clib/signal.c                         0x00000000   Number         0  defsig_fpe_inner.o ABSOLUTE
    ../clib/signal.c                         0x00000000   Number         0  defsig_abrt_inner.o ABSOLUTE
    ../clib/signal.c                         0x00000000   Number         0  defsig_general.o ABSOLUTE
    ../clib/signal.c                         0x00000000   Number         0  __raise.o ABSOLUTE
    ../clib/signal.c                         0x00000000   Number         0  defsig_exit.o ABSOLUTE
    ../clib/signal.c                         0x00000000   Number         0  defsig_rtmem_formal.o ABSOLUTE
    ../clib/signal.c                         0x00000000   Number         0  defsig_rtmem_outer.o ABSOLUTE
    ../clib/signal.c                         0x00000000   Number         0  defsig_cppl_inner.o ABSOLUTE
    ../clib/signal.c                         0x00000000   Number         0  defsig_other.o ABSOLUTE
    ../clib/signal.c                         0x00000000   Number         0  defsig_segv_inner.o ABSOLUTE
    ../clib/signal.c                         0x00000000   Number         0  defsig_rtmem_inner.o ABSOLUTE
    ../clib/signal.c                         0x00000000   Number         0  defsig_pvfn_inner.o ABSOLUTE
    ../clib/signal.c                         0x00000000   Number         0  defsig_stak_inner.o ABSOLUTE
    ../clib/signal.c                         0x00000000   Number         0  defsig_rtred_inner.o ABSOLUTE
    ../clib/signal.s                         0x00000000   Number         0  defsig.o ABSOLUTE
    ../clib/stdlib.c                         0x00000000   Number         0  exit.o ABSOLUTE
    ../fplib/basic.s                         0x00000000   Number         0  basic.o ABSOLUTE
    ../fplib/d2f.s                           0x00000000   Number         0  d2f.o ABSOLUTE
    ../fplib/daddsub.s                       0x00000000   Number         0  daddsub_clz.o ABSOLUTE
    ../fplib/dcmpi.s                         0x00000000   Number         0  dcmpi.o ABSOLUTE
    ../fplib/ddiv.s                          0x00000000   Number         0  ddiv.o ABSOLUTE
    ../fplib/deqf.s                          0x00000000   Number         0  deqf.o ABSOLUTE
    ../fplib/dfix.s                          0x00000000   Number         0  dfix.o ABSOLUTE
    ../fplib/dfixu.s                         0x00000000   Number         0  dfixu.o ABSOLUTE
    ../fplib/dflt.s                          0x00000000   Number         0  dflt_clz.o ABSOLUTE
    ../fplib/dleqf.s                         0x00000000   Number         0  dleqf.o ABSOLUTE
    ../fplib/dmul.s                          0x00000000   Number         0  dmul.o ABSOLUTE
    ../fplib/dnaninf.s                       0x00000000   Number         0  dnaninf.o ABSOLUTE
    ../fplib/dretinf.s                       0x00000000   Number         0  dretinf.o ABSOLUTE
    ../fplib/drleqf.s                        0x00000000   Number         0  drleqf.o ABSOLUTE
    ../fplib/f2d.s                           0x00000000   Number         0  f2d.o ABSOLUTE
    ../fplib/fnaninf.s                       0x00000000   Number         0  fnaninf.o ABSOLUTE
    ../fplib/fpinit.s                        0x00000000   Number         0  fpinit.o ABSOLUTE
    ../fplib/fretinf.s                       0x00000000   Number         0  fretinf.o ABSOLUTE
    ../fplib/usenofp.s                       0x00000000   Number         0  usenofp.o ABSOLUTE
    RTE\Device\TM4C123GH6PM\startup_TM4C123.s 0x00000000   Number         0  startup_tm4c123.o ABSOLUTE
    RTE\Device\TM4C123GH6PM\system_TM4C123.c 0x00000000   Number         0  system_tm4c123.o ABSOLUTE
    RTE\\Device\\TM4C123GH6PM\\system_TM4C123.c 0x00000000   Number         0  system_tm4c123.o ABSOLUTE
    app\\calc.c                              0x00000000   Number         0  calc.o ABSOLUTE
    app\\lcdapps.c                           0x00000000   Number         0  lcdapps.o ABSOLUTE
    app\\source.c                            0x00000000   Number         0  source.o ABSOLUTE
    app\calc.c                               0x00000000   Number         0  calc.o ABSOLUTE
    app\lcdapps.c                            0x00000000   Number         0  lcdapps.o ABSOLUTE
    app\source.c                             0x00000000   Number         0  source.o ABSOLUTE
    dc.s                                     0x00000000   Number         0  dc.o ABSOLUTE
    hal\\keypad.c                            0x00000000   Number         0  keypad.o ABSOLUTE
    hal\\lcd.c                               0x00000000   Number         0  lcd.o ABSOLUTE
    hal\\rgb.c                               0x00000000   Number         0  rgb.o ABSOLUTE
    hal\\switch.c                            0x00000000   Number         0  switch.o ABSOLUTE
    hal\gsm.c                                0x00000000   Number         0  gsm.o ABSOLUTE
    hal\keypad.c                             0x00000000   Number         0  keypad.o ABSOLUTE
    hal\lcd.c                                0x00000000   Number         0  lcd.o ABSOLUTE
    hal\rgb.c                                0x00000000   Number         0  rgb.o ABSOLUTE
    hal\switch.c                             0x00000000   Number         0  switch.o ABSOLUTE
    lib\\array.c                             0x00000000   Number         0  array.o ABSOLUTE
    lib\\bluetooth.c                         0x00000000   Number         0  bluetooth.o ABSOLUTE
    lib\\math.c                              0x00000000   Number         0  math.o ABSOLUTE
    lib\\strfuncs.c                          0x00000000   Number         0  strfuncs.o ABSOLUTE
    lib\array.c                              0x00000000   Number         0  array.o ABSOLUTE
    lib\bluetooth.c                          0x00000000   Number         0  bluetooth.o ABSOLUTE
    lib\math.c                               0x00000000   Number         0  math.o ABSOLUTE
    lib\strfuncs.c                           0x00000000   Number         0  strfuncs.o ABSOLUTE
    mcal\NVIC.c                              0x00000000   Number         0  nvic.o ABSOLUTE
    mcal\\NVIC.c                             0x00000000   Number         0  nvic.o ABSOLUTE
    mcal\\clock.c                            0x00000000   Number         0  clock.o ABSOLUTE
    mcal\\pwm.c                              0x00000000   Number         0  pwm.o ABSOLUTE
    mcal\\ssi.c                              0x00000000   Number         0  ssi.o ABSOLUTE
    mcal\\systick.c                          0x00000000   Number         0  systick.o ABSOLUTE
    mcal\\tm4c123io.c                        0x00000000   Number         0  tm4c123io.o ABSOLUTE
    mcal\\twi.c                              0x00000000   Number         0  twi.o ABSOLUTE
    mcal\\uart.c                             0x00000000   Number         0  uart.o ABSOLUTE
    mcal\clock.c                             0x00000000   Number         0  clock.o ABSOLUTE
    mcal\pwm.c                               0x00000000   Number         0  pwm.o ABSOLUTE
    mcal\ssi.c                               0x00000000   Number         0  ssi.o ABSOLUTE
    mcal\systick.c                           0x00000000   Number         0  systick.o ABSOLUTE
    mcal\tm4c123io.c                         0x00000000   Number         0  tm4c123io.o ABSOLUTE
    mcal\twi.c                               0x00000000   Number         0  twi.o ABSOLUTE
    mcal\uart.c                              0x00000000   Number         0  uart.o ABSOLUTE
    !!!main                                  0x0000026c   Section        8  __main.o(!!!main)
    !!!scatter                               0x00000274   Section       52  __scatter.o(!!!scatter)
    !!handler_copy                           0x000002a8   Section       26  __scatter_copy.o(!!handler_copy)
    !!handler_zi                             0x000002c4   Section       28  __scatter_zi.o(!!handler_zi)
    .ARM.Collect$$libinit$$00000000          0x000002e0   Section        2  libinit.o(.ARM.Collect$$libinit$$00000000)
    .ARM.Collect$$libinit$$00000001          0x000002e2   Section        4  libinit2.o(.ARM.Collect$$libinit$$00000001)
    .ARM.Collect$$libinit$$00000004          0x000002e6   Section        0  libinit2.o(.ARM.Collect$$libinit$$00000004)
    .ARM.Collect$$libinit$$0000000A          0x000002e6   Section        0  libinit2.o(.ARM.Collect$$libinit$$0000000A)
    .ARM.Collect$$libinit$$0000000C          0x000002e6   Section        0  libinit2.o(.ARM.Collect$$libinit$$0000000C)
    .ARM.Collect$$libinit$$0000000E          0x000002e6   Section        0  libinit2.o(.ARM.Collect$$libinit$$0000000E)
    .ARM.Collect$$libinit$$00000011          0x000002e6   Section        0  libinit2.o(.ARM.Collect$$libinit$$00000011)
    .ARM.Collect$$libinit$$00000013          0x000002e6   Section        0  libinit2.o(.ARM.Collect$$libinit$$00000013)
    .ARM.Collect$$libinit$$00000015          0x000002e6   Section        0  libinit2.o(.ARM.Collect$$libinit$$00000015)
    .ARM.Collect$$libinit$$00000017          0x000002e6   Section        0  libinit2.o(.ARM.Collect$$libinit$$00000017)
    .ARM.Collect$$libinit$$00000019          0x000002e6   Section        0  libinit2.o(.ARM.Collect$$libinit$$00000019)
    .ARM.Collect$$libinit$$0000001B          0x000002e6   Section        0  libinit2.o(.ARM.Collect$$libinit$$0000001B)
    .ARM.Collect$$libinit$$0000001D          0x000002e6   Section        0  libinit2.o(.ARM.Collect$$libinit$$0000001D)
    .ARM.Collect$$libinit$$0000001F          0x000002e6   Section        0  libinit2.o(.ARM.Collect$$libinit$$0000001F)
    .ARM.Collect$$libinit$$00000021          0x000002e6   Section        0  libinit2.o(.ARM.Collect$$libinit$$00000021)
    .ARM.Collect$$libinit$$00000023          0x000002e6   Section        0  libinit2.o(.ARM.Collect$$libinit$$00000023)
    .ARM.Collect$$libinit$$00000025          0x000002e6   Section        0  libinit2.o(.ARM.Collect$$libinit$$00000025)
    .ARM.Collect$$libinit$$0000002C          0x000002e6   Section        0  libinit2.o(.ARM.Collect$$libinit$$0000002C)
    .ARM.Collect$$libinit$$0000002E          0x000002e6   Section        0  libinit2.o(.ARM.Collect$$libinit$$0000002E)
    .ARM.Collect$$libinit$$00000030          0x000002e6   Section        0  libinit2.o(.ARM.Collect$$libinit$$00000030)
    .ARM.Collect$$libinit$$00000032          0x000002e6   Section        0  libinit2.o(.ARM.Collect$$libinit$$00000032)
    .ARM.Collect$$libinit$$00000033          0x000002e6   Section        2  libinit2.o(.ARM.Collect$$libinit$$00000033)
    .ARM.Collect$$libshutdown$$00000000      0x000002e8   Section        2  libshutdown.o(.ARM.Collect$$libshutdown$$00000000)
    .ARM.Collect$$libshutdown$$00000002      0x000002ea   Section        0  libshutdown2.o(.ARM.Collect$$libshutdown$$00000002)
    .ARM.Collect$$libshutdown$$00000004      0x000002ea   Section        0  libshutdown2.o(.ARM.Collect$$libshutdown$$00000004)
    .ARM.Collect$$libshutdown$$00000007      0x000002ea   Section        0  libshutdown2.o(.ARM.Collect$$libshutdown$$00000007)
    .ARM.Collect$$libshutdown$$0000000A      0x000002ea   Section        0  libshutdown2.o(.ARM.Collect$$libshutdown$$0000000A)
    .ARM.Collect$$libshutdown$$0000000C      0x000002ea   Section        0  libshutdown2.o(.ARM.Collect$$libshutdown$$0000000C)
    .ARM.Collect$$libshutdown$$0000000F      0x000002ea   Section        0  libshutdown2.o(.ARM.Collect$$libshutdown$$0000000F)
    .ARM.Collect$$libshutdown$$00000010      0x000002ea   Section        2  libshutdown2.o(.ARM.Collect$$libshutdown$$00000010)
    .ARM.Collect$$rtentry$$00000000          0x000002ec   Section        0  __rtentry.o(.ARM.Collect$$rtentry$$00000000)
    .ARM.Collect$$rtentry$$00000002          0x000002ec   Section        0  __rtentry2.o(.ARM.Collect$$rtentry$$00000002)
    .ARM.Collect$$rtentry$$00000004          0x000002ec   Section        6  __rtentry4.o(.ARM.Collect$$rtentry$$00000004)
    .ARM.Collect$$rtentry$$00000009          0x000002f2   Section        0  __rtentry2.o(.ARM.Collect$$rtentry$$00000009)
    .ARM.Collect$$rtentry$$0000000A          0x000002f2   Section        4  __rtentry2.o(.ARM.Collect$$rtentry$$0000000A)
    .ARM.Collect$$rtentry$$0000000C          0x000002f6   Section        0  __rtentry2.o(.ARM.Collect$$rtentry$$0000000C)
    .ARM.Collect$$rtentry$$0000000D          0x000002f6   Section        8  __rtentry2.o(.ARM.Collect$$rtentry$$0000000D)
    .ARM.Collect$$rtexit$$00000000           0x000002fe   Section        2  rtexit.o(.ARM.Collect$$rtexit$$00000000)
    .ARM.Collect$$rtexit$$00000002           0x00000300   Section        0  rtexit2.o(.ARM.Collect$$rtexit$$00000002)
    .ARM.Collect$$rtexit$$00000003           0x00000300   Section        4  rtexit2.o(.ARM.Collect$$rtexit$$00000003)
    .ARM.Collect$$rtexit$$00000004           0x00000304   Section        6  rtexit2.o(.ARM.Collect$$rtexit$$00000004)
    .text                                    0x0000030c   Section      276  startup_tm4c123.o(.text)
    $v0                                      0x0000030c   Number         0  startup_tm4c123.o(.text)
    .text                                    0x00000420   Section        0  heapauxi.o(.text)
    .text                                    0x00000426   Section       74  sys_stackheap_outer.o(.text)
    .text                                    0x00000470   Section        0  exit.o(.text)
    .text                                    0x00000484   Section        8  libspace.o(.text)
    .text                                    0x0000048c   Section        0  sys_exit.o(.text)
    .text                                    0x00000498   Section        2  use_no_semi.o(.text)
    .text                                    0x0000049a   Section        0  indicate_semi.o(.text)
    i.GPIO_PinInit                           0x0000049c   Section        0  tm4c123io.o(i.GPIO_PinInit)
    i.GPIO_PinOut                            0x00001a14   Section        0  tm4c123io.o(i.GPIO_PinOut)
    i.GPIO_PortInit                          0x000020b0   Section        0  tm4c123io.o(i.GPIO_PortInit)
    i.HC05_init                              0x00002424   Section        0  bluetooth.o(i.HC05_init)
    i.LCD_Clr                                0x00002468   Section        0  lcd.o(i.LCD_Clr)
    i.LCD_Enable                             0x00002490   Section        0  lcd.o(i.LCD_Enable)
    LCD_Enable                               0x00002491   Thumb Code    46  lcd.o(i.LCD_Enable)
    i.LCD_GoToXY                             0x000024c8   Section        0  lcd.o(i.LCD_GoToXY)
    i.LCD_Init                               0x00002514   Section        0  lcd.o(i.LCD_Init)
    i.LCD_SendChr                            0x00002538   Section        0  lcd.o(i.LCD_SendChr)
    i.LCD_SendCmd                            0x00002598   Section        0  lcd.o(i.LCD_SendCmd)
    i.LCD_SendStr                            0x000025f0   Section        0  lcd.o(i.LCD_SendStr)
    i.LCD_SendStrMid                         0x00002660   Section        0  lcd.o(i.LCD_SendStrMid)
    i.LCD_SetDis                             0x000026cc   Section        0  lcd.o(i.LCD_SetDis)
    i.LCD_SetInterface                       0x0000272e   Section        0  lcd.o(i.LCD_SetInterface)
    i.PLL_init                               0x000027b0   Section        0  clock.o(i.PLL_init)
    i.RGB_Init                               0x00002864   Section        0  rgb.o(i.RGB_Init)
    i.RGB_Out                                0x000028be   Section        0  rgb.o(i.RGB_Out)
    i.SystemInit                             0x0000293c   Section        0  system_tm4c123.o(i.SystemInit)
    i.UART_GetChar                           0x00002950   Section        0  uart.o(i.UART_GetChar)
    i.UART_GetStrRcNl                        0x00002a38   Section        0  uart.o(i.UART_GetStrRcNl)
    i.Uart_Init                              0x00002b60   Section        0  uart.o(i.Uart_Init)
    i.Uart_SendChar                          0x00006310   Section        0  uart.o(i.Uart_SendChar)
    i.Uart_SendStrRcNl                       0x000063cc   Section        0  uart.o(i.Uart_SendStrRcNl)
    i.calculator                             0x000063fc   Section        0  calc.o(i.calculator)
    i.charSearch                             0x00006500   Section        0  strfuncs.o(i.charSearch)
    i.convDoubleToBinStr                     0x00006540   Section        0  strfuncs.o(i.convDoubleToBinStr)
    i.convDoubleToHexStr                     0x0000667c   Section        0  strfuncs.o(i.convDoubleToHexStr)
    i.delChar                                0x000067c8   Section        0  strfuncs.o(i.delChar)
    i.delDoubleElement                       0x000067ea   Section        0  array.o(i.delDoubleElement)
    i.delStr                                 0x0000680e   Section        0  strfuncs.o(i.delStr)
    i.extractFnums                           0x00006850   Section        0  calc.o(i.extractFnums)
    i.extractOpers                           0x00006918   Section        0  calc.o(i.extractOpers)
    i.floatToStr                             0x00006bf4   Section        0  strfuncs.o(i.floatToStr)
    i.getPower                               0x00006d90   Section        0  math.o(i.getPower)
    i.getStrIndex                            0x00006da2   Section        0  strfuncs.o(i.getStrIndex)
    i.handleAns                              0x00006df8   Section        0  calc.o(i.handleAns)
    i.handleParenthesis                      0x00006ebc   Section        0  calc.o(i.handleParenthesis)
    i.insertChar                             0x00006fc0   Section        0  strfuncs.o(i.insertChar)
    i.insertStr                              0x00006fe8   Section        0  strfuncs.o(i.insertStr)
    i.intToStr                               0x0000701c   Section        0  strfuncs.o(i.intToStr)
    i.isBaudRateValid                        0x000070b0   Section        0  uart.o(i.isBaudRateValid)
    isBaudRateValid                          0x000070b1   Thumb Code    46  uart.o(i.isBaudRateValid)
    i.isCharSizeVaild                        0x000070de   Section        0  uart.o(i.isCharSizeVaild)
    isCharSizeVaild                          0x000070df   Thumb Code    18  uart.o(i.isCharSizeVaild)
    i.isFloat                                0x000070f0   Section        0  calc.o(i.isFloat)
    i.isOperator                             0x00007170   Section        0  calc.o(i.isOperator)
    i.isUnary                                0x000071cc   Section        0  calc.o(i.isUnary)
    i.main                                   0x00007218   Section        0  source.o(i.main)
    i.msDelay                                0x0000740c   Section        0  systick.o(i.msDelay)
    i.printTerm                              0x0000745c   Section        0  uart.o(i.printTerm)
    i.rearrange                              0x0000746a   Section        0  strfuncs.o(i.rearrange)
    i.remStrSpace                            0x000074b4   Section        0  strfuncs.o(i.remStrSpace)
    i.searchBefore                           0x000074d8   Section        0  strfuncs.o(i.searchBefore)
    i.strCalc                                0x000074f0   Section        0  calc.o(i.strCalc)
    i.strCopy                                0x000081c0   Section        0  strfuncs.o(i.strCopy)
    i.strIsContain                           0x000081d8   Section        0  strfuncs.o(i.strIsContain)
    i.strIsContainCh                         0x00008222   Section        0  strfuncs.o(i.strIsContainCh)
    i.strLen                                 0x00008246   Section        0  strfuncs.o(i.strLen)
    i.strOptimize                            0x00008258   Section        0  calc.o(i.strOptimize)
    i.strRules                               0x000083a0   Section        0  calc.o(i.strRules)
    i.strToFloat                             0x00008790   Section        0  strfuncs.o(i.strToFloat)
    i.typeConverstionandle                   0x000088f0   Section        0  calc.o(i.typeConverstionandle)
    i.usDelay                                0x000089f8   Section        0  systick.o(i.usDelay)
    x$fpl$d2f                                0x00008a4c   Section       98  d2f.o(x$fpl$d2f)
    $v0                                      0x00008a4c   Number         0  d2f.o(x$fpl$d2f)
    x$fpl$dadd                               0x00008ab0   Section      336  daddsub_clz.o(x$fpl$dadd)
    $v0                                      0x00008ab0   Number         0  daddsub_clz.o(x$fpl$dadd)
    _dadd1                                   0x00008ac1   Thumb Code     0  daddsub_clz.o(x$fpl$dadd)
    x$fpl$dcmpinf                            0x00008c00   Section       24  dcmpi.o(x$fpl$dcmpinf)
    $v0                                      0x00008c00   Number         0  dcmpi.o(x$fpl$dcmpinf)
    x$fpl$ddiv                               0x00008c18   Section      688  ddiv.o(x$fpl$ddiv)
    $v0                                      0x00008c18   Number         0  ddiv.o(x$fpl$ddiv)
    ddiv_entry                               0x00008c1f   Thumb Code     0  ddiv.o(x$fpl$ddiv)
    x$fpl$deqf                               0x00008ec8   Section      120  deqf.o(x$fpl$deqf)
    $v0                                      0x00008ec8   Number         0  deqf.o(x$fpl$deqf)
    x$fpl$dfix                               0x00008f40   Section       94  dfix.o(x$fpl$dfix)
    $v0                                      0x00008f40   Number         0  dfix.o(x$fpl$dfix)
    x$fpl$dfixu                              0x00008fa0   Section       90  dfixu.o(x$fpl$dfixu)
    $v0                                      0x00008fa0   Number         0  dfixu.o(x$fpl$dfixu)
    x$fpl$dflt                               0x00008ffa   Section       46  dflt_clz.o(x$fpl$dflt)
    $v0                                      0x00008ffa   Number         0  dflt_clz.o(x$fpl$dflt)
    x$fpl$dfltu                              0x00009028   Section       38  dflt_clz.o(x$fpl$dfltu)
    $v0                                      0x00009028   Number         0  dflt_clz.o(x$fpl$dfltu)
    x$fpl$dleqf                              0x00009050   Section      120  dleqf.o(x$fpl$dleqf)
    $v0                                      0x00009050   Number         0  dleqf.o(x$fpl$dleqf)
    x$fpl$dmul                               0x000090c8   Section      340  dmul.o(x$fpl$dmul)
    $v0                                      0x000090c8   Number         0  dmul.o(x$fpl$dmul)
    x$fpl$dnaninf                            0x0000921c   Section      156  dnaninf.o(x$fpl$dnaninf)
    $v0                                      0x0000921c   Number         0  dnaninf.o(x$fpl$dnaninf)
    x$fpl$dretinf                            0x000092b8   Section       12  dretinf.o(x$fpl$dretinf)
    $v0                                      0x000092b8   Number         0  dretinf.o(x$fpl$dretinf)
    x$fpl$drleqf                             0x000092c4   Section      108  drleqf.o(x$fpl$drleqf)
    $v0                                      0x000092c4   Number         0  drleqf.o(x$fpl$drleqf)
    x$fpl$drsb                               0x00009330   Section       22  daddsub_clz.o(x$fpl$drsb)
    $v0                                      0x00009330   Number         0  daddsub_clz.o(x$fpl$drsb)
    x$fpl$dsub                               0x00009348   Section      468  daddsub_clz.o(x$fpl$dsub)
    $v0                                      0x00009348   Number         0  daddsub_clz.o(x$fpl$dsub)
    _dsub1                                   0x00009359   Thumb Code     0  daddsub_clz.o(x$fpl$dsub)
    x$fpl$f2d                                0x0000951c   Section       86  f2d.o(x$fpl$f2d)
    $v0                                      0x0000951c   Number         0  f2d.o(x$fpl$f2d)
    x$fpl$fnaninf                            0x00009572   Section      140  fnaninf.o(x$fpl$fnaninf)
    $v0                                      0x00009572   Number         0  fnaninf.o(x$fpl$fnaninf)
    x$fpl$fpinit                             0x000095fe   Section       10  fpinit.o(x$fpl$fpinit)
    $v0                                      0x000095fe   Number         0  fpinit.o(x$fpl$fpinit)
    x$fpl$fretinf                            0x00009608   Section       10  fretinf.o(x$fpl$fretinf)
    $v0                                      0x00009608   Number         0  fretinf.o(x$fpl$fretinf)
    x$fpl$usenofp                            0x00009612   Section        0  usenofp.o(x$fpl$usenofp)
    .data                                    0x20000000   Section       20  source.o(.data)
    .data                                    0x20000014   Section       38  calc.o(.data)
    class0                                   0x20000014   Data           5  calc.o(.data)
    class1                                   0x20000019   Data           4  calc.o(.data)
    class2                                   0x2000001d   Data           3  calc.o(.data)
    class3                                   0x20000020   Data           3  calc.o(.data)
    class4                                   0x20000023   Data           4  calc.o(.data)
    class5                                   0x20000027   Data           2  calc.o(.data)
    prev                                     0x20000039   Data           1  calc.o(.data)
    .data                                    0x2000003c   Section        5  lcd.o(.data)
    pos                                      0x2000003c   Data           4  lcd.o(.data)
    line                                     0x20000040   Data           1  lcd.o(.data)
    .bss                                     0x20000048   Section      160  calc.o(.bss)
    nums                                     0x20000048   Data         160  calc.o(.bss)
    .bss                                     0x200000e8   Section       80  strfuncs.o(.bss)
    str                                      0x200000e8   Data          20  strfuncs.o(.bss)
    str                                      0x200000fc   Data          20  strfuncs.o(.bss)
    str                                      0x20000110   Data          20  strfuncs.o(.bss)
    str                                      0x20000124   Data          20  strfuncs.o(.bss)
    .bss                                     0x20000138   Section       96  libspace.o(.bss)
    HEAP                                     0x20000198   Section        0  startup_tm4c123.o(HEAP)
    STACK                                    0x20000198   Section      512  startup_tm4c123.o(STACK)
    Heap_Mem                                 0x20000198   Data           0  startup_tm4c123.o(HEAP)
    Stack_Mem                                0x20000198   Data         512  startup_tm4c123.o(STACK)
    __initial_sp                             0x20000398   Data           0  startup_tm4c123.o(STACK)

    Global Symbols

    Symbol Name                              Value     Ov Type        Size  Object(Section)

    BuildAttributes$$THM_ISAv4$E$P$D$K$B$S$7EM$VFPi3$EXTD16$VFPS$VFMA$PE$A:L22UL41UL21$X:L11$S22US41US21$IEEE1$IW$USESV6$~STKCKD$USESV7$ENUMINT$~SHL$OSPACE$ROPI$EBA8$UX$STANDARDLIB$REQ8$PRES8$EABIv2 0x00000000   Number         0  anon$$obj.o ABSOLUTE
    __ARM_use_no_argv                        0x00000000   Number         0  source.o ABSOLUTE
    __Vectors                                0x00000000   Data           4  startup_tm4c123.o(RESET)
    __ARM_exceptions_init                     - Undefined Weak Reference
    __alloca_initialize                       - Undefined Weak Reference
    __arm_preinit_                            - Undefined Weak Reference
    __cpp_initialize__aeabi_                  - Undefined Weak Reference
    __cxa_finalize                            - Undefined Weak Reference
    __rt_locale                               - Undefined Weak Reference
    __sigvec_lookup                           - Undefined Weak Reference
    _atexit_init                              - Undefined Weak Reference
    _call_atexit_fns                          - Undefined Weak Reference
    _clock_init                               - Undefined Weak Reference
    _fp_trap_init                             - Undefined Weak Reference
    _fp_trap_shutdown                         - Undefined Weak Reference
    _get_lc_collate                           - Undefined Weak Reference
    _get_lc_ctype                             - Undefined Weak Reference
    _get_lc_monetary                          - Undefined Weak Reference
    _get_lc_numeric                           - Undefined Weak Reference
    _get_lc_time                              - Undefined Weak Reference
    _getenv_init                              - Undefined Weak Reference
    _handle_redirection                       - Undefined Weak Reference
    _init_alloc                               - Undefined Weak Reference
    _init_user_alloc                          - Undefined Weak Reference
    _initio                                   - Undefined Weak Reference
    _rand_init                                - Undefined Weak Reference
    _signal_finish                            - Undefined Weak Reference
    _signal_init                              - Undefined Weak Reference
    _terminate_alloc                          - Undefined Weak Reference
    _terminate_user_alloc                     - Undefined Weak Reference
    _terminateio                              - Undefined Weak Reference
    __Vectors_End                            0x0000026c   Data           0  startup_tm4c123.o(RESET)
    __Vectors_Size                           0x0000026c   Number         0  startup_tm4c123.o ABSOLUTE
    __main                                   0x0000026d   Thumb Code     8  __main.o(!!!main)
    __scatterload                            0x00000275   Thumb Code     0  __scatter.o(!!!scatter)
    __scatterload_rt2                        0x00000275   Thumb Code    44  __scatter.o(!!!scatter)
    __scatterload_rt2_thumb_only             0x00000275   Thumb Code     0  __scatter.o(!!!scatter)
    __scatterload_null                       0x00000283   Thumb Code     0  __scatter.o(!!!scatter)
    __scatterload_copy                       0x000002a9   Thumb Code    26  __scatter_copy.o(!!handler_copy)
    __scatterload_zeroinit                   0x000002c5   Thumb Code    28  __scatter_zi.o(!!handler_zi)
    __rt_lib_init                            0x000002e1   Thumb Code     0  libinit.o(.ARM.Collect$$libinit$$00000000)
    __rt_lib_init_fp_1                       0x000002e3   Thumb Code     0  libinit2.o(.ARM.Collect$$libinit$$00000001)
    __rt_lib_init_alloca_1                   0x000002e7   Thumb Code     0  libinit2.o(.ARM.Collect$$libinit$$0000002E)
    __rt_lib_init_argv_1                     0x000002e7   Thumb Code     0  libinit2.o(.ARM.Collect$$libinit$$0000002C)
    __rt_lib_init_atexit_1                   0x000002e7   Thumb Code     0  libinit2.o(.ARM.Collect$$libinit$$0000001B)
    __rt_lib_init_clock_1                    0x000002e7   Thumb Code     0  libinit2.o(.ARM.Collect$$libinit$$00000021)
    __rt_lib_init_cpp_1                      0x000002e7   Thumb Code     0  libinit2.o(.ARM.Collect$$libinit$$00000032)
    __rt_lib_init_exceptions_1               0x000002e7   Thumb Code     0  libinit2.o(.ARM.Collect$$libinit$$00000030)
    __rt_lib_init_fp_trap_1                  0x000002e7   Thumb Code     0  libinit2.o(.ARM.Collect$$libinit$$0000001F)
    __rt_lib_init_getenv_1                   0x000002e7   Thumb Code     0  libinit2.o(.ARM.Collect$$libinit$$00000023)
    __rt_lib_init_heap_1                     0x000002e7   Thumb Code     0  libinit2.o(.ARM.Collect$$libinit$$0000000A)
    __rt_lib_init_lc_collate_1               0x000002e7   Thumb Code     0  libinit2.o(.ARM.Collect$$libinit$$00000011)
    __rt_lib_init_lc_ctype_1                 0x000002e7   Thumb Code     0  libinit2.o(.ARM.Collect$$libinit$$00000013)
    __rt_lib_init_lc_monetary_1              0x000002e7   Thumb Code     0  libinit2.o(.ARM.Collect$$libinit$$00000015)
    __rt_lib_init_lc_numeric_1               0x000002e7   Thumb Code     0  libinit2.o(.ARM.Collect$$libinit$$00000017)
    __rt_lib_init_lc_time_1                  0x000002e7   Thumb Code     0  libinit2.o(.ARM.Collect$$libinit$$00000019)
    __rt_lib_init_preinit_1                  0x000002e7   Thumb Code     0  libinit2.o(.ARM.Collect$$libinit$$00000004)
    __rt_lib_init_rand_1                     0x000002e7   Thumb Code     0  libinit2.o(.ARM.Collect$$libinit$$0000000E)
    __rt_lib_init_return                     0x000002e7   Thumb Code     0  libinit2.o(.ARM.Collect$$libinit$$00000033)
    __rt_lib_init_signal_1                   0x000002e7   Thumb Code     0  libinit2.o(.ARM.Collect$$libinit$$0000001D)
    __rt_lib_init_stdio_1                    0x000002e7   Thumb Code     0  libinit2.o(.ARM.Collect$$libinit$$00000025)
    __rt_lib_init_user_alloc_1               0x000002e7   Thumb Code     0  libinit2.o(.ARM.Collect$$libinit$$0000000C)
    __rt_lib_shutdown                        0x000002e9   Thumb Code     0  libshutdown.o(.ARM.Collect$$libshutdown$$00000000)
    __rt_lib_shutdown_cpp_1                  0x000002eb   Thumb Code     0  libshutdown2.o(.ARM.Collect$$libshutdown$$00000002)
    __rt_lib_shutdown_fp_trap_1              0x000002eb   Thumb Code     0  libshutdown2.o(.ARM.Collect$$libshutdown$$00000007)
    __rt_lib_shutdown_heap_1                 0x000002eb   Thumb Code     0  libshutdown2.o(.ARM.Collect$$libshutdown$$0000000F)
    __rt_lib_shutdown_return                 0x000002eb   Thumb Code     0  libshutdown2.o(.ARM.Collect$$libshutdown$$00000010)
    __rt_lib_shutdown_signal_1               0x000002eb   Thumb Code     0  libshutdown2.o(.ARM.Collect$$libshutdown$$0000000A)
    __rt_lib_shutdown_stdio_1                0x000002eb   Thumb Code     0  libshutdown2.o(.ARM.Collect$$libshutdown$$00000004)
    __rt_lib_shutdown_user_alloc_1           0x000002eb   Thumb Code     0  libshutdown2.o(.ARM.Collect$$libshutdown$$0000000C)
    __rt_entry                               0x000002ed   Thumb Code     0  __rtentry.o(.ARM.Collect$$rtentry$$00000000)
    __rt_entry_presh_1                       0x000002ed   Thumb Code     0  __rtentry2.o(.ARM.Collect$$rtentry$$00000002)
    __rt_entry_sh                            0x000002ed   Thumb Code     0  __rtentry4.o(.ARM.Collect$$rtentry$$00000004)
    __rt_entry_li                            0x000002f3   Thumb Code     0  __rtentry2.o(.ARM.Collect$$rtentry$$0000000A)
    __rt_entry_postsh_1                      0x000002f3   Thumb Code     0  __rtentry2.o(.ARM.Collect$$rtentry$$00000009)
    __rt_entry_main                          0x000002f7   Thumb Code     0  __rtentry2.o(.ARM.Collect$$rtentry$$0000000D)
    __rt_entry_postli_1                      0x000002f7   Thumb Code     0  __rtentry2.o(.ARM.Collect$$rtentry$$0000000C)
    __rt_exit                                0x000002ff   Thumb Code     0  rtexit.o(.ARM.Collect$$rtexit$$00000000)
    __rt_exit_ls                             0x00000301   Thumb Code     0  rtexit2.o(.ARM.Collect$$rtexit$$00000003)
    __rt_exit_prels_1                        0x00000301   Thumb Code     0  rtexit2.o(.ARM.Collect$$rtexit$$00000002)
    __rt_exit_exit                           0x00000305   Thumb Code     0  rtexit2.o(.ARM.Collect$$rtexit$$00000004)
    Reset_Handler                            0x0000030d   Thumb Code     8  startup_tm4c123.o(.text)
    NMI_Handler                              0x00000315   Thumb Code     2  startup_tm4c123.o(.text)
    HardFault_Handler                        0x00000317   Thumb Code     2  startup_tm4c123.o(.text)
    MemManage_Handler                        0x00000319   Thumb Code     2  startup_tm4c123.o(.text)
    BusFault_Handler                         0x0000031b   Thumb Code     2  startup_tm4c123.o(.text)
    UsageFault_Handler                       0x0000031d   Thumb Code     2  startup_tm4c123.o(.text)
    SVC_Handler                              0x0000031f   Thumb Code     2  startup_tm4c123.o(.text)
    DebugMon_Handler                         0x00000321   Thumb Code     2  startup_tm4c123.o(.text)
    PendSV_Handler                           0x00000323   Thumb Code     2  startup_tm4c123.o(.text)
    SysTick_Handler                          0x00000325   Thumb Code     2  startup_tm4c123.o(.text)
    GPIOA_Handler                            0x00000327   Thumb Code     2  startup_tm4c123.o(.text)
    GPIOB_Handler                            0x00000329   Thumb Code     2  startup_tm4c123.o(.text)
    GPIOC_Handler                            0x0000032b   Thumb Code     2  startup_tm4c123.o(.text)
    GPIOD_Handler                            0x0000032d   Thumb Code     2  startup_tm4c123.o(.text)
    GPIOE_Handler                            0x0000032f   Thumb Code     2  startup_tm4c123.o(.text)
    UART0_Handler                            0x00000331   Thumb Code     2  startup_tm4c123.o(.text)
    UART1_Handler                            0x00000333   Thumb Code     2  startup_tm4c123.o(.text)
    SSI0_Handler                             0x00000335   Thumb Code     2  startup_tm4c123.o(.text)
    I2C0_Handler                             0x00000337   Thumb Code     2  startup_tm4c123.o(.text)
    PMW0_FAULT_Handler                       0x00000339   Thumb Code     2  startup_tm4c123.o(.text)
    PWM0_0_Handler                           0x0000033b   Thumb Code     2  startup_tm4c123.o(.text)
    PWM0_1_Handler                           0x0000033d   Thumb Code     2  startup_tm4c123.o(.text)
    PWM0_2_Handler                           0x0000033f   Thumb Code     2  startup_tm4c123.o(.text)
    QEI0_Handler                             0x00000341   Thumb Code     2  startup_tm4c123.o(.text)
    ADC0SS0_Handler                          0x00000343   Thumb Code     2  startup_tm4c123.o(.text)
    ADC0SS1_Handler                          0x00000345   Thumb Code     2  startup_tm4c123.o(.text)
    ADC0SS2_Handler                          0x00000347   Thumb Code     2  startup_tm4c123.o(.text)
    ADC0SS3_Handler                          0x00000349   Thumb Code     2  startup_tm4c123.o(.text)
    WDT0_Handler                             0x0000034b   Thumb Code     2  startup_tm4c123.o(.text)
    TIMER0A_Handler                          0x0000034d   Thumb Code     2  startup_tm4c123.o(.text)
    TIMER0B_Handler                          0x0000034f   Thumb Code     2  startup_tm4c123.o(.text)
    TIMER1A_Handler                          0x00000351   Thumb Code     2  startup_tm4c123.o(.text)
    TIMER1B_Handler                          0x00000353   Thumb Code     2  startup_tm4c123.o(.text)
    TIMER2A_Handler                          0x00000355   Thumb Code     2  startup_tm4c123.o(.text)
    TIMER2B_Handler                          0x00000357   Thumb Code     2  startup_tm4c123.o(.text)
    COMP0_Handler                            0x00000359   Thumb Code     2  startup_tm4c123.o(.text)
    COMP1_Handler                            0x0000035b   Thumb Code     2  startup_tm4c123.o(.text)
    COMP2_Handler                            0x0000035d   Thumb Code     2  startup_tm4c123.o(.text)
    SYSCTL_Handler                           0x0000035f   Thumb Code     2  startup_tm4c123.o(.text)
    FLASH_Handler                            0x00000361   Thumb Code     2  startup_tm4c123.o(.text)
    GPIOF_Handler                            0x00000363   Thumb Code     2  startup_tm4c123.o(.text)
    GPIOG_Handler                            0x00000365   Thumb Code     2  startup_tm4c123.o(.text)
    GPIOH_Handler                            0x00000367   Thumb Code     2  startup_tm4c123.o(.text)
    UART2_Handler                            0x00000369   Thumb Code     2  startup_tm4c123.o(.text)
    SSI1_Handler                             0x0000036b   Thumb Code     2  startup_tm4c123.o(.text)
    TIMER3A_Handler                          0x0000036d   Thumb Code     2  startup_tm4c123.o(.text)
    TIMER3B_Handler                          0x0000036f   Thumb Code     2  startup_tm4c123.o(.text)
    I2C1_Handler                             0x00000371   Thumb Code     2  startup_tm4c123.o(.text)
    QEI1_Handler                             0x00000373   Thumb Code     2  startup_tm4c123.o(.text)
    CAN0_Handler                             0x00000375   Thumb Code     2  startup_tm4c123.o(.text)
    CAN1_Handler                             0x00000377   Thumb Code     2  startup_tm4c123.o(.text)
    CAN2_Handler                             0x00000379   Thumb Code     2  startup_tm4c123.o(.text)
    HIB_Handler                              0x0000037b   Thumb Code     2  startup_tm4c123.o(.text)
    USB0_Handler                             0x0000037d   Thumb Code     2  startup_tm4c123.o(.text)
    PWM0_3_Handler                           0x0000037f   Thumb Code     2  startup_tm4c123.o(.text)
    UDMA_Handler                             0x00000381   Thumb Code     2  startup_tm4c123.o(.text)
    UDMAERR_Handler                          0x00000383   Thumb Code     2  startup_tm4c123.o(.text)
    ADC1SS0_Handler                          0x00000385   Thumb Code     2  startup_tm4c123.o(.text)
    ADC1SS1_Handler                          0x00000387   Thumb Code     2  startup_tm4c123.o(.text)
    ADC1SS2_Handler                          0x00000389   Thumb Code     2  startup_tm4c123.o(.text)
    ADC1SS3_Handler                          0x0000038b   Thumb Code     2  startup_tm4c123.o(.text)
    GPIOJ_Handler                            0x0000038d   Thumb Code     2  startup_tm4c123.o(.text)
    GPIOK_Handler                            0x0000038f   Thumb Code     2  startup_tm4c123.o(.text)
    GPIOL_Handler                            0x00000391   Thumb Code     2  startup_tm4c123.o(.text)
    SSI2_Handler                             0x00000393   Thumb Code     2  startup_tm4c123.o(.text)
    SSI3_Handler                             0x00000395   Thumb Code     2  startup_tm4c123.o(.text)
    UART3_Handler                            0x00000397   Thumb Code     2  startup_tm4c123.o(.text)
    UART4_Handler                            0x00000399   Thumb Code     2  startup_tm4c123.o(.text)
    UART5_Handler                            0x0000039b   Thumb Code     2  startup_tm4c123.o(.text)
    UART6_Handler                            0x0000039d   Thumb Code     2  startup_tm4c123.o(.text)
    UART7_Handler                            0x0000039f   Thumb Code     2  startup_tm4c123.o(.text)
    I2C2_Handler                             0x000003a1   Thumb Code     2  startup_tm4c123.o(.text)
    I2C3_Handler                             0x000003a3   Thumb Code     2  startup_tm4c123.o(.text)
    TIMER4A_Handler                          0x000003a5   Thumb Code     2  startup_tm4c123.o(.text)
    TIMER4B_Handler                          0x000003a7   Thumb Code     2  startup_tm4c123.o(.text)
    TIMER5A_Handler                          0x000003a9   Thumb Code     2  startup_tm4c123.o(.text)
    TIMER5B_Handler                          0x000003ab   Thumb Code     2  startup_tm4c123.o(.text)
    WTIMER0A_Handler                         0x000003ad   Thumb Code     2  startup_tm4c123.o(.text)
    WTIMER0B_Handler                         0x000003af   Thumb Code     2  startup_tm4c123.o(.text)
    WTIMER1A_Handler                         0x000003b1   Thumb Code     2  startup_tm4c123.o(.text)
    WTIMER1B_Handler                         0x000003b3   Thumb Code     2  startup_tm4c123.o(.text)
    WTIMER2A_Handler                         0x000003b5   Thumb Code     2  startup_tm4c123.o(.text)
    WTIMER2B_Handler                         0x000003b7   Thumb Code     2  startup_tm4c123.o(.text)
    WTIMER3A_Handler                         0x000003b9   Thumb Code     2  startup_tm4c123.o(.text)
    WTIMER3B_Handler                         0x000003bb   Thumb Code     2  startup_tm4c123.o(.text)
    WTIMER4A_Handler                         0x000003bd   Thumb Code     2  startup_tm4c123.o(.text)
    WTIMER4B_Handler                         0x000003bf   Thumb Code     2  startup_tm4c123.o(.text)
    WTIMER5A_Handler                         0x000003c1   Thumb Code     2  startup_tm4c123.o(.text)
    WTIMER5B_Handler                         0x000003c3   Thumb Code     2  startup_tm4c123.o(.text)
    FPU_Handler                              0x000003c5   Thumb Code     2  startup_tm4c123.o(.text)
    I2C4_Handler                             0x000003c7   Thumb Code     2  startup_tm4c123.o(.text)
    I2C5_Handler                             0x000003c9   Thumb Code     2  startup_tm4c123.o(.text)
    GPIOM_Handler                            0x000003cb   Thumb Code     2  startup_tm4c123.o(.text)
    GPION_Handler                            0x000003cd   Thumb Code     2  startup_tm4c123.o(.text)
    QEI2_Handler                             0x000003cf   Thumb Code     2  startup_tm4c123.o(.text)
    GPIOP0_Handler                           0x000003d1   Thumb Code     2  startup_tm4c123.o(.text)
    GPIOP1_Handler                           0x000003d3   Thumb Code     2  startup_tm4c123.o(.text)
    GPIOP2_Handler                           0x000003d5   Thumb Code     2  startup_tm4c123.o(.text)
    GPIOP3_Handler                           0x000003d7   Thumb Code     2  startup_tm4c123.o(.text)
    GPIOP4_Handler                           0x000003d9   Thumb Code     2  startup_tm4c123.o(.text)
    GPIOP5_Handler                           0x000003db   Thumb Code     2  startup_tm4c123.o(.text)
    GPIOP6_Handler                           0x000003dd   Thumb Code     2  startup_tm4c123.o(.text)
    GPIOP7_Handler                           0x000003df   Thumb Code     2  startup_tm4c123.o(.text)
    GPIOQ0_Handler                           0x000003e1   Thumb Code     2  startup_tm4c123.o(.text)
    GPIOQ1_Handler                           0x000003e3   Thumb Code     2  startup_tm4c123.o(.text)
    GPIOQ2_Handler                           0x000003e5   Thumb Code     2  startup_tm4c123.o(.text)
    GPIOQ3_Handler                           0x000003e7   Thumb Code     2  startup_tm4c123.o(.text)
    GPIOQ4_Handler                           0x000003e9   Thumb Code     2  startup_tm4c123.o(.text)
    GPIOQ5_Handler                           0x000003eb   Thumb Code     2  startup_tm4c123.o(.text)
    GPIOQ6_Handler                           0x000003ed   Thumb Code     2  startup_tm4c123.o(.text)
    GPIOQ7_Handler                           0x000003ef   Thumb Code     2  startup_tm4c123.o(.text)
    GPIOR_Handler                            0x000003f1   Thumb Code     2  startup_tm4c123.o(.text)
    GPIOS_Handler                            0x000003f3   Thumb Code     2  startup_tm4c123.o(.text)
    PMW1_0_Handler                           0x000003f5   Thumb Code     2  startup_tm4c123.o(.text)
    PWM1_1_Handler                           0x000003f7   Thumb Code     2  startup_tm4c123.o(.text)
    PWM1_2_Handler                           0x000003f9   Thumb Code     2  startup_tm4c123.o(.text)
    PWM1_3_Handler                           0x000003fb   Thumb Code     2  startup_tm4c123.o(.text)
    PWM1_FAULT_Handler                       0x000003fd   Thumb Code     2  startup_tm4c123.o(.text)
    __user_initial_stackheap                 0x00000401   Thumb Code     0  startup_tm4c123.o(.text)
    __use_two_region_memory                  0x00000421   Thumb Code     2  heapauxi.o(.text)
    __rt_heap_escrow$2region                 0x00000423   Thumb Code     2  heapauxi.o(.text)
    __rt_heap_expand$2region                 0x00000425   Thumb Code     2  heapauxi.o(.text)
    __user_setup_stackheap                   0x00000427   Thumb Code    74  sys_stackheap_outer.o(.text)
    exit                                     0x00000471   Thumb Code    18  exit.o(.text)
    __user_libspace                          0x00000485   Thumb Code     8  libspace.o(.text)
    __user_perproc_libspace                  0x00000485   Thumb Code     0  libspace.o(.text)
    __user_perthread_libspace                0x00000485   Thumb Code     0  libspace.o(.text)
    _sys_exit                                0x0000048d   Thumb Code     8  sys_exit.o(.text)
    __I$use$semihosting                      0x00000499   Thumb Code     0  use_no_semi.o(.text)
    __use_no_semihosting_swi                 0x00000499   Thumb Code     2  use_no_semi.o(.text)
    __semihosting_library_function           0x0000049b   Thumb Code     0  indicate_semi.o(.text)
    GPIO_PinInit                             0x0000049d   Thumb Code  5486  tm4c123io.o(i.GPIO_PinInit)
    GPIO_PinOut                              0x00001a15   Thumb Code  1668  tm4c123io.o(i.GPIO_PinOut)
    GPIO_PortInit                            0x000020b1   Thumb Code   824  tm4c123io.o(i.GPIO_PortInit)
    HC05_init                                0x00002425   Thumb Code    66  bluetooth.o(i.HC05_init)
    LCD_Clr                                  0x00002469   Thumb Code    30  lcd.o(i.LCD_Clr)
    LCD_GoToXY                               0x000024c9   Thumb Code    66  lcd.o(i.LCD_GoToXY)
    LCD_Init                                 0x00002515   Thumb Code    34  lcd.o(i.LCD_Init)
    LCD_SendChr                              0x00002539   Thumb Code    86  lcd.o(i.LCD_SendChr)
    LCD_SendCmd                              0x00002599   Thumb Code    80  lcd.o(i.LCD_SendCmd)
    LCD_SendStr                              0x000025f1   Thumb Code   102  lcd.o(i.LCD_SendStr)
    LCD_SendStrMid                           0x00002661   Thumb Code    98  lcd.o(i.LCD_SendStrMid)
    LCD_SetDis                               0x000026cd   Thumb Code    98  lcd.o(i.LCD_SetDis)
    LCD_SetInterface                         0x0000272f   Thumb Code   130  lcd.o(i.LCD_SetInterface)
    PLL_init                                 0x000027b1   Thumb Code   174  clock.o(i.PLL_init)
    RGB_Init                                 0x00002865   Thumb Code    90  rgb.o(i.RGB_Init)
    RGB_Out                                  0x000028bf   Thumb Code   126  rgb.o(i.RGB_Out)
    SystemInit                               0x0000293d   Thumb Code    14  system_tm4c123.o(i.SystemInit)
    UART_GetChar                             0x00002951   Thumb Code   200  uart.o(i.UART_GetChar)
    UART_GetStrRcNl                          0x00002a39   Thumb Code   294  uart.o(i.UART_GetStrRcNl)
    Uart_Init                                0x00002b61   Thumb Code 14246  uart.o(i.Uart_Init)
    Uart_SendChar                            0x00006311   Thumb Code   160  uart.o(i.Uart_SendChar)
    Uart_SendStrRcNl                         0x000063cd   Thumb Code    46  uart.o(i.Uart_SendStrRcNl)
    calculator                               0x000063fd   Thumb Code   184  calc.o(i.calculator)
    charSearch                               0x00006501   Thumb Code    62  strfuncs.o(i.charSearch)
    convDoubleToBinStr                       0x00006541   Thumb Code   292  strfuncs.o(i.convDoubleToBinStr)
    convDoubleToHexStr                       0x0000667d   Thumb Code   290  strfuncs.o(i.convDoubleToHexStr)
    delChar                                  0x000067c9   Thumb Code    34  strfuncs.o(i.delChar)
    delDoubleElement                         0x000067eb   Thumb Code    36  array.o(i.delDoubleElement)
    delStr                                   0x0000680f   Thumb Code    64  strfuncs.o(i.delStr)
    extractFnums                             0x00006851   Thumb Code   188  calc.o(i.extractFnums)
    extractOpers                             0x00006919   Thumb Code   708  calc.o(i.extractOpers)
    floatToStr                               0x00006bf5   Thumb Code   370  strfuncs.o(i.floatToStr)
    getPower                                 0x00006d91   Thumb Code    18  math.o(i.getPower)
    getStrIndex                              0x00006da3   Thumb Code    84  strfuncs.o(i.getStrIndex)
    handleAns                                0x00006df9   Thumb Code   184  calc.o(i.handleAns)
    handleParenthesis                        0x00006ebd   Thumb Code   254  calc.o(i.handleParenthesis)
    insertChar                               0x00006fc1   Thumb Code    40  strfuncs.o(i.insertChar)
    insertStr                                0x00006fe9   Thumb Code    50  strfuncs.o(i.insertStr)
    intToStr                                 0x0000701d   Thumb Code   130  strfuncs.o(i.intToStr)
    isFloat                                  0x000070f1   Thumb Code   112  calc.o(i.isFloat)
    isOperator                               0x00007171   Thumb Code    72  calc.o(i.isOperator)
    isUnary                                  0x000071cd   Thumb Code    70  calc.o(i.isUnary)
    main                                     0x00007219   Thumb Code   416  source.o(i.main)
    msDelay                                  0x0000740d   Thumb Code    76  systick.o(i.msDelay)
    printTerm                                0x0000745d   Thumb Code    14  uart.o(i.printTerm)
    rearrange                                0x0000746b   Thumb Code    74  strfuncs.o(i.rearrange)
    remStrSpace                              0x000074b5   Thumb Code    36  strfuncs.o(i.remStrSpace)
    searchBefore                             0x000074d9   Thumb Code    22  strfuncs.o(i.searchBefore)
    strCalc                                  0x000074f1   Thumb Code  3272  calc.o(i.strCalc)
    strCopy                                  0x000081c1   Thumb Code    24  strfuncs.o(i.strCopy)
    strIsContain                             0x000081d9   Thumb Code    74  strfuncs.o(i.strIsContain)
    strIsContainCh                           0x00008223   Thumb Code    36  strfuncs.o(i.strIsContainCh)
    strLen                                   0x00008247   Thumb Code    18  strfuncs.o(i.strLen)
    strOptimize                              0x00008259   Thumb Code   326  calc.o(i.strOptimize)
    strRules                                 0x000083a1   Thumb Code   974  calc.o(i.strRules)
    strToFloat                               0x00008791   Thumb Code   338  strfuncs.o(i.strToFloat)
    typeConverstionandle                     0x000088f1   Thumb Code   224  calc.o(i.typeConverstionandle)
    usDelay                                  0x000089f9   Thumb Code    74  systick.o(i.usDelay)
    __aeabi_d2f                              0x00008a4d   Thumb Code     0  d2f.o(x$fpl$d2f)
    _d2f                                     0x00008a4d   Thumb Code    98  d2f.o(x$fpl$d2f)
    __aeabi_dadd                             0x00008ab1   Thumb Code     0  daddsub_clz.o(x$fpl$dadd)
    _dadd                                    0x00008ab1   Thumb Code   332  daddsub_clz.o(x$fpl$dadd)
    __fpl_dcmp_Inf                           0x00008c01   Thumb Code    24  dcmpi.o(x$fpl$dcmpinf)
    __aeabi_ddiv                             0x00008c19   Thumb Code     0  ddiv.o(x$fpl$ddiv)
    _ddiv                                    0x00008c19   Thumb Code   552  ddiv.o(x$fpl$ddiv)
    __aeabi_cdcmpeq                          0x00008ec9   Thumb Code     0  deqf.o(x$fpl$deqf)
    _dcmpeq                                  0x00008ec9   Thumb Code   120  deqf.o(x$fpl$deqf)
    __aeabi_d2iz                             0x00008f41   Thumb Code     0  dfix.o(x$fpl$dfix)
    _dfix                                    0x00008f41   Thumb Code    94  dfix.o(x$fpl$dfix)
    __aeabi_d2uiz                            0x00008fa1   Thumb Code     0  dfixu.o(x$fpl$dfixu)
    _dfixu                                   0x00008fa1   Thumb Code    90  dfixu.o(x$fpl$dfixu)
    __aeabi_i2d                              0x00008ffb   Thumb Code     0  dflt_clz.o(x$fpl$dflt)
    _dflt                                    0x00008ffb   Thumb Code    46  dflt_clz.o(x$fpl$dflt)
    __aeabi_ui2d                             0x00009029   Thumb Code     0  dflt_clz.o(x$fpl$dfltu)
    _dfltu                                   0x00009029   Thumb Code    38  dflt_clz.o(x$fpl$dfltu)
    __aeabi_cdcmple                          0x00009051   Thumb Code     0  dleqf.o(x$fpl$dleqf)
    _dcmple                                  0x00009051   Thumb Code   120  dleqf.o(x$fpl$dleqf)
    __fpl_dcmple_InfNaN                      0x000090b3   Thumb Code     0  dleqf.o(x$fpl$dleqf)
    __aeabi_dmul                             0x000090c9   Thumb Code     0  dmul.o(x$fpl$dmul)
    _dmul                                    0x000090c9   Thumb Code   332  dmul.o(x$fpl$dmul)
    __fpl_dnaninf                            0x0000921d   Thumb Code   156  dnaninf.o(x$fpl$dnaninf)
    __fpl_dretinf                            0x000092b9   Thumb Code    12  dretinf.o(x$fpl$dretinf)
    __aeabi_cdrcmple                         0x000092c5   Thumb Code     0  drleqf.o(x$fpl$drleqf)
    _drcmple                                 0x000092c5   Thumb Code   108  drleqf.o(x$fpl$drleqf)
    __aeabi_drsub                            0x00009331   Thumb Code     0  daddsub_clz.o(x$fpl$drsb)
    _drsb                                    0x00009331   Thumb Code    22  daddsub_clz.o(x$fpl$drsb)
    __aeabi_dsub                             0x00009349   Thumb Code     0  daddsub_clz.o(x$fpl$dsub)
    _dsub                                    0x00009349   Thumb Code   464  daddsub_clz.o(x$fpl$dsub)
    __aeabi_f2d                              0x0000951d   Thumb Code     0  f2d.o(x$fpl$f2d)
    _f2d                                     0x0000951d   Thumb Code    86  f2d.o(x$fpl$f2d)
    __fpl_fnaninf                            0x00009573   Thumb Code   140  fnaninf.o(x$fpl$fnaninf)
    _fp_init                                 0x000095ff   Thumb Code    10  fpinit.o(x$fpl$fpinit)
    __fplib_config_fpu_vfp                   0x00009607   Thumb Code     0  fpinit.o(x$fpl$fpinit)
    __fplib_config_pureend_doubles           0x00009607   Thumb Code     0  fpinit.o(x$fpl$fpinit)
    __fpl_fretinf                            0x00009609   Thumb Code    10  fretinf.o(x$fpl$fretinf)
    __I$use$fp                               0x00009612   Number         0  usenofp.o(x$fpl$usenofp)
    Region$$Table$$Base                      0x00009614   Number         0  anon$$obj.o(Region$$Table)
    Region$$Table$$Limit                     0x00009634   Number         0  anon$$obj.o(Region$$Table)
    sysclock                                 0x20000000   Data           4  source.o(.data)
    huart0                                   0x20000004   Data           8  source.o(.data)
    huart2                                   0x2000000c   Data           8  source.o(.data)
    numOpers                                 0x20000029   Data           1  calc.o(.data)
    hex                                      0x2000002a   Data           1  calc.o(.data)
    bin                                      0x2000002b   Data           1  calc.o(.data)
    dec                                      0x2000002c   Data           1  calc.o(.data)
    OPER                                     0x20000030   Data           4  calc.o(.data)
    ER                                       0x20000034   Data           4  calc.o(.data)
    Size                                     0x20000038   Data           1  calc.o(.data)
    __libspace_start                         0x20000138   Data          96  libspace.o(.bss)
    __temporary_stack_top$libspace           0x20000198   Data           0  libspace.o(.bss)



==============================================================================

Memory Map of the image

  Image Entry point : 0x0000026d

  Load Region LR_IROM1 (Base: 0x00000000, Size: 0x00009678, Max: 0x00040000, ABSOLUTE)

    Execution Region ER_IROM1 (Exec base: 0x00000000, Load base: 0x00000000, Size: 0x00009634, Max: 0x00040000, ABSOLUTE)

    Exec Addr    Load Addr    Size         Type   Attr      Idx    E Section Name        Object

    0x00000000   0x00000000   0x0000026c   Data   RO         1420    RESET               startup_tm4c123.o
    0x0000026c   0x0000026c   0x00000008   Code   RO         1480  * !!!main             c_w.l(__main.o)
    0x00000274   0x00000274   0x00000034   Code   RO         1686    !!!scatter          c_w.l(__scatter.o)
    0x000002a8   0x000002a8   0x0000001a   Code   RO         1688    !!handler_copy      c_w.l(__scatter_copy.o)
    0x000002c2   0x000002c2   0x00000002   PAD
    0x000002c4   0x000002c4   0x0000001c   Code   RO         1690    !!handler_zi        c_w.l(__scatter_zi.o)
    0x000002e0   0x000002e0   0x00000002   Code   RO         1556    .ARM.Collect$$libinit$$00000000  c_w.l(libinit.o)
    0x000002e2   0x000002e2   0x00000004   Code   RO         1562    .ARM.Collect$$libinit$$00000001  c_w.l(libinit2.o)
    0x000002e6   0x000002e6   0x00000000   Code   RO         1565    .ARM.Collect$$libinit$$00000004  c_w.l(libinit2.o)
    0x000002e6   0x000002e6   0x00000000   Code   RO         1568    .ARM.Collect$$libinit$$0000000A  c_w.l(libinit2.o)
    0x000002e6   0x000002e6   0x00000000   Code   RO         1570    .ARM.Collect$$libinit$$0000000C  c_w.l(libinit2.o)
    0x000002e6   0x000002e6   0x00000000   Code   RO         1572    .ARM.Collect$$libinit$$0000000E  c_w.l(libinit2.o)
    0x000002e6   0x000002e6   0x00000000   Code   RO         1575    .ARM.Collect$$libinit$$00000011  c_w.l(libinit2.o)
    0x000002e6   0x000002e6   0x00000000   Code   RO         1577    .ARM.Collect$$libinit$$00000013  c_w.l(libinit2.o)
    0x000002e6   0x000002e6   0x00000000   Code   RO         1579    .ARM.Collect$$libinit$$00000015  c_w.l(libinit2.o)
    0x000002e6   0x000002e6   0x00000000   Code   RO         1581    .ARM.Collect$$libinit$$00000017  c_w.l(libinit2.o)
    0x000002e6   0x000002e6   0x00000000   Code   RO         1583    .ARM.Collect$$libinit$$00000019  c_w.l(libinit2.o)
    0x000002e6   0x000002e6   0x00000000   Code   RO         1585    .ARM.Collect$$libinit$$0000001B  c_w.l(libinit2.o)
    0x000002e6   0x000002e6   0x00000000   Code   RO         1587    .ARM.Collect$$libinit$$0000001D  c_w.l(libinit2.o)
    0x000002e6   0x000002e6   0x00000000   Code   RO         1589    .ARM.Collect$$libinit$$0000001F  c_w.l(libinit2.o)
    0x000002e6   0x000002e6   0x00000000   Code   RO         1591    .ARM.Collect$$libinit$$00000021  c_w.l(libinit2.o)
    0x000002e6   0x000002e6   0x00000000   Code   RO         1593    .ARM.Collect$$libinit$$00000023  c_w.l(libinit2.o)
    0x000002e6   0x000002e6   0x00000000   Code   RO         1595    .ARM.Collect$$libinit$$00000025  c_w.l(libinit2.o)
    0x000002e6   0x000002e6   0x00000000   Code   RO         1599    .ARM.Collect$$libinit$$0000002C  c_w.l(libinit2.o)
    0x000002e6   0x000002e6   0x00000000   Code   RO         1601    .ARM.Collect$$libinit$$0000002E  c_w.l(libinit2.o)
    0x000002e6   0x000002e6   0x00000000   Code   RO         1603    .ARM.Collect$$libinit$$00000030  c_w.l(libinit2.o)
    0x000002e6   0x000002e6   0x00000000   Code   RO         1605    .ARM.Collect$$libinit$$00000032  c_w.l(libinit2.o)
    0x000002e6   0x000002e6   0x00000002   Code   RO         1606    .ARM.Collect$$libinit$$00000033  c_w.l(libinit2.o)
    0x000002e8   0x000002e8   0x00000002   Code   RO         1626    .ARM.Collect$$libshutdown$$00000000  c_w.l(libshutdown.o)
    0x000002ea   0x000002ea   0x00000000   Code   RO         1639    .ARM.Collect$$libshutdown$$00000002  c_w.l(libshutdown2.o)
    0x000002ea   0x000002ea   0x00000000   Code   RO         1641    .ARM.Collect$$libshutdown$$00000004  c_w.l(libshutdown2.o)
    0x000002ea   0x000002ea   0x00000000   Code   RO         1644    .ARM.Collect$$libshutdown$$00000007  c_w.l(libshutdown2.o)
    0x000002ea   0x000002ea   0x00000000   Code   RO         1647    .ARM.Collect$$libshutdown$$0000000A  c_w.l(libshutdown2.o)
    0x000002ea   0x000002ea   0x00000000   Code   RO         1649    .ARM.Collect$$libshutdown$$0000000C  c_w.l(libshutdown2.o)
    0x000002ea   0x000002ea   0x00000000   Code   RO         1652    .ARM.Collect$$libshutdown$$0000000F  c_w.l(libshutdown2.o)
    0x000002ea   0x000002ea   0x00000002   Code   RO         1653    .ARM.Collect$$libshutdown$$00000010  c_w.l(libshutdown2.o)
    0x000002ec   0x000002ec   0x00000000   Code   RO         1520    .ARM.Collect$$rtentry$$00000000  c_w.l(__rtentry.o)
    0x000002ec   0x000002ec   0x00000000   Code   RO         1533    .ARM.Collect$$rtentry$$00000002  c_w.l(__rtentry2.o)
    0x000002ec   0x000002ec   0x00000006   Code   RO         1545    .ARM.Collect$$rtentry$$00000004  c_w.l(__rtentry4.o)
    0x000002f2   0x000002f2   0x00000000   Code   RO         1535    .ARM.Collect$$rtentry$$00000009  c_w.l(__rtentry2.o)
    0x000002f2   0x000002f2   0x00000004   Code   RO         1536    .ARM.Collect$$rtentry$$0000000A  c_w.l(__rtentry2.o)
    0x000002f6   0x000002f6   0x00000000   Code   RO         1538    .ARM.Collect$$rtentry$$0000000C  c_w.l(__rtentry2.o)
    0x000002f6   0x000002f6   0x00000008   Code   RO         1539    .ARM.Collect$$rtentry$$0000000D  c_w.l(__rtentry2.o)
    0x000002fe   0x000002fe   0x00000002   Code   RO         1560    .ARM.Collect$$rtexit$$00000000  c_w.l(rtexit.o)
    0x00000300   0x00000300   0x00000000   Code   RO         1608    .ARM.Collect$$rtexit$$00000002  c_w.l(rtexit2.o)
    0x00000300   0x00000300   0x00000004   Code   RO         1609    .ARM.Collect$$rtexit$$00000003  c_w.l(rtexit2.o)
    0x00000304   0x00000304   0x00000006   Code   RO         1610    .ARM.Collect$$rtexit$$00000004  c_w.l(rtexit2.o)
    0x0000030a   0x0000030a   0x00000002   PAD
    0x0000030c   0x0000030c   0x00000114   Code   RO         1421    .text               startup_tm4c123.o
    0x00000420   0x00000420   0x00000006   Code   RO         1478    .text               c_w.l(heapauxi.o)
    0x00000426   0x00000426   0x0000004a   Code   RO         1547    .text               c_w.l(sys_stackheap_outer.o)
    0x00000470   0x00000470   0x00000012   Code   RO         1549    .text               c_w.l(exit.o)
    0x00000482   0x00000482   0x00000002   PAD
    0x00000484   0x00000484   0x00000008   Code   RO         1557    .text               c_w.l(libspace.o)
    0x0000048c   0x0000048c   0x0000000c   Code   RO         1618    .text               c_w.l(sys_exit.o)
    0x00000498   0x00000498   0x00000002   Code   RO         1629    .text               c_w.l(use_no_semi.o)
    0x0000049a   0x0000049a   0x00000000   Code   RO         1631    .text               c_w.l(indicate_semi.o)
    0x0000049a   0x0000049a   0x00000002   PAD
    0x0000049c   0x0000049c   0x00001578   Code   RO         1162    i.GPIO_PinInit      tm4c123io.o
    0x00001a14   0x00001a14   0x0000069c   Code   RO         1163    i.GPIO_PinOut       tm4c123io.o
    0x000020b0   0x000020b0   0x00000374   Code   RO         1165    i.GPIO_PortInit     tm4c123io.o
    0x00002424   0x00002424   0x00000042   Code   RO          382    i.HC05_init         bluetooth.o
    0x00002466   0x00002466   0x00000002   PAD
    0x00002468   0x00002468   0x00000028   Code   RO          662    i.LCD_Clr           lcd.o
    0x00002490   0x00002490   0x00000038   Code   RO          663    i.LCD_Enable        lcd.o
    0x000024c8   0x000024c8   0x0000004c   Code   RO          665    i.LCD_GoToXY        lcd.o
    0x00002514   0x00002514   0x00000022   Code   RO          666    i.LCD_Init          lcd.o
    0x00002536   0x00002536   0x00000002   PAD
    0x00002538   0x00002538   0x00000060   Code   RO          669    i.LCD_SendChr       lcd.o
    0x00002598   0x00002598   0x00000058   Code   RO          671    i.LCD_SendCmd       lcd.o
    0x000025f0   0x000025f0   0x00000070   Code   RO          672    i.LCD_SendStr       lcd.o
    0x00002660   0x00002660   0x0000006c   Code   RO          673    i.LCD_SendStrMid    lcd.o
    0x000026cc   0x000026cc   0x00000062   Code   RO          676    i.LCD_SetDis        lcd.o
    0x0000272e   0x0000272e   0x00000082   Code   RO          677    i.LCD_SetInterface  lcd.o
    0x000027b0   0x000027b0   0x000000b4   Code   RO          895    i.PLL_init          clock.o
    0x00002864   0x00002864   0x0000005a   Code   RO          793    i.RGB_Init          rgb.o
    0x000028be   0x000028be   0x0000007e   Code   RO          794    i.RGB_Out           rgb.o
    0x0000293c   0x0000293c   0x00000014   Code   RO         1429    i.SystemInit        system_tm4c123.o
    0x00002950   0x00002950   0x000000e8   Code   RO         1318    i.UART_GetChar      uart.o
    0x00002a38   0x00002a38   0x00000126   Code   RO         1320    i.UART_GetStrRcNl   uart.o
    0x00002b5e   0x00002b5e   0x00000002   PAD
    0x00002b60   0x00002b60   0x000037b0   Code   RO         1321    i.Uart_Init         uart.o
    0x00006310   0x00006310   0x000000bc   Code   RO         1322    i.Uart_SendChar     uart.o
    0x000063cc   0x000063cc   0x0000002e   Code   RO         1326    i.Uart_SendStrRcNl  uart.o
    0x000063fa   0x000063fa   0x00000002   PAD
    0x000063fc   0x000063fc   0x00000104   Code   RO          219    i.calculator        calc.o
    0x00006500   0x00006500   0x0000003e   Code   RO          451    i.charSearch        strfuncs.o
    0x0000653e   0x0000653e   0x00000002   PAD
    0x00006540   0x00006540   0x0000013c   Code   RO          452    i.convDoubleToBinStr  strfuncs.o
    0x0000667c   0x0000667c   0x0000014c   Code   RO          453    i.convDoubleToHexStr  strfuncs.o
    0x000067c8   0x000067c8   0x00000022   Code   RO          454    i.delChar           strfuncs.o
    0x000067ea   0x000067ea   0x00000024   Code   RO          322    i.delDoubleElement  array.o
    0x0000680e   0x0000680e   0x00000040   Code   RO          455    i.delStr            strfuncs.o
    0x0000684e   0x0000684e   0x00000002   PAD
    0x00006850   0x00006850   0x000000c8   Code   RO          220    i.extractFnums      calc.o
    0x00006918   0x00006918   0x000002dc   Code   RO          221    i.extractOpers      calc.o
    0x00006bf4   0x00006bf4   0x0000019c   Code   RO          456    i.floatToStr        strfuncs.o
    0x00006d90   0x00006d90   0x00000012   Code   RO          417    i.getPower          math.o
    0x00006da2   0x00006da2   0x00000054   Code   RO          457    i.getStrIndex       strfuncs.o
    0x00006df6   0x00006df6   0x00000002   PAD
    0x00006df8   0x00006df8   0x000000c4   Code   RO          222    i.handleAns         calc.o
    0x00006ebc   0x00006ebc   0x00000104   Code   RO          223    i.handleParenthesis  calc.o
    0x00006fc0   0x00006fc0   0x00000028   Code   RO          458    i.insertChar        strfuncs.o
    0x00006fe8   0x00006fe8   0x00000032   Code   RO          459    i.insertStr         strfuncs.o
    0x0000701a   0x0000701a   0x00000002   PAD
    0x0000701c   0x0000701c   0x00000094   Code   RO          460    i.intToStr          strfuncs.o
    0x000070b0   0x000070b0   0x0000002e   Code   RO         1327    i.isBaudRateValid   uart.o
    0x000070de   0x000070de   0x00000012   Code   RO         1328    i.isCharSizeVaild   uart.o
    0x000070f0   0x000070f0   0x00000080   Code   RO          225    i.isFloat           calc.o
    0x00007170   0x00007170   0x0000005c   Code   RO          226    i.isOperator        calc.o
    0x000071cc   0x000071cc   0x0000004c   Code   RO          227    i.isUnary           calc.o
    0x00007218   0x00007218   0x000001f4   Code   RO            4    i.main              source.o
    0x0000740c   0x0000740c   0x00000050   Code   RO         1086    i.msDelay           systick.o
    0x0000745c   0x0000745c   0x0000000e   Code   RO         1329    i.printTerm         uart.o
    0x0000746a   0x0000746a   0x0000004a   Code   RO          462    i.rearrange         strfuncs.o
    0x000074b4   0x000074b4   0x00000024   Code   RO          463    i.remStrSpace       strfuncs.o
    0x000074d8   0x000074d8   0x00000016   Code   RO          464    i.searchBefore      strfuncs.o
    0x000074ee   0x000074ee   0x00000002   PAD
    0x000074f0   0x000074f0   0x00000cd0   Code   RO          228    i.strCalc           calc.o
    0x000081c0   0x000081c0   0x00000018   Code   RO          466    i.strCopy           strfuncs.o
    0x000081d8   0x000081d8   0x0000004a   Code   RO          468    i.strIsContain      strfuncs.o
    0x00008222   0x00008222   0x00000024   Code   RO          469    i.strIsContainCh    strfuncs.o
    0x00008246   0x00008246   0x00000012   Code   RO          470    i.strLen            strfuncs.o
    0x00008258   0x00008258   0x00000146   Code   RO          229    i.strOptimize       calc.o
    0x0000839e   0x0000839e   0x00000002   PAD
    0x000083a0   0x000083a0   0x000003f0   Code   RO          230    i.strRules          calc.o
    0x00008790   0x00008790   0x00000160   Code   RO          473    i.strToFloat        strfuncs.o
    0x000088f0   0x000088f0   0x00000108   Code   RO          231    i.typeConverstionandle  calc.o
    0x000089f8   0x000089f8   0x00000054   Code   RO         1087    i.usDelay           systick.o
    0x00008a4c   0x00008a4c   0x00000062   Code   RO         1484    x$fpl$d2f           fz_wm.l(d2f.o)
    0x00008aae   0x00008aae   0x00000002   PAD
    0x00008ab0   0x00008ab0   0x00000150   Code   RO         1486    x$fpl$dadd          fz_wm.l(daddsub_clz.o)
    0x00008c00   0x00008c00   0x00000018   Code   RO         1521    x$fpl$dcmpinf       fz_wm.l(dcmpi.o)
    0x00008c18   0x00008c18   0x000002b0   Code   RO         1493    x$fpl$ddiv          fz_wm.l(ddiv.o)
    0x00008ec8   0x00008ec8   0x00000078   Code   RO         1496    x$fpl$deqf          fz_wm.l(deqf.o)
    0x00008f40   0x00008f40   0x0000005e   Code   RO         1498    x$fpl$dfix          fz_wm.l(dfix.o)
    0x00008f9e   0x00008f9e   0x00000002   PAD
    0x00008fa0   0x00008fa0   0x0000005a   Code   RO         1502    x$fpl$dfixu         fz_wm.l(dfixu.o)
    0x00008ffa   0x00008ffa   0x0000002e   Code   RO         1507    x$fpl$dflt          fz_wm.l(dflt_clz.o)
    0x00009028   0x00009028   0x00000026   Code   RO         1506    x$fpl$dfltu         fz_wm.l(dflt_clz.o)
    0x0000904e   0x0000904e   0x00000002   PAD
    0x00009050   0x00009050   0x00000078   Code   RO         1512    x$fpl$dleqf         fz_wm.l(dleqf.o)
    0x000090c8   0x000090c8   0x00000154   Code   RO         1514    x$fpl$dmul          fz_wm.l(dmul.o)
    0x0000921c   0x0000921c   0x0000009c   Code   RO         1523    x$fpl$dnaninf       fz_wm.l(dnaninf.o)
    0x000092b8   0x000092b8   0x0000000c   Code   RO         1525    x$fpl$dretinf       fz_wm.l(dretinf.o)
    0x000092c4   0x000092c4   0x0000006c   Code   RO         1516    x$fpl$drleqf        fz_wm.l(drleqf.o)
    0x00009330   0x00009330   0x00000016   Code   RO         1487    x$fpl$drsb          fz_wm.l(daddsub_clz.o)
    0x00009346   0x00009346   0x00000002   PAD
    0x00009348   0x00009348   0x000001d4   Code   RO         1488    x$fpl$dsub          fz_wm.l(daddsub_clz.o)
    0x0000951c   0x0000951c   0x00000056   Code   RO         1518    x$fpl$f2d           fz_wm.l(f2d.o)
    0x00009572   0x00009572   0x0000008c   Code   RO         1527    x$fpl$fnaninf       fz_wm.l(fnaninf.o)
    0x000095fe   0x000095fe   0x0000000a   Code   RO         1616    x$fpl$fpinit        fz_wm.l(fpinit.o)
    0x00009608   0x00009608   0x0000000a   Code   RO         1529    x$fpl$fretinf       fz_wm.l(fretinf.o)
    0x00009612   0x00009612   0x00000000   Code   RO         1531    x$fpl$usenofp       fz_wm.l(usenofp.o)
    0x00009612   0x00009612   0x00000002   PAD
    0x00009614   0x00009614   0x00000020   Data   RO         1684    Region$$Table       anon$$obj.o


    Execution Region RW_IRAM1 (Exec base: 0x20000000, Load base: 0x00009634, Size: 0x00000398, Max: 0x00008000, ABSOLUTE)

    Exec Addr    Load Addr    Size         Type   Attr      Idx    E Section Name        Object

    0x20000000   0x00009634   0x00000014   Data   RW            6    .data               source.o
    0x20000014   0x00009648   0x00000026   Data   RW          233    .data               calc.o
    0x2000003a   0x0000966e   0x00000002   PAD
    0x2000003c   0x00009670   0x00000005   Data   RW          680    .data               lcd.o
    0x20000041   0x00009675   0x00000007   PAD
    0x20000048        -       0x000000a0   Zero   RW          232    .bss                calc.o
    0x200000e8        -       0x00000050   Zero   RW          475    .bss                strfuncs.o
    0x20000138        -       0x00000060   Zero   RW         1558    .bss                c_w.l(libspace.o)
    0x20000198        -       0x00000000   Zero   RW         1419    HEAP                startup_tm4c123.o
    0x20000198        -       0x00000200   Zero   RW         1418    STACK               startup_tm4c123.o


==============================================================================

Image component sizes


      Code (inc. data)   RO Data    RW Data    ZI Data      Debug   Object Name

        36          0          0          0          0       1099   array.o
        66          0          0          0          0        576   bluetooth.o
      6822        262          0         38        160      11866   calc.o
       180          6          0          0          0        639   clock.o
       838         68          0          5          0       6353   lcd.o
        18          0          0          0          0        571   math.o
       216          0          0          0          0       1181   rgb.o
       500         84          0         20          0       5332   source.o
       276         24        620          0        512       5464   startup_tm4c123.o
      2178        140          0          0         80      13562   strfuncs.o
        20          6          0          0          0        505   system_tm4c123.o
       164         14          0          0          0       4140   systick.o
      8072        336          0          0          0       5153   tm4c123io.o
     15094        642          0          0          0       9607   uart.o

    ----------------------------------------------------------------------
     34500       1582        652         68        756      66048   Object Totals
         0          0         32          0          0          0   (incl. Generated)
        20          0          0          5          4          0   (incl. Padding)

    ----------------------------------------------------------------------

      Code (inc. data)   RO Data    RW Data    ZI Data      Debug   Library Member Name

         8          0          0          0          0         68   __main.o
         0          0          0          0          0          0   __rtentry.o
        12          0          0          0          0          0   __rtentry2.o
         6          0          0          0          0          0   __rtentry4.o
        52          8          0          0          0          0   __scatter.o
        26          0          0          0          0          0   __scatter_copy.o
        28          0          0          0          0          0   __scatter_zi.o
        18          0          0          0          0         80   exit.o
         6          0          0          0          0        152   heapauxi.o
         0          0          0          0          0          0   indicate_semi.o
         2          0          0          0          0          0   libinit.o
         6          0          0          0          0          0   libinit2.o
         2          0          0          0          0          0   libshutdown.o
         2          0          0          0          0          0   libshutdown2.o
         8          4          0          0         96         68   libspace.o
         2          0          0          0          0          0   rtexit.o
        10          0          0          0          0          0   rtexit2.o
        12          4          0          0          0         68   sys_exit.o
        74          0          0          0          0         80   sys_stackheap_outer.o
         2          0          0          0          0         68   use_no_semi.o
        98          4          0          0          0        140   d2f.o
       826         16          0          0          0        492   daddsub_clz.o
        24          0          0          0          0        116   dcmpi.o
       688        140          0          0          0        256   ddiv.o
       120          4          0          0          0        140   deqf.o
        94          4          0          0          0        140   dfix.o
        90          4          0          0          0        140   dfixu.o
        84          0          0          0          0        232   dflt_clz.o
       120          4          0          0          0        140   dleqf.o
       340         12          0          0          0        152   dmul.o
       156          4          0          0          0        140   dnaninf.o
        12          0          0          0          0        116   dretinf.o
       108          0          0          0          0        128   drleqf.o
        86          4          0          0          0        132   f2d.o
       140          4          0          0          0        132   fnaninf.o
        10          0          0          0          0        116   fpinit.o
        10          0          0          0          0        116   fretinf.o
         0          0          0          0          0          0   usenofp.o

    ----------------------------------------------------------------------
      3300        216          0          0         96       3412   Library Totals
        18          0          0          0          0          0   (incl. Padding)

    ----------------------------------------------------------------------

      Code (inc. data)   RO Data    RW Data    ZI Data      Debug   Library Name

       276         16          0          0         96        584   c_w.l
      3006        200          0          0          0       2828   fz_wm.l

    ----------------------------------------------------------------------
      3300        216          0          0         96       3412   Library Totals

    ----------------------------------------------------------------------

==============================================================================


      Code (inc. data)   RO Data    RW Data    ZI Data      Debug   

     37800       1798        652         68        852      61804   Grand Totals
     37800       1798        652         68        852      61804   ELF Image Totals
     37800       1798        652         68          0          0   ROM Totals

==============================================================================

    Total RO  Size (Code + RO Data)                38452 (  37.55kB)
    Total RW  Size (RW Data + ZI Data)               920 (   0.90kB)
    Total ROM Size (Code + RO Data + RW Data)      38520 (  37.62kB)

==============================================================================

