Component: ARM Compiler 5.06 update 6 (build 750) Tool: armlink [4d35ed]

==============================================================================

Section Cross References

    calc.o(i.calculator) refers to calc.o(i.removeSpaces) for removeSpaces
    calc.o(i.calculator) refers to calc.o(i.typeConverstionandle) for typeConverstionandle
    calc.o(i.calculator) refers to deqf.o(x$fpl$deqf) for __aeabi_cdcmpeq
    calc.o(i.calculator) refers to calc.o(i.handleParenthesis) for handleParenthesis
    calc.o(i.calculator) refers to calc.o(i.handleAns) for handleAns
    calc.o(i.calculator) refers to calc.o(i.strRules) for strRules
    calc.o(i.calculator) refers to calc.o(i.extractOpers) for extractOpers
    calc.o(i.calculator) refers to calc.o(i.extractFnums) for extractFnums
    calc.o(i.calculator) refers to calc.o(i.strCalc) for strCalc
    calc.o(i.calculator) refers to calc.o(.data) for prev
    calc.o(i.extractFnums) refers to strfuncs.o(i.strToFloat) for strToFloat
    calc.o(i.extractFnums) refers to calc.o(.data) for numOpers
    calc.o(i.extractNums) refers to strfuncs.o(i.strToInt) for strToInt
    calc.o(i.extractNums) refers to calc.o(.data) for numOpers
    calc.o(i.extractOpers) refers to strfuncs.o(i.isContainCh) for isContainCh
    calc.o(i.extractOpers) refers to calc.o(i.isUnaryMinus) for isUnaryMinus
    calc.o(i.extractOpers) refers to strfuncs.o(i.delChar) for delChar
    calc.o(i.extractOpers) refers to calc.o(.data) for numOpers
    calc.o(i.handleParenthesis) refers to strfuncs.o(i.charSearch) for charSearch
    calc.o(i.handleParenthesis) refers to strfuncs.o(i.isContainCh) for isContainCh
    calc.o(i.handleParenthesis) refers to strfuncs.o(i.strCopy) for strCopy
    calc.o(i.handleParenthesis) refers to calc.o(i.extractOpers) for extractOpers
    calc.o(i.handleParenthesis) refers to calc.o(i.extractFnums) for extractFnums
    calc.o(i.handleParenthesis) refers to calc.o(i.strCalc) for strCalc
    calc.o(i.handleParenthesis) refers to strfuncs.o(i.floatToStr) for floatToStr
    calc.o(i.handleParenthesis) refers to strfuncs.o(i.delChar) for delChar
    calc.o(i.handleParenthesis) refers to strfuncs.o(i.insertChar) for insertChar
    calc.o(i.isFloat) refers to dfix.o(x$fpl$dfix) for __aeabi_d2iz
    calc.o(i.isFloat) refers to dflt_clz.o(x$fpl$dflt) for __aeabi_i2d
    calc.o(i.isFloat) refers to daddsub_clz.o(x$fpl$drsb) for __aeabi_drsub
    calc.o(i.isFloat) refers to drleqf.o(x$fpl$drleqf) for __aeabi_cdrcmple
    calc.o(i.strCalc) refers to strfuncs.o(i.strLen) for strLen
    calc.o(i.strCalc) refers to deqf.o(x$fpl$deqf) for __aeabi_cdcmpeq
    calc.o(i.strCalc) refers to dflt_clz.o(x$fpl$dflt) for __aeabi_i2d
    calc.o(i.strCalc) refers to strfuncs.o(i.delChar) for delChar
    calc.o(i.strCalc) refers to array.o(i.delDoubleElement) for delDoubleElement
    calc.o(i.strCalc) refers to calc.o(i.isFloat) for isFloat
    calc.o(i.strCalc) refers to dfix.o(x$fpl$dfix) for __aeabi_d2iz
    calc.o(i.strCalc) refers to dmul.o(x$fpl$dmul) for __aeabi_dmul
    calc.o(i.strCalc) refers to ddiv.o(x$fpl$ddiv) for __aeabi_ddiv
    calc.o(i.strCalc) refers to daddsub_clz.o(x$fpl$dadd) for __aeabi_dadd
    calc.o(i.strCalc) refers to daddsub_clz.o(x$fpl$dsub) for __aeabi_dsub
    calc.o(i.strCalc) refers to drleqf.o(x$fpl$drleqf) for __aeabi_cdrcmple
    calc.o(i.strCalc) refers to dleqf.o(x$fpl$dleqf) for __aeabi_cdcmple
    calc.o(i.strRules) refers to strfuncs.o(i.isContainCh) for isContainCh
    calc.o(i.strRules) refers to strfuncs.o(i.charSearch) for charSearch
    calc.o(i.strRules) refers to calc.o(i.isOperator) for isOperator
    calc.o(i.strRules) refers to bluetooth.o(i.print) for print
    calc.o(i.strRules) refers to strfuncs.o(i.strLen) for strLen
    calc.o(i.typeConverstionandle) refers to strfuncs.o(i.strIsContain) for strIsContain
    calc.o(i.typeConverstionandle) refers to strfuncs.o(i.strLen) for strLen
    calc.o(i.typeConverstionandle) refers to strfuncs.o(i.delStr) for delStr
    calc.o(i.typeConverstionandle) refers to strfuncs.o(i.charSearch) for charSearch
    calc.o(i.typeConverstionandle) refers to calc.o(i.handleParenthesis) for handleParenthesis
    calc.o(i.typeConverstionandle) refers to strfuncs.o(i.strToFloat) for strToFloat
    calc.o(i.typeConverstionandle) refers to dflt_clz.o(x$fpl$dfltu) for __aeabi_ui2d
    calc.o(i.typeConverstionandle) refers to calc.o(.data) for error
    source.o(i.main) refers to clock.o(i.PLL_init) for PLL_init
    source.o(i.main) refers to tm4c123io.o(i.GPIO_PortInit) for GPIO_PortInit
    source.o(i.main) refers to rgb.o(i.RGB_Init) for RGB_Init
    source.o(i.main) refers to lcd.o(i.LCD_Init) for LCD_Init
    source.o(i.main) refers to uart.o(i.Uart_Init) for Uart_Init
    source.o(i.main) refers to uart.o(i.Uart_SendStrRcNl) for Uart_SendStrRcNl
    source.o(i.main) refers to lcd.o(i.LCD_SendStrMid) for LCD_SendStrMid
    source.o(i.main) refers to rgb.o(i.RGB_Out) for RGB_Out
[...]
    twi.o(i.SLAVE_Single_Read_Byte_App) refers to rgb.o(i.RGB_Out) for RGB_Out
    twi.o(i.SLAVE_Single_Read_Byte_App) refers to source.o(.data) for sysclock
    uart.o(i.UART_AT_Resp_Receive) refers to uart.o(i.UART_GetChar) for UART_GetChar
    uart.o(i.UART_GetStr) refers to uart.o(i.UART_GetChar) for UART_GetChar
    uart.o(i.UART_GetStrRcNl) refers to uart.o(i.UART_GetChar) for UART_GetChar
    uart.o(i.Uart_Init) refers to uart.o(i.isBaudRateValid) for isBaudRateValid
    uart.o(i.Uart_Init) refers to dflt_clz.o(x$fpl$dfltu) for __aeabi_ui2d
    uart.o(i.Uart_Init) refers to ddiv.o(x$fpl$ddiv) for __aeabi_ddiv
    uart.o(i.Uart_Init) refers to daddsub_clz.o(x$fpl$dsub) for __aeabi_dsub
    uart.o(i.Uart_Init) refers to dmul.o(x$fpl$dmul) for __aeabi_dmul
    uart.o(i.Uart_Init) refers to daddsub_clz.o(x$fpl$dadd) for __aeabi_dadd
    uart.o(i.Uart_Init) refers to dfix.o(x$fpl$dfix) for __aeabi_d2iz
    uart.o(i.Uart_Init) refers to uart.o(i.isCharSizeVaild) for isCharSizeVaild
    uart.o(i.Uart_Init) refers to source.o(.data) for sysclock
    uart.o(i.Uart_SendFloat) refers to strfuncs.o(i.floatToStr) for floatToStr
    uart.o(i.Uart_SendFloat) refers to uart.o(i.Uart_SendStr) for Uart_SendStr
    uart.o(i.Uart_SendInt) refers to strfuncs.o(i.intToStr) for intToStr
    uart.o(i.Uart_SendInt) refers to uart.o(i.Uart_SendStr) for Uart_SendStr
    uart.o(i.Uart_SendStr) refers to uart.o(i.Uart_SendChar) for Uart_SendChar
    uart.o(i.Uart_SendStrRcNl) refers to uart.o(i.Uart_SendChar) for Uart_SendChar
    uart.o(i.printTerm) refers to uart.o(i.Uart_SendStrRcNl) for Uart_SendStrRcNl
    startup_tm4c123.o(STACK) refers (Special) to heapauxi.o(.text) for __use_two_region_memory
    startup_tm4c123.o(HEAP) refers (Special) to heapauxi.o(.text) for __use_two_region_memory
    startup_tm4c123.o(RESET) refers (Special) to heapauxi.o(.text) for __use_two_region_memory
    startup_tm4c123.o(RESET) refers to startup_tm4c123.o(STACK) for __initial_sp
    startup_tm4c123.o(RESET) refers to startup_tm4c123.o(.text) for Reset_Handler
    startup_tm4c123.o(.text) refers (Special) to heapauxi.o(.text) for __use_two_region_memory
    startup_tm4c123.o(.text) refers to system_tm4c123.o(i.SystemInit) for SystemInit
    startup_tm4c123.o(.text) refers to __main.o(!!!main) for __main
    startup_tm4c123.o(.text) refers to startup_tm4c123.o(HEAP) for Heap_Mem
    startup_tm4c123.o(.text) refers to startup_tm4c123.o(STACK) for Stack_Mem
    system_tm4c123.o(i.SystemCoreClockUpdate) refers to system_tm4c123.o(i.getOscClk) for getOscClk
    system_tm4c123.o(i.SystemCoreClockUpdate) refers to system_tm4c123.o(.data) for SystemCoreClock
    __main.o(!!!main) refers to __rtentry.o(.ARM.Collect$$rtentry$$00000000) for __rt_entry
    basic.o(x$fpl$basic) refers (Special) to usenofp.o(x$fpl$usenofp) for __I$use$fp
    d2f.o(x$fpl$d2f) refers (Special) to usenofp.o(x$fpl$usenofp) for __I$use$fp
    d2f.o(x$fpl$d2f) refers to fretinf.o(x$fpl$fretinf) for __fpl_fretinf
    d2f.o(x$fpl$d2f) refers to dnaninf.o(x$fpl$dnaninf) for __fpl_dnaninf
    daddsub_clz.o(x$fpl$dadd) refers (Special) to usenofp.o(x$fpl$usenofp) for __I$use$fp
    daddsub_clz.o(x$fpl$dadd) refers to daddsub_clz.o(x$fpl$dsub) for _dsub1
    daddsub_clz.o(x$fpl$dadd) refers to dretinf.o(x$fpl$dretinf) for __fpl_dretinf
    daddsub_clz.o(x$fpl$dadd) refers to dnaninf.o(x$fpl$dnaninf) for __fpl_dnaninf
    daddsub_clz.o(x$fpl$drsb) refers (Special) to usenofp.o(x$fpl$usenofp) for __I$use$fp
    daddsub_clz.o(x$fpl$drsb) refers to daddsub_clz.o(x$fpl$dadd) for _dadd1
    daddsub_clz.o(x$fpl$drsb) refers to daddsub_clz.o(x$fpl$dsub) for _dsub1
    daddsub_clz.o(x$fpl$dsub) refers (Special) to usenofp.o(x$fpl$usenofp) for __I$use$fp
    daddsub_clz.o(x$fpl$dsub) refers to daddsub_clz.o(x$fpl$dadd) for _dadd1
    daddsub_clz.o(x$fpl$dsub) refers to dnaninf.o(x$fpl$dnaninf) for __fpl_dnaninf
    ddiv.o(x$fpl$drdiv) refers (Special) to usenofp.o(x$fpl$usenofp) for __I$use$fp
    ddiv.o(x$fpl$drdiv) refers to ddiv.o(x$fpl$ddiv) for ddiv_entry
    ddiv.o(x$fpl$ddiv) refers (Special) to usenofp.o(x$fpl$usenofp) for __I$use$fp
    ddiv.o(x$fpl$ddiv) refers to dretinf.o(x$fpl$dretinf) for __fpl_dretinf
    ddiv.o(x$fpl$ddiv) refers to dnaninf.o(x$fpl$dnaninf) for __fpl_dnaninf
    deqf.o(x$fpl$deqf) refers (Special) to usenofp.o(x$fpl$usenofp) for __I$use$fp
    deqf.o(x$fpl$deqf) refers to dnaninf.o(x$fpl$dnaninf) for __fpl_dnaninf
    deqf.o(x$fpl$deqf) refers to dcmpi.o(x$fpl$dcmpinf) for __fpl_dcmp_Inf
    dfix.o(x$fpl$dfix) refers (Special) to usenofp.o(x$fpl$usenofp) for __I$use$fp
    dfix.o(x$fpl$dfix) refers to dnaninf.o(x$fpl$dnaninf) for __fpl_dnaninf
    dfix.o(x$fpl$dfixr) refers (Special) to usenofp.o(x$fpl$usenofp) for __I$use$fp
    dfix.o(x$fpl$dfixr) refers to dnaninf.o(x$fpl$dnaninf) for __fpl_dnaninf
    dfixu.o(x$fpl$dfixu) refers (Special) to usenofp.o(x$fpl$usenofp) for __I$use$fp
    dfixu.o(x$fpl$dfixu) refers to dnaninf.o(x$fpl$dnaninf) for __fpl_dnaninf
    dfixu.o(x$fpl$dfixur) refers (Special) to usenofp.o(x$fpl$usenofp) for __I$use$fp
    dfixu.o(x$fpl$dfixur) refers to dnaninf.o(x$fpl$dnaninf) for __fpl_dnaninf
    dflt_clz.o(x$fpl$dfltu) refers (Special) to usenofp.o(x$fpl$usenofp) for __I$use$fp
    dflt_clz.o(x$fpl$dflt) refers (Special) to usenofp.o(x$fpl$usenofp) for __I$use$fp
    dflt_clz.o(x$fpl$dfltn) refers (Special) to usenofp.o(x$fpl$usenofp) for __I$use$fp
    dleqf.o(x$fpl$dleqf) refers (Special) to usenofp.o(x$fpl$usenofp) for __I$use$fp
    dleqf.o(x$fpl$dleqf) refers to dnaninf.o(x$fpl$dnaninf) for __fpl_dnaninf
    dleqf.o(x$fpl$dleqf) refers to dcmpi.o(x$fpl$dcmpinf) for __fpl_dcmp_Inf
    dmul.o(x$fpl$dmul) refers (Special) to usenofp.o(x$fpl$usenofp) for __I$use$fp
    dmul.o(x$fpl$dmul) refers to dretinf.o(x$fpl$dretinf) for __fpl_dretinf
    dmul.o(x$fpl$dmul) refers to dnaninf.o(x$fpl$dnaninf) for __fpl_dnaninf
    drleqf.o(x$fpl$drleqf) refers (Special) to usenofp.o(x$fpl$usenofp) for __I$use$fp
    drleqf.o(x$fpl$drleqf) refers to dleqf.o(x$fpl$dleqf) for __fpl_dcmple_InfNaN
    f2d.o(x$fpl$f2d) refers (Special) to usenofp.o(x$fpl$usenofp) for __I$use$fp
    f2d.o(x$fpl$f2d) refers to fnaninf.o(x$fpl$fnaninf) for __fpl_fnaninf
    f2d.o(x$fpl$f2d) refers to dretinf.o(x$fpl$dretinf) for __fpl_dretinf
    __rtentry.o(.ARM.Collect$$rtentry$$00000000) refers (Special) to __rtentry2.o(.ARM.Collect$$rtentry$$0000000A) for __rt_entry_li
    __rtentry.o(.ARM.Collect$$rtentry$$00000000) refers (Special) to __rtentry2.o(.ARM.Collect$$rtentry$$0000000D) for __rt_entry_main
    __rtentry.o(.ARM.Collect$$rtentry$$00000000) refers (Special) to __rtentry2.o(.ARM.Collect$$rtentry$$0000000C) for __rt_entry_postli_1
    __rtentry.o(.ARM.Collect$$rtentry$$00000000) refers (Special) to __rtentry2.o(.ARM.Collect$$rtentry$$00000009) for __rt_entry_postsh_1
    __rtentry.o(.ARM.Collect$$rtentry$$00000000) refers (Special) to __rtentry2.o(.ARM.Collect$$rtentry$$00000002) for __rt_entry_presh_1
    __rtentry.o(.ARM.Collect$$rtentry$$00000000) refers (Special) to __rtentry4.o(.ARM.Collect$$rtentry$$00000004) for __rt_entry_sh
    dcmpi.o(x$fpl$dcmpinf) refers (Special) to usenofp.o(x$fpl$usenofp) for __I$use$fp
    dnaninf.o(x$fpl$dnaninf) refers (Special) to usenofp.o(x$fpl$usenofp) for __I$use$fp
    dretinf.o(x$fpl$dretinf) refers (Special) to usenofp.o(x$fpl$usenofp) for __I$use$fp
    fnaninf.o(x$fpl$fnaninf) refers (Special) to usenofp.o(x$fpl$usenofp) for __I$use$fp
    fretinf.o(x$fpl$fretinf) refers (Special) to usenofp.o(x$fpl$usenofp) for __I$use$fp
    __rtentry2.o(.ARM.Collect$$rtentry$$00000008) refers to boardinit2.o(.text) for _platform_post_stackheap_init
    __rtentry2.o(.ARM.Collect$$rtentry$$0000000A) refers to libinit.o(.ARM.Collect$$libinit$$00000000) for __rt_lib_init
    __rtentry2.o(.ARM.Collect$$rtentry$$0000000B) refers to boardinit3.o(.text) for _platform_post_lib_init
    __rtentry2.o(.ARM.Collect$$rtentry$$0000000D) refers to source.o(i.main) for main
    __rtentry2.o(.ARM.Collect$$rtentry$$0000000D) refers to exit.o(.text) for exit
    __rtentry2.o(.ARM.exidx) refers to __rtentry2.o(.ARM.Collect$$rtentry$$00000001) for .ARM.Collect$$rtentry$$00000001
    __rtentry2.o(.ARM.exidx) refers to __rtentry2.o(.ARM.Collect$$rtentry$$00000008) for .ARM.Collect$$rtentry$$00000008
    __rtentry2.o(.ARM.exidx) refers to __rtentry2.o(.ARM.Collect$$rtentry$$0000000A) for .ARM.Collect$$rtentry$$0000000A
    __rtentry2.o(.ARM.exidx) refers to __rtentry2.o(.ARM.Collect$$rtentry$$0000000B) for .ARM.Collect$$rtentry$$0000000B
    __rtentry2.o(.ARM.exidx) refers to __rtentry2.o(.ARM.Collect$$rtentry$$0000000D) for .ARM.Collect$$rtentry$$0000000D
    __rtentry4.o(.ARM.Collect$$rtentry$$00000004) refers to sys_stackheap_outer.o(.text) for __user_setup_stackheap
    __rtentry4.o(.ARM.exidx) refers to __rtentry4.o(.ARM.Collect$$rtentry$$00000004) for .ARM.Collect$$rtentry$$00000004
    sys_stackheap_outer.o(.text) refers to libspace.o(.text) for __user_perproc_libspace
    sys_stackheap_outer.o(.text) refers to startup_tm4c123.o(.text) for __user_initial_stackheap
    exit.o(.text) refers to rtexit.o(.ARM.Collect$$rtexit$$00000000) for __rt_exit
    libinit.o(.ARM.Collect$$libinit$$00000000) refers (Special) to libinit2.o(.ARM.Collect$$libinit$$0000002E) for __rt_lib_init_alloca_1
    libinit.o(.ARM.Collect$$libinit$$00000000) refers (Special) to libinit2.o(.ARM.Collect$$libinit$$0000002C) for __rt_lib_init_argv_1
    libinit.o(.ARM.Collect$$libinit$$00000000) refers (Special) to libinit2.o(.ARM.Collect$$libinit$$0000001B) for __rt_lib_init_atexit_1
    libinit.o(.ARM.Collect$$libinit$$00000000) refers (Special) to libinit2.o(.ARM.Collect$$libinit$$00000021) for __rt_lib_init_clock_1
    libinit.o(.ARM.Collect$$libinit$$00000000) refers (Special) to libinit2.o(.ARM.Collect$$libinit$$00000032) for __rt_lib_init_cpp_1
    libinit.o(.ARM.Collect$$libinit$$00000000) refers (Special) to libinit2.o(.ARM.Collect$$libinit$$00000030) for __rt_lib_init_exceptions_1
    libinit.o(.ARM.Collect$$libinit$$00000000) refers (Special) to libinit2.o(.ARM.Collect$$libinit$$00000001) for __rt_lib_init_fp_1
    libinit.o(.ARM.Collect$$libinit$$00000000) refers (Special) to libinit2.o(.ARM.Collect$$libinit$$0000001F) for __rt_lib_init_fp_trap_1
    libinit.o(.ARM.Collect$$libinit$$00000000) refers (Special) to libinit2.o(.ARM.Collect$$libinit$$00000023) for __rt_lib_init_getenv_1
    libinit.o(.ARM.Collect$$libinit$$00000000) refers (Special) to libinit2.o(.ARM.Collect$$libinit$$0000000A) for __rt_lib_init_heap_1
    libinit.o(.ARM.Collect$$libinit$$00000000) refers (Special) to libinit2.o(.ARM.Collect$$libinit$$00000011) for __rt_lib_init_lc_collate_1
    libinit.o(.ARM.Collect$$libinit$$00000000) refers (Special) to libinit2.o(.ARM.Collect$$libinit$$00000013) for __rt_lib_init_lc_ctype_1
    libinit.o(.ARM.Collect$$libinit$$00000000) refers (Special) to libinit2.o(.ARM.Collect$$libinit$$00000015) for __rt_lib_init_lc_monetary_1
    libinit.o(.ARM.Collect$$libinit$$00000000) refers (Special) to libinit2.o(.ARM.Collect$$libinit$$00000017) for __rt_lib_init_lc_numeric_1
    libinit.o(.ARM.Collect$$libinit$$00000000) refers (Special) to libinit2.o(.ARM.Collect$$libinit$$00000019) for __rt_lib_init_lc_time_1
    libinit.o(.ARM.Collect$$libinit$$00000000) refers (Special) to libinit2.o(.ARM.Collect$$libinit$$00000004) for __rt_lib_init_preinit_1
    libinit.o(.ARM.Collect$$libinit$$00000000) refers (Special) to libinit2.o(.ARM.Collect$$libinit$$0000000E) for __rt_lib_init_rand_1
    libinit.o(.ARM.Collect$$libinit$$00000000) refers (Special) to libinit2.o(.ARM.Collect$$libinit$$00000033) for __rt_lib_init_return
    libinit.o(.ARM.Collect$$libinit$$00000000) refers (Special) to libinit2.o(.ARM.Collect$$libinit$$0000001D) for __rt_lib_init_signal_1
    libinit.o(.ARM.Collect$$libinit$$00000000) refers (Special) to libinit2.o(.ARM.Collect$$libinit$$00000025) for __rt_lib_init_stdio_1
    libinit.o(.ARM.Collect$$libinit$$00000000) refers (Special) to libinit2.o(.ARM.Collect$$libinit$$0000000C) for __rt_lib_init_user_alloc_1
    libspace.o(.text) refers to libspace.o(.bss) for __libspace_start
    rtexit.o(.ARM.Collect$$rtexit$$00000000) refers (Special) to rtexit2.o(.ARM.Collect$$rtexit$$00000004) for __rt_exit_exit
    rtexit.o(.ARM.Collect$$rtexit$$00000000) refers (Special) to rtexit2.o(.ARM.Collect$$rtexit$$00000003) for __rt_exit_ls
    rtexit.o(.ARM.Collect$$rtexit$$00000000) refers (Special) to rtexit2.o(.ARM.Collect$$rtexit$$00000002) for __rt_exit_prels_1
    rtexit.o(.ARM.exidx) refers (Special) to rtexit2.o(.ARM.Collect$$rtexit$$00000004) for __rt_exit_exit
    rtexit.o(.ARM.exidx) refers (Special) to rtexit2.o(.ARM.Collect$$rtexit$$00000003) for __rt_exit_ls
    rtexit.o(.ARM.exidx) refers (Special) to rtexit2.o(.ARM.Collect$$rtexit$$00000002) for __rt_exit_prels_1
    rtexit.o(.ARM.exidx) refers to rtexit.o(.ARM.Collect$$rtexit$$00000000) for .ARM.Collect$$rtexit$$00000000
    libinit2.o(.ARM.Collect$$libinit$$00000001) refers to fpinit.o(x$fpl$fpinit) for _fp_init
    libinit2.o(.ARM.Collect$$libinit$$00000010) refers to libinit2.o(.ARM.Collect$$libinit$$0000000F) for .ARM.Collect$$libinit$$0000000F
    libinit2.o(.ARM.Collect$$libinit$$00000012) refers to libinit2.o(.ARM.Collect$$libinit$$0000000F) for .ARM.Collect$$libinit$$0000000F
    libinit2.o(.ARM.Collect$$libinit$$00000014) refers to libinit2.o(.ARM.Collect$$libinit$$0000000F) for .ARM.Collect$$libinit$$0000000F
    libinit2.o(.ARM.Collect$$libinit$$00000016) refers to libinit2.o(.ARM.Collect$$libinit$$0000000F) for .ARM.Collect$$libinit$$0000000F
    libinit2.o(.ARM.Collect$$libinit$$00000018) refers to libinit2.o(.ARM.Collect$$libinit$$0000000F) for .ARM.Collect$$libinit$$0000000F
    libinit2.o(.ARM.Collect$$libinit$$00000026) refers to argv_veneer.o(.emb_text) for __ARM_argv_veneer
    libinit2.o(.ARM.Collect$$libinit$$00000027) refers to argv_veneer.o(.emb_text) for __ARM_argv_veneer
    rtexit2.o(.ARM.Collect$$rtexit$$00000003) refers to libshutdown.o(.ARM.Collect$$libshutdown$$00000000) for __rt_lib_shutdown
    rtexit2.o(.ARM.Collect$$rtexit$$00000004) refers to sys_exit.o(.text) for _sys_exit
    rtexit2.o(.ARM.exidx) refers to rtexit2.o(.ARM.Collect$$rtexit$$00000001) for .ARM.Collect$$rtexit$$00000001
    rtexit2.o(.ARM.exidx) refers to rtexit2.o(.ARM.Collect$$rtexit$$00000003) for .ARM.Collect$$rtexit$$00000003
    rtexit2.o(.ARM.exidx) refers to rtexit2.o(.ARM.Collect$$rtexit$$00000004) for .ARM.Collect$$rtexit$$00000004
    argv_veneer.o(.emb_text) refers to no_argv.o(.text) for __ARM_get_argv
    sys_exit.o(.text) refers (Special) to use_no_semi.o(.text) for __I$use$semihosting
    sys_exit.o(.text) refers (Special) to indicate_semi.o(.text) for __semihosting_library_function
    _get_argv_nomalloc.o(.text) refers (Special) to hrguard.o(.text) for __heap_region$guard
    _get_argv_nomalloc.o(.text) refers to defsig_rtmem_outer.o(.text) for __rt_SIGRTMEM
    _get_argv_nomalloc.o(.text) refers to sys_command.o(.text) for _sys_command_string
    libshutdown.o(.ARM.Collect$$libshutdown$$00000000) refers (Special) to libshutdown2.o(.ARM.Collect$$libshutdown$$00000002) for __rt_lib_shutdown_cpp_1
    libshutdown.o(.ARM.Collect$$libshutdown$$00000000) refers (Special) to libshutdown2.o(.ARM.Collect$$libshutdown$$00000007) for __rt_lib_shutdown_fp_trap_1
    libshutdown.o(.ARM.Collect$$libshutdown$$00000000) refers (Special) to libshutdown2.o(.ARM.Collect$$libshutdown$$0000000F) for __rt_lib_shutdown_heap_1
    libshutdown.o(.ARM.Collect$$libshutdown$$00000000) refers (Special) to libshutdown2.o(.ARM.Collect$$libshutdown$$00000010) for __rt_lib_shutdown_return
    libshutdown.o(.ARM.Collect$$libshutdown$$00000000) refers (Special) to libshutdown2.o(.ARM.Collect$$libshutdown$$0000000A) for __rt_lib_shutdown_signal_1
    libshutdown.o(.ARM.Collect$$libshutdown$$00000000) refers (Special) to libshutdown2.o(.ARM.Collect$$libshutdown$$00000004) for __rt_lib_shutdown_stdio_1
    libshutdown.o(.ARM.Collect$$libshutdown$$00000000) refers (Special) to libshutdown2.o(.ARM.Collect$$libshutdown$$0000000C) for __rt_lib_shutdown_user_alloc_1
    sys_command.o(.text) refers (Special) to use_no_semi.o(.text) for __I$use$semihosting
    sys_command.o(.text) refers (Special) to indicate_semi.o(.text) for __semihosting_library_function
    defsig_rtmem_outer.o(.text) refers to defsig_rtmem_inner.o(.text) for __rt_SIGRTMEM_inner
    defsig_rtmem_outer.o(.text) refers to defsig_exit.o(.text) for __sig_exit
    defsig_rtmem_formal.o(.text) refers to rt_raise.o(.text) for __rt_raise
    rt_raise.o(.text) refers to __raise.o(.text) for __raise
    rt_raise.o(.text) refers to sys_exit.o(.text) for _sys_exit
    defsig_exit.o(.text) refers to sys_exit.o(.text) for _sys_exit
    defsig_rtmem_inner.o(.text) refers to defsig_general.o(.text) for __default_signal_display
    __raise.o(.text) refers to defsig.o(CL$$defsig) for __default_signal_handler
    defsig_general.o(.text) refers to sys_wrch.o(.text) for _ttywrch
    sys_wrch.o(.text) refers (Special) to use_no_semi.o(.text) for __I$use$semihosting
    sys_wrch.o(.text) refers (Special) to indicate_semi.o(.text) for __semihosting_library_function
    defsig.o(CL$$defsig) refers to defsig_rtmem_inner.o(.text) for __rt_SIGRTMEM_inner
    defsig_abrt_inner.o(.text) refers to defsig_general.o(.text) for __default_signal_display
    defsig_fpe_inner.o(.text) refers to defsig_general.o(.text) for __default_signal_display
    defsig_rtred_inner.o(.text) refers to defsig_general.o(.text) for __default_signal_display
    defsig_stak_inner.o(.text) refers to defsig_general.o(.text) for __default_signal_display
    defsig_pvfn_inner.o(.text) refers to defsig_general.o(.text) for __default_signal_display
    defsig_cppl_inner.o(.text) refers to defsig_general.o(.text) for __default_signal_display
    defsig_segv_inner.o(.text) refers to defsig_general.o(.text) for __default_signal_display
    defsig_other.o(.text) refers to defsig_general.o(.text) for __default_signal_display


==============================================================================

Removing Unused input sections from the image.

    Removing calc.o(.rev16_text), (4 bytes).
    Removing calc.o(.revsh_text), (4 bytes).
    Removing calc.o(.rrx_text), (6 bytes).
    Removing calc.o(i.calculator), (220 bytes).
    Removing calc.o(i.extractFnums), (220 bytes).
    Removing calc.o(i.extractNums), (192 bytes).
    Removing calc.o(i.extractOpers), (716 bytes).
    Removing calc.o(i.handleAns), (4 bytes).
    Removing calc.o(i.handleParenthesis), (226 bytes).
    Removing calc.o(i.isFloat), (84 bytes).
    Removing calc.o(i.isOperator), (28 bytes).
    Removing calc.o(i.isUnaryMinus), (34 bytes).
    Removing calc.o(i.removeSpaces), (2 bytes).
    Removing calc.o(i.strCalc), (3128 bytes).
    Removing calc.o(i.strRules), (124 bytes).
    Removing calc.o(i.typeConverstionandle), (156 bytes).
    Removing calc.o(.data), (26 bytes).
    Removing source.o(.rev16_text), (4 bytes).
    Removing source.o(.revsh_text), (4 bytes).
    Removing source.o(.rrx_text), (6 bytes).
    Removing source.o(.constdata), (256 bytes).
    Removing lcdapps.o(.rev16_text), (4 bytes).
    Removing lcdapps.o(.revsh_text), (4 bytes).
    Removing lcdapps.o(.rrx_text), (6 bytes).
    Removing lcdapps.o(i.LCD_CloseDoor), (56 bytes).
    Removing lcdapps.o(i.LCD_Loading2), (72 bytes).
    Removing lcdapps.o(i.LCD_LoadingShape), (64 bytes).
    Removing lcdapps.o(i.LCD_MovRevse), (56 bytes).
    Removing lcdapps.o(i.LCD_MusicShape), (280 bytes).
    Removing lcdapps.o(i.LCD_OpenDoor), (92 bytes).
    Removing lcdapps.o(i.LCD_Snake1), (304 bytes).
    Removing lcdapps.o(i.LCD_Snake2), (260 bytes).
    Removing lcdapps.o(i.LCD_Swim2LinDwnup), (124 bytes).
    Removing lcdapps.o(i.LCD_Swim2LinDwnupGrad), (128 bytes).
    Removing lcdapps.o(i.LCD_SwimDwn1LGrad), (68 bytes).
    Removing lcdapps.o(i.LCD_SwimDwn2LGrad), (76 bytes).
    Removing lcdapps.o(i.LCD_SwimUp1LGrad), (68 bytes).
    Removing lcdapps.o(i.LCD_SwimUp2LGrad), (76 bytes).
    Removing array.o(.rev16_text), (4 bytes).
    Removing array.o(.revsh_text), (4 bytes).
    Removing array.o(.rrx_text), (6 bytes).
    Removing array.o(i.delDoubleElement), (36 bytes).
    Removing array.o(i.delIntElement), (36 bytes).
    Removing array.o(i.printDoubleElement), (88 bytes).
    Removing array.o(i.printIntArr), (76 bytes).
    Removing bluetooth.o(.rev16_text), (4 bytes).
    Removing bluetooth.o(.revsh_text), (4 bytes).
    Removing bluetooth.o(.rrx_text), (6 bytes).
    Removing bluetooth.o(i.print), (22 bytes).
    Removing math.o(.rev16_text), (4 bytes).
    Removing math.o(.revsh_text), (4 bytes).
    Removing math.o(.rrx_text), (6 bytes).
    Removing math.o(i.FLOAT_Approximate), (72 bytes).
    Removing math.o(i.absolute), (68 bytes).
    Removing math.o(i.getPower), (18 bytes).
    Removing strfuncs.o(.rev16_text), (4 bytes).
    Removing strfuncs.o(.revsh_text), (4 bytes).
    Removing strfuncs.o(.rrx_text), (6 bytes).
    Removing strfuncs.o(i.charSearch), (62 bytes).
    Removing strfuncs.o(i.convDoubleToBinStr), (316 bytes).
    Removing strfuncs.o(i.convDoubleToHexStr), (332 bytes).
    Removing strfuncs.o(i.delChar), (34 bytes).
    Removing strfuncs.o(i.delStr), (64 bytes).
    Removing strfuncs.o(i.floatToStr), (412 bytes).
    Removing strfuncs.o(i.getStrIndex), (84 bytes).
    Removing strfuncs.o(i.insertChar), (40 bytes).
    Removing strfuncs.o(i.insertStr), (40 bytes).
    Removing strfuncs.o(i.intToStr), (160 bytes).
    Removing strfuncs.o(i.isContainCh), (36 bytes).
    Removing strfuncs.o(i.isStrOfDigits), (66 bytes).
    Removing strfuncs.o(i.rearrange), (74 bytes).
    Removing strfuncs.o(i.strCmp), (98 bytes).
    Removing strfuncs.o(i.strCopy), (24 bytes).
    Removing strfuncs.o(i.strIsContain), (74 bytes).
    Removing strfuncs.o(i.strLenTerm), (18 bytes).
    Removing strfuncs.o(i.strRev), (52 bytes).
    Removing strfuncs.o(i.strToFloat), (352 bytes).
    Removing strfuncs.o(i.strToInt), (152 bytes).
    Removing strfuncs.o(.bss), (80 bytes).
    Removing keypad.o(.rev16_text), (4 bytes).
    Removing keypad.o(.revsh_text), (4 bytes).
    Removing keypad.o(.rrx_text), (6 bytes).
    Removing keypad.o(i.KEYPAD_Get_Key), (92 bytes).
    Removing keypad.o(i.KEYPAD_Map_Key_To_Value), (96 bytes).
    Removing keypad.o(i.KEYPAD_init), (84 bytes).
    Removing keypad.o(.constdata), (16 bytes).
    Removing lcd.o(.rev16_text), (4 bytes).
    Removing lcd.o(.revsh_text), (4 bytes).
    Removing lcd.o(.rrx_text), (6 bytes).
    Removing lcd.o(i.LCD_ForceCursline), (40 bytes).
    Removing lcd.o(i.LCD_Print), (120 bytes).
    Removing lcd.o(i.LCD_ReturnHome), (18 bytes).
    Removing lcd.o(i.LCD_SendChrXY), (84 bytes).
    Removing lcd.o(i.LCD_SendStrXY), (84 bytes).
    Removing lcd.o(i.LCD_SetCGRAM), (64 bytes).
    Removing lcd.o(i.LCD_ShiftCurs), (48 bytes).
    Removing lcd.o(i.LCD_ShiftDisplay), (48 bytes).
    Removing rgb.o(.rev16_text), (4 bytes).
    Removing rgb.o(.revsh_text), (4 bytes).
    Removing rgb.o(.rrx_text), (6 bytes).
    Removing rgb.o(i.RGB_DisAll), (28 bytes).
    Removing rgb.o(i.RGB_Toggle), (76 bytes).
    Removing switch.o(.rev16_text), (4 bytes).
    Removing switch.o(.revsh_text), (4 bytes).
    Removing switch.o(.rrx_text), (6 bytes).
    Removing switch.o(i.SWITCH_App1), (60 bytes).
    Removing switch.o(i.SWITCH_App2), (92 bytes).
    Removing switch.o(i.SWITCH_Init), (38 bytes).
    Removing switch.o(i.SWITCH_Interrpt_Init), (14 bytes).
    Removing switch.o(i.SWITCH_IsPressed), (48 bytes).
    Removing clock.o(.rev16_text), (4 bytes).
    Removing clock.o(.revsh_text), (4 bytes).
    Removing clock.o(.rrx_text), (6 bytes).
    Removing clock.o(i.MOSC_Init), (156 bytes).
    Removing clock.o(i.PIOSC_Init), (112 bytes).
    Removing nvic.o(.rev16_text), (4 bytes).
    Removing nvic.o(.revsh_text), (4 bytes).
    Removing nvic.o(.rrx_text), (6 bytes).
    Removing nvic.o(i.NVIC_Enable_IRQ), (88 bytes).
    Removing pwm.o(.rev16_text), (4 bytes).
    Removing pwm.o(.revsh_text), (4 bytes).
    Removing pwm.o(.rrx_text), (6 bytes).
    Removing pwm.o(i.PWM_CmpUpdate), (3192 bytes).
    Removing pwm.o(i.PWM_GenInit), (8432 bytes).
    Removing pwm.o(i.PWM_GenUpdate), (2728 bytes).
    Removing pwm.o(i.PWM_Init), (12116 bytes).
    Removing pwm.o(i.PWM_app), (220 bytes).
    Removing ssi.o(.rev16_text), (4 bytes).
    Removing ssi.o(.revsh_text), (4 bytes).
    Removing ssi.o(.rrx_text), (6 bytes).
    Removing ssi.o(i.SSI_Init), (2292 bytes).
    Removing ssi.o(i.SSI_Read_Data), (184 bytes).
    Removing ssi.o(i.SSI_Read_String), (142 bytes).
    Removing ssi.o(i.SSI_Write_Data), (180 bytes).
    Removing ssi.o(i.SSI_Write_String), (134 bytes).
    Removing systick.o(.rev16_text), (4 bytes).
    Removing systick.o(.revsh_text), (4 bytes).
    Removing systick.o(.rrx_text), (6 bytes).
    Removing systick.o(i.Get_Tick), (28 bytes).
    Removing systick.o(i.SYSTICK_Clear_Counter), (10 bytes).
    Removing systick.o(i.SYSTICK_Interrupt_Init), (60 bytes).
    Removing systick.o(i.TaskDelay), (24 bytes).
    Removing systick.o(.data), (8 bytes).
    Removing tm4c123io.o(.rev16_text), (4 bytes).
    Removing tm4c123io.o(.revsh_text), (4 bytes).
    Removing tm4c123io.o(.rrx_text), (6 bytes).
    Removing tm4c123io.o(i.GPIO_Four_INDEXs_INPULUP_READ), (120 bytes).
    Removing tm4c123io.o(i.GPIO_NibblePinsOut), (216 bytes).
    Removing tm4c123io.o(i.GPIO_PinRead), (516 bytes).
    Removing tm4c123io.o(i.GPIO_PortOutput), (348 bytes).
    Removing tm4c123io.o(i.GPIO_Two_INDEXs_Output), (216 bytes).
    Removing twi.o(.rev16_text), (4 bytes).
    Removing twi.o(.revsh_text), (4 bytes).
    Removing twi.o(.rrx_text), (6 bytes).
    Removing twi.o(i.I2C_Init), (1356 bytes).
    Removing twi.o(i.I2C_MASTER_Byte_Read), (364 bytes).
    Removing twi.o(i.I2C_MASTER_Byte_Write), (384 bytes).
    Removing twi.o(i.I2C_MASTER_Disable), (92 bytes).
    Removing twi.o(i.I2C_MASTER_Enable), (92 bytes).
    Removing twi.o(i.I2C_SLAVE_Byte_Read), (136 bytes).
    Removing twi.o(i.I2C_SLAVE_Byte_Write), (124 bytes).
    Removing twi.o(i.I2C_SLAVE_Disable), (92 bytes).
    Removing twi.o(i.I2C_SLAVE_Enable), (92 bytes).
    Removing twi.o(i.MASTER_Single_Write_Byte_App), (68 bytes).
    Removing twi.o(i.SLAVE_Single_Read_Byte_App), (104 bytes).
    Removing uart.o(.rev16_text), (4 bytes).
    Removing uart.o(.revsh_text), (4 bytes).
    Removing uart.o(.rrx_text), (6 bytes).
    Removing uart.o(i.UART_AT_Resp_Receive), (118 bytes).
    Removing uart.o(i.UART_GetStr), (226 bytes).
    Removing uart.o(i.Uart_SendFloat), (48 bytes).
    Removing uart.o(i.Uart_SendInt), (24 bytes).
    Removing uart.o(i.Uart_SendStr), (30 bytes).
    Removing uart.o(i.printTerm), (14 bytes).
    Removing system_tm4c123.o(.rev16_text), (4 bytes).
    Removing system_tm4c123.o(.revsh_text), (4 bytes).
    Removing system_tm4c123.o(.rrx_text), (6 bytes).
    Removing system_tm4c123.o(i.SystemCoreClockUpdate), (196 bytes).
    Removing system_tm4c123.o(i.getOscClk), (244 bytes).
    Removing system_tm4c123.o(.data), (4 bytes).

180 unused section(s) (total 46886 bytes) removed from the image.

==============================================================================

Image Symbol Table

    Local Symbols

    Symbol Name                              Value     Ov Type        Size  Object(Section)

    RESET                                    0x00000000   Section      620  startup_tm4c123.o(RESET)
    ../clib/angel/boardlib.s                 0x00000000   Number         0  boardinit2.o ABSOLUTE
    ../clib/angel/boardlib.s                 0x00000000   Number         0  boardinit1.o ABSOLUTE
    ../clib/angel/boardlib.s                 0x00000000   Number         0  boardinit3.o ABSOLUTE
    ../clib/angel/boardlib.s                 0x00000000   Number         0  boardshut.o ABSOLUTE
    ../clib/angel/handlers.s                 0x00000000   Number         0  __scatter_copy.o ABSOLUTE
    ../clib/angel/handlers.s                 0x00000000   Number         0  __scatter_zi.o ABSOLUTE
    ../clib/angel/kernel.s                   0x00000000   Number         0  __rtentry.o ABSOLUTE
    ../clib/angel/kernel.s                   0x00000000   Number         0  rtexit2.o ABSOLUTE
    ../clib/angel/kernel.s                   0x00000000   Number         0  __rtentry2.o ABSOLUTE
    ../clib/angel/kernel.s                   0x00000000   Number         0  rtexit.o ABSOLUTE
    ../clib/angel/kernel.s                   0x00000000   Number         0  __rtentry4.o ABSOLUTE
    ../clib/angel/rt.s                       0x00000000   Number         0  rt_raise.o ABSOLUTE
    ../clib/angel/scatter.s                  0x00000000   Number         0  __scatter.o ABSOLUTE
    ../clib/angel/startup.s                  0x00000000   Number         0  __main.o ABSOLUTE
    ../clib/angel/sys.s                      0x00000000   Number         0  use_no_semi.o ABSOLUTE
    ../clib/angel/sys.s                      0x00000000   Number         0  sys_stackheap_outer.o ABSOLUTE
    ../clib/angel/sys.s                      0x00000000   Number         0  libspace.o ABSOLUTE
    ../clib/angel/sys.s                      0x00000000   Number         0  indicate_semi.o ABSOLUTE
    ../clib/angel/sysapp.c                   0x00000000   Number         0  sys_wrch.o ABSOLUTE
    ../clib/angel/sysapp.c                   0x00000000   Number         0  sys_exit.o ABSOLUTE
    ../clib/angel/sysapp.c                   0x00000000   Number         0  sys_command.o ABSOLUTE
    ../clib/armsys.c                         0x00000000   Number         0  argv_veneer.o ABSOLUTE
    ../clib/armsys.c                         0x00000000   Number         0  argv_veneer.o ABSOLUTE
    ../clib/armsys.c                         0x00000000   Number         0  _get_argv_nomalloc.o ABSOLUTE
    ../clib/armsys.c                         0x00000000   Number         0  no_argv.o ABSOLUTE
    ../clib/heapalloc.c                      0x00000000   Number         0  hrguard.o ABSOLUTE
    ../clib/heapaux.c                        0x00000000   Number         0  heapauxi.o ABSOLUTE
    ../clib/libinit.s                        0x00000000   Number         0  libinit.o ABSOLUTE
    ../clib/libinit.s                        0x00000000   Number         0  libshutdown2.o ABSOLUTE
    ../clib/libinit.s                        0x00000000   Number         0  libinit2.o ABSOLUTE
    ../clib/libinit.s                        0x00000000   Number         0  libshutdown.o ABSOLUTE
    ../clib/signal.c                         0x00000000   Number         0  defsig_abrt_inner.o ABSOLUTE
    ../clib/signal.c                         0x00000000   Number         0  defsig_rtmem_inner.o ABSOLUTE
    ../clib/signal.c                         0x00000000   Number         0  defsig_segv_inner.o ABSOLUTE
    ../clib/signal.c                         0x00000000   Number         0  defsig_exit.o ABSOLUTE
    ../clib/signal.c                         0x00000000   Number         0  __raise.o ABSOLUTE
    ../clib/signal.c                         0x00000000   Number         0  defsig_rtmem_outer.o ABSOLUTE
    ../clib/signal.c                         0x00000000   Number         0  defsig_general.o ABSOLUTE
    ../clib/signal.c                         0x00000000   Number         0  defsig_other.o ABSOLUTE
    ../clib/signal.c                         0x00000000   Number         0  defsig_cppl_inner.o ABSOLUTE
    ../clib/signal.c                         0x00000000   Number         0  defsig_pvfn_inner.o ABSOLUTE
    ../clib/signal.c                         0x00000000   Number         0  defsig_stak_inner.o ABSOLUTE
    ../clib/signal.c                         0x00000000   Number         0  defsig_rtred_inner.o ABSOLUTE
    ../clib/signal.c                         0x00000000   Number         0  defsig_fpe_inner.o ABSOLUTE
    ../clib/signal.c                         0x00000000   Number         0  defsig_rtmem_formal.o ABSOLUTE
    ../clib/signal.s                         0x00000000   Number         0  defsig.o ABSOLUTE
    ../clib/stdlib.c                         0x00000000   Number         0  exit.o ABSOLUTE
    ../fplib/basic.s                         0x00000000   Number         0  basic.o ABSOLUTE
    ../fplib/d2f.s                           0x00000000   Number         0  d2f.o ABSOLUTE
    ../fplib/daddsub.s                       0x00000000   Number         0  daddsub_clz.o ABSOLUTE
    ../fplib/dcmpi.s                         0x00000000   Number         0  dcmpi.o ABSOLUTE
    ../fplib/ddiv.s                          0x00000000   Number         0  ddiv.o ABSOLUTE
    ../fplib/deqf.s                          0x00000000   Number         0  deqf.o ABSOLUTE
    ../fplib/dfix.s                          0x00000000   Number         0  dfix.o ABSOLUTE
    ../fplib/dfixu.s                         0x00000000   Number         0  dfixu.o ABSOLUTE
    ../fplib/dflt.s                          0x00000000   Number         0  dflt_clz.o ABSOLUTE
    ../fplib/dleqf.s                         0x00000000   Number         0  dleqf.o ABSOLUTE
    ../fplib/dmul.s                          0x00000000   Number         0  dmul.o ABSOLUTE
    ../fplib/dnaninf.s                       0x00000000   Number         0  dnaninf.o ABSOLUTE
    ../fplib/dretinf.s                       0x00000000   Number         0  dretinf.o ABSOLUTE
    ../fplib/drleqf.s                        0x00000000   Number         0  drleqf.o ABSOLUTE
    ../fplib/f2d.s                           0x00000000   Number         0  f2d.o ABSOLUTE
    ../fplib/fnaninf.s                       0x00000000   Number         0  fnaninf.o ABSOLUTE
    ../fplib/fpinit.s                        0x00000000   Number         0  fpinit.o ABSOLUTE
    ../fplib/fretinf.s                       0x00000000   Number         0  fretinf.o ABSOLUTE
    ../fplib/usenofp.s                       0x00000000   Number         0  usenofp.o ABSOLUTE
    RTE\Device\TM4C123GH6PM\startup_TM4C123.s 0x00000000   Number         0  startup_tm4c123.o ABSOLUTE
    RTE\Device\TM4C123GH6PM\system_TM4C123.c 0x00000000   Number         0  system_tm4c123.o ABSOLUTE
    RTE\\Device\\TM4C123GH6PM\\system_TM4C123.c 0x00000000   Number         0  system_tm4c123.o ABSOLUTE
    app\\lcdapps.c                           0x00000000   Number         0  lcdapps.o ABSOLUTE
    app\\source.c                            0x00000000   Number         0  source.o ABSOLUTE
    app\lcdapps.c                            0x00000000   Number         0  lcdapps.o ABSOLUTE
    app\source.c                             0x00000000   Number         0  source.o ABSOLUTE
    dc.s                                     0x00000000   Number         0  dc.o ABSOLUTE
    hal\\keypad.c                            0x00000000   Number         0  keypad.o ABSOLUTE
    hal\\lcd.c                               0x00000000   Number         0  lcd.o ABSOLUTE
    hal\\rgb.c                               0x00000000   Number         0  rgb.o ABSOLUTE
    hal\\switch.c                            0x00000000   Number         0  switch.o ABSOLUTE
    hal\gsm.c                                0x00000000   Number         0  gsm.o ABSOLUTE
    hal\keypad.c                             0x00000000   Number         0  keypad.o ABSOLUTE
    hal\lcd.c                                0x00000000   Number         0  lcd.o ABSOLUTE
    hal\rgb.c                                0x00000000   Number         0  rgb.o ABSOLUTE
    hal\switch.c                             0x00000000   Number         0  switch.o ABSOLUTE
    lib\\array.c                             0x00000000   Number         0  array.o ABSOLUTE
    lib\\bluetooth.c                         0x00000000   Number         0  bluetooth.o ABSOLUTE
    lib\\calc.c                              0x00000000   Number         0  calc.o ABSOLUTE
    lib\\math.c                              0x00000000   Number         0  math.o ABSOLUTE
    lib\\strfuncs.c                          0x00000000   Number         0  strfuncs.o ABSOLUTE
    lib\array.c                              0x00000000   Number         0  array.o ABSOLUTE
    lib\bluetooth.c                          0x00000000   Number         0  bluetooth.o ABSOLUTE
    lib\calc.c                               0x00000000   Number         0  calc.o ABSOLUTE
    lib\math.c                               0x00000000   Number         0  math.o ABSOLUTE
    lib\strfuncs.c                           0x00000000   Number         0  strfuncs.o ABSOLUTE
    mcal\NVIC.c                              0x00000000   Number         0  nvic.o ABSOLUTE
    mcal\\NVIC.c                             0x00000000   Number         0  nvic.o ABSOLUTE
    mcal\\clock.c                            0x00000000   Number         0  clock.o ABSOLUTE
    mcal\\pwm.c                              0x00000000   Number         0  pwm.o ABSOLUTE
    mcal\\ssi.c                              0x00000000   Number         0  ssi.o ABSOLUTE
    mcal\\systick.c                          0x00000000   Number         0  systick.o ABSOLUTE
    mcal\\tm4c123io.c                        0x00000000   Number         0  tm4c123io.o ABSOLUTE
    mcal\\twi.c                              0x00000000   Number         0  twi.o ABSOLUTE
    mcal\\uart.c                             0x00000000   Number         0  uart.o ABSOLUTE
    mcal\clock.c                             0x00000000   Number         0  clock.o ABSOLUTE
    mcal\pwm.c                               0x00000000   Number         0  pwm.o ABSOLUTE
    mcal\ssi.c                               0x00000000   Number         0  ssi.o ABSOLUTE
    mcal\systick.c                           0x00000000   Number         0  systick.o ABSOLUTE
    mcal\tm4c123io.c                         0x00000000   Number         0  tm4c123io.o ABSOLUTE
    mcal\twi.c                               0x00000000   Number         0  twi.o ABSOLUTE
    mcal\uart.c                              0x00000000   Number         0  uart.o ABSOLUTE
    !!!main                                  0x0000026c   Section        8  __main.o(!!!main)
    !!!scatter                               0x00000274   Section       52  __scatter.o(!!!scatter)
    !!handler_copy                           0x000002a8   Section       26  __scatter_copy.o(!!handler_copy)
    !!handler_zi                             0x000002c4   Section       28  __scatter_zi.o(!!handler_zi)
    .ARM.Collect$$libinit$$00000000          0x000002e0   Section        2  libinit.o(.ARM.Collect$$libinit$$00000000)
    .ARM.Collect$$libinit$$00000001          0x000002e2   Section        4  libinit2.o(.ARM.Collect$$libinit$$00000001)
    .ARM.Collect$$libinit$$00000004          0x000002e6   Section        0  libinit2.o(.ARM.Collect$$libinit$$00000004)
    .ARM.Collect$$libinit$$0000000A          0x000002e6   Section        0  libinit2.o(.ARM.Collect$$libinit$$0000000A)
    .ARM.Collect$$libinit$$0000000C          0x000002e6   Section        0  libinit2.o(.ARM.Collect$$libinit$$0000000C)
    .ARM.Collect$$libinit$$0000000E          0x000002e6   Section        0  libinit2.o(.ARM.Collect$$libinit$$0000000E)
    .ARM.Collect$$libinit$$00000011          0x000002e6   Section        0  libinit2.o(.ARM.Collect$$libinit$$00000011)
    .ARM.Collect$$libinit$$00000013          0x000002e6   Section        0  libinit2.o(.ARM.Collect$$libinit$$00000013)
    .ARM.Collect$$libinit$$00000015          0x000002e6   Section        0  libinit2.o(.ARM.Collect$$libinit$$00000015)
    .ARM.Collect$$libinit$$00000017          0x000002e6   Section        0  libinit2.o(.ARM.Collect$$libinit$$00000017)
    .ARM.Collect$$libinit$$00000019          0x000002e6   Section        0  libinit2.o(.ARM.Collect$$libinit$$00000019)
    .ARM.Collect$$libinit$$0000001B          0x000002e6   Section        0  libinit2.o(.ARM.Collect$$libinit$$0000001B)
    .ARM.Collect$$libinit$$0000001D          0x000002e6   Section        0  libinit2.o(.ARM.Collect$$libinit$$0000001D)
    .ARM.Collect$$libinit$$0000001F          0x000002e6   Section        0  libinit2.o(.ARM.Collect$$libinit$$0000001F)
    .ARM.Collect$$libinit$$00000021          0x000002e6   Section        0  libinit2.o(.ARM.Collect$$libinit$$00000021)
    .ARM.Collect$$libinit$$00000023          0x000002e6   Section        0  libinit2.o(.ARM.Collect$$libinit$$00000023)
    .ARM.Collect$$libinit$$00000025          0x000002e6   Section        0  libinit2.o(.ARM.Collect$$libinit$$00000025)
    .ARM.Collect$$libinit$$0000002C          0x000002e6   Section        0  libinit2.o(.ARM.Collect$$libinit$$0000002C)
    .ARM.Collect$$libinit$$0000002E          0x000002e6   Section        0  libinit2.o(.ARM.Collect$$libinit$$0000002E)
    .ARM.Collect$$libinit$$00000030          0x000002e6   Section        0  libinit2.o(.ARM.Collect$$libinit$$00000030)
    .ARM.Collect$$libinit$$00000032          0x000002e6   Section        0  libinit2.o(.ARM.Collect$$libinit$$00000032)
    .ARM.Collect$$libinit$$00000033          0x000002e6   Section        2  libinit2.o(.ARM.Collect$$libinit$$00000033)
    .ARM.Collect$$libshutdown$$00000000      0x000002e8   Section        2  libshutdown.o(.ARM.Collect$$libshutdown$$00000000)
    .ARM.Collect$$libshutdown$$00000002      0x000002ea   Section        0  libshutdown2.o(.ARM.Collect$$libshutdown$$00000002)
    .ARM.Collect$$libshutdown$$00000004      0x000002ea   Section        0  libshutdown2.o(.ARM.Collect$$libshutdown$$00000004)
    .ARM.Collect$$libshutdown$$00000007      0x000002ea   Section        0  libshutdown2.o(.ARM.Collect$$libshutdown$$00000007)
    .ARM.Collect$$libshutdown$$0000000A      0x000002ea   Section        0  libshutdown2.o(.ARM.Collect$$libshutdown$$0000000A)
    .ARM.Collect$$libshutdown$$0000000C      0x000002ea   Section        0  libshutdown2.o(.ARM.Collect$$libshutdown$$0000000C)
    .ARM.Collect$$libshutdown$$0000000F      0x000002ea   Section        0  libshutdown2.o(.ARM.Collect$$libshutdown$$0000000F)
    .ARM.Collect$$libshutdown$$00000010      0x000002ea   Section        2  libshutdown2.o(.ARM.Collect$$libshutdown$$00000010)
    .ARM.Collect$$rtentry$$00000000          0x000002ec   Section        0  __rtentry.o(.ARM.Collect$$rtentry$$00000000)
    .ARM.Collect$$rtentry$$00000002          0x000002ec   Section        0  __rtentry2.o(.ARM.Collect$$rtentry$$00000002)
    .ARM.Collect$$rtentry$$00000004          0x000002ec   Section        6  __rtentry4.o(.ARM.Collect$$rtentry$$00000004)
    .ARM.Collect$$rtentry$$00000009          0x000002f2   Section        0  __rtentry2.o(.ARM.Collect$$rtentry$$00000009)
    .ARM.Collect$$rtentry$$0000000A          0x000002f2   Section        4  __rtentry2.o(.ARM.Collect$$rtentry$$0000000A)
    .ARM.Collect$$rtentry$$0000000C          0x000002f6   Section        0  __rtentry2.o(.ARM.Collect$$rtentry$$0000000C)
    .ARM.Collect$$rtentry$$0000000D          0x000002f6   Section        8  __rtentry2.o(.ARM.Collect$$rtentry$$0000000D)
    .ARM.Collect$$rtexit$$00000000           0x000002fe   Section        2  rtexit.o(.ARM.Collect$$rtexit$$00000000)
    .ARM.Collect$$rtexit$$00000002           0x00000300   Section        0  rtexit2.o(.ARM.Collect$$rtexit$$00000002)
    .ARM.Collect$$rtexit$$00000003           0x00000300   Section        4  rtexit2.o(.ARM.Collect$$rtexit$$00000003)
    .ARM.Collect$$rtexit$$00000004           0x00000304   Section        6  rtexit2.o(.ARM.Collect$$rtexit$$00000004)
    .text                                    0x0000030c   Section      276  startup_tm4c123.o(.text)
    $v0                                      0x0000030c   Number         0  startup_tm4c123.o(.text)
    .text                                    0x00000420   Section        0  heapauxi.o(.text)
    .text                                    0x00000426   Section       74  sys_stackheap_outer.o(.text)
    .text                                    0x00000470   Section        0  exit.o(.text)
    .text                                    0x00000484   Section        8  libspace.o(.text)
    .text                                    0x0000048c   Section        0  sys_exit.o(.text)
    .text                                    0x00000498   Section        2  use_no_semi.o(.text)
    .text                                    0x0000049a   Section        0  indicate_semi.o(.text)
    i.GPIO_PinInit                           0x0000049c   Section        0  tm4c123io.o(i.GPIO_PinInit)
    i.GPIO_PinOut                            0x00001a14   Section        0  tm4c123io.o(i.GPIO_PinOut)
    i.GPIO_PortInit                          0x000020b0   Section        0  tm4c123io.o(i.GPIO_PortInit)
    i.HC05_init                              0x00002424   Section        0  bluetooth.o(i.HC05_init)
    i.LCD_Clr                                0x00002468   Section        0  lcd.o(i.LCD_Clr)
    i.LCD_Enable                             0x00002490   Section        0  lcd.o(i.LCD_Enable)
    LCD_Enable                               0x00002491   Thumb Code    46  lcd.o(i.LCD_Enable)
    i.LCD_GoToXY                             0x000024c8   Section        0  lcd.o(i.LCD_GoToXY)
    i.LCD_Init                               0x00002514   Section        0  lcd.o(i.LCD_Init)
    i.LCD_SendChr                            0x00002538   Section        0  lcd.o(i.LCD_SendChr)
    i.LCD_SendCmd                            0x00002598   Section        0  lcd.o(i.LCD_SendCmd)
    i.LCD_SendStr                            0x000025f0   Section        0  lcd.o(i.LCD_SendStr)
    i.LCD_SendStrMid                         0x00002660   Section        0  lcd.o(i.LCD_SendStrMid)
    i.LCD_SetDis                             0x000026cc   Section        0  lcd.o(i.LCD_SetDis)
    i.LCD_SetInterface                       0x0000272e   Section        0  lcd.o(i.LCD_SetInterface)
    i.PLL_init                               0x000027b0   Section        0  clock.o(i.PLL_init)
    i.RGB_Init                               0x00002864   Section        0  rgb.o(i.RGB_Init)
    i.RGB_Out                                0x000028be   Section        0  rgb.o(i.RGB_Out)
    i.SystemInit                             0x0000293c   Section        0  system_tm4c123.o(i.SystemInit)
    i.UART_GetChar                           0x00002950   Section        0  uart.o(i.UART_GetChar)
    i.UART_GetStrRcNl                        0x00002a38   Section        0  uart.o(i.UART_GetStrRcNl)
    i.Uart_Init                              0x00002b60   Section        0  uart.o(i.Uart_Init)
    i.Uart_SendChar                          0x00006310   Section        0  uart.o(i.Uart_SendChar)
    i.Uart_SendStrRcNl                       0x000063cc   Section        0  uart.o(i.Uart_SendStrRcNl)
    i.isBaudRateValid                        0x000063fa   Section        0  uart.o(i.isBaudRateValid)
    isBaudRateValid                          0x000063fb   Thumb Code    46  uart.o(i.isBaudRateValid)
    i.isCharSizeVaild                        0x00006428   Section        0  uart.o(i.isCharSizeVaild)
    isCharSizeVaild                          0x00006429   Thumb Code    18  uart.o(i.isCharSizeVaild)
    i.main                                   0x0000643c   Section        0  source.o(i.main)
    i.msDelay                                0x00006514   Section        0  systick.o(i.msDelay)
    i.strLen                                 0x00006564   Section        0  strfuncs.o(i.strLen)
    i.usDelay                                0x00006578   Section        0  systick.o(i.usDelay)
    x$fpl$dadd                               0x000065cc   Section      336  daddsub_clz.o(x$fpl$dadd)
    $v0                                      0x000065cc   Number         0  daddsub_clz.o(x$fpl$dadd)
    _dadd1                                   0x000065dd   Thumb Code     0  daddsub_clz.o(x$fpl$dadd)
    x$fpl$ddiv                               0x0000671c   Section      688  ddiv.o(x$fpl$ddiv)
    $v0                                      0x0000671c   Number         0  ddiv.o(x$fpl$ddiv)
    ddiv_entry                               0x00006723   Thumb Code     0  ddiv.o(x$fpl$ddiv)
    x$fpl$dfix                               0x000069cc   Section       94  dfix.o(x$fpl$dfix)
    $v0                                      0x000069cc   Number         0  dfix.o(x$fpl$dfix)
    x$fpl$dfltu                              0x00006a2a   Section       38  dflt_clz.o(x$fpl$dfltu)
    $v0                                      0x00006a2a   Number         0  dflt_clz.o(x$fpl$dfltu)
    x$fpl$dmul                               0x00006a50   Section      340  dmul.o(x$fpl$dmul)
    $v0                                      0x00006a50   Number         0  dmul.o(x$fpl$dmul)
    x$fpl$dnaninf                            0x00006ba4   Section      156  dnaninf.o(x$fpl$dnaninf)
    $v0                                      0x00006ba4   Number         0  dnaninf.o(x$fpl$dnaninf)
    x$fpl$dretinf                            0x00006c40   Section       12  dretinf.o(x$fpl$dretinf)
    $v0                                      0x00006c40   Number         0  dretinf.o(x$fpl$dretinf)
    x$fpl$dsub                               0x00006c4c   Section      468  daddsub_clz.o(x$fpl$dsub)
    $v0                                      0x00006c4c   Number         0  daddsub_clz.o(x$fpl$dsub)
    _dsub1                                   0x00006c5d   Thumb Code     0  daddsub_clz.o(x$fpl$dsub)
    x$fpl$fpinit                             0x00006e20   Section       10  fpinit.o(x$fpl$fpinit)
    $v0                                      0x00006e20   Number         0  fpinit.o(x$fpl$fpinit)
    x$fpl$usenofp                            0x00006e2a   Section        0  usenofp.o(x$fpl$usenofp)
    .data                                    0x20000000   Section       24  source.o(.data)
    .data                                    0x20000018   Section        5  lcd.o(.data)
    pos                                      0x20000018   Data           4  lcd.o(.data)
    line                                     0x2000001c   Data           1  lcd.o(.data)
    .bss                                     0x20000020   Section       96  libspace.o(.bss)
    HEAP                                     0x20000080   Section        0  startup_tm4c123.o(HEAP)
    STACK                                    0x20000080   Section      512  startup_tm4c123.o(STACK)
    Heap_Mem                                 0x20000080   Data           0  startup_tm4c123.o(HEAP)
    Stack_Mem                                0x20000080   Data         512  startup_tm4c123.o(STACK)
    __initial_sp                             0x20000280   Data           0  startup_tm4c123.o(STACK)

    Global Symbols

    Symbol Name                              Value     Ov Type        Size  Object(Section)

    BuildAttributes$$THM_ISAv4$E$P$D$K$B$S$7EM$VFPi3$EXTD16$VFPS$VFMA$PE$A:L22UL41UL21$X:L11$S22US41US21$IEEE1$IW$USESV6$~STKCKD$USESV7$~SHL$OSPACE$ROPI$EBA8$UX$STANDARDLIB$REQ8$PRES8$EABIv2 0x00000000   Number         0  anon$$obj.o ABSOLUTE
    __ARM_use_no_argv                        0x00000000   Number         0  source.o ABSOLUTE
    __Vectors                                0x00000000   Data           4  startup_tm4c123.o(RESET)
    __ARM_exceptions_init                     - Undefined Weak Reference
    __alloca_initialize                       - Undefined Weak Reference
    __arm_preinit_                            - Undefined Weak Reference
    __cpp_initialize__aeabi_                  - Undefined Weak Reference
    __cxa_finalize                            - Undefined Weak Reference
    __rt_locale                               - Undefined Weak Reference
    __sigvec_lookup                           - Undefined Weak Reference
    _atexit_init                              - Undefined Weak Reference
    _call_atexit_fns                          - Undefined Weak Reference
    _clock_init                               - Undefined Weak Reference
    _fp_trap_init                             - Undefined Weak Reference
    _fp_trap_shutdown                         - Undefined Weak Reference
    _get_lc_collate                           - Undefined Weak Reference
    _get_lc_ctype                             - Undefined Weak Reference
    _get_lc_monetary                          - Undefined Weak Reference
    _get_lc_numeric                           - Undefined Weak Reference
    _get_lc_time                              - Undefined Weak Reference
    _getenv_init                              - Undefined Weak Reference
    _handle_redirection                       - Undefined Weak Reference
    _init_alloc                               - Undefined Weak Reference
    _init_user_alloc                          - Undefined Weak Reference
    _initio                                   - Undefined Weak Reference
    _rand_init                                - Undefined Weak Reference
    _signal_finish                            - Undefined Weak Reference
    _signal_init                              - Undefined Weak Reference
    _terminate_alloc                          - Undefined Weak Reference
    _terminate_user_alloc                     - Undefined Weak Reference
    _terminateio                              - Undefined Weak Reference
    __Vectors_End                            0x0000026c   Data           0  startup_tm4c123.o(RESET)
    __Vectors_Size                           0x0000026c   Number         0  startup_tm4c123.o ABSOLUTE
    __main                                   0x0000026d   Thumb Code     8  __main.o(!!!main)
    __scatterload                            0x00000275   Thumb Code     0  __scatter.o(!!!scatter)
    __scatterload_rt2                        0x00000275   Thumb Code    44  __scatter.o(!!!scatter)
    __scatterload_rt2_thumb_only             0x00000275   Thumb Code     0  __scatter.o(!!!scatter)
    __scatterload_null                       0x00000283   Thumb Code     0  __scatter.o(!!!scatter)
    __scatterload_copy                       0x000002a9   Thumb Code    26  __scatter_copy.o(!!handler_copy)
    __scatterload_zeroinit                   0x000002c5   Thumb Code    28  __scatter_zi.o(!!handler_zi)
    __rt_lib_init                            0x000002e1   Thumb Code     0  libinit.o(.ARM.Collect$$libinit$$00000000)
    __rt_lib_init_fp_1                       0x000002e3   Thumb Code     0  libinit2.o(.ARM.Collect$$libinit$$00000001)
    __rt_lib_init_alloca_1                   0x000002e7   Thumb Code     0  libinit2.o(.ARM.Collect$$libinit$$0000002E)
    __rt_lib_init_argv_1                     0x000002e7   Thumb Code     0  libinit2.o(.ARM.Collect$$libinit$$0000002C)
    __rt_lib_init_atexit_1                   0x000002e7   Thumb Code     0  libinit2.o(.ARM.Collect$$libinit$$0000001B)
    __rt_lib_init_clock_1                    0x000002e7   Thumb Code     0  libinit2.o(.ARM.Collect$$libinit$$00000021)
    __rt_lib_init_cpp_1                      0x000002e7   Thumb Code     0  libinit2.o(.ARM.Collect$$libinit$$00000032)
    __rt_lib_init_exceptions_1               0x000002e7   Thumb Code     0  libinit2.o(.ARM.Collect$$libinit$$00000030)
    __rt_lib_init_fp_trap_1                  0x000002e7   Thumb Code     0  libinit2.o(.ARM.Collect$$libinit$$0000001F)
    __rt_lib_init_getenv_1                   0x000002e7   Thumb Code     0  libinit2.o(.ARM.Collect$$libinit$$00000023)
    __rt_lib_init_heap_1                     0x000002e7   Thumb Code     0  libinit2.o(.ARM.Collect$$libinit$$0000000A)
    __rt_lib_init_lc_collate_1               0x000002e7   Thumb Code     0  libinit2.o(.ARM.Collect$$libinit$$00000011)
    __rt_lib_init_lc_ctype_1                 0x000002e7   Thumb Code     0  libinit2.o(.ARM.Collect$$libinit$$00000013)
    __rt_lib_init_lc_monetary_1              0x000002e7   Thumb Code     0  libinit2.o(.ARM.Collect$$libinit$$00000015)
    __rt_lib_init_lc_numeric_1               0x000002e7   Thumb Code     0  libinit2.o(.ARM.Collect$$libinit$$00000017)
    __rt_lib_init_lc_time_1                  0x000002e7   Thumb Code     0  libinit2.o(.ARM.Collect$$libinit$$00000019)
    __rt_lib_init_preinit_1                  0x000002e7   Thumb Code     0  libinit2.o(.ARM.Collect$$libinit$$00000004)
    __rt_lib_init_rand_1                     0x000002e7   Thumb Code     0  libinit2.o(.ARM.Collect$$libinit$$0000000E)
    __rt_lib_init_return                     0x000002e7   Thumb Code     0  libinit2.o(.ARM.Collect$$libinit$$00000033)
    __rt_lib_init_signal_1                   0x000002e7   Thumb Code     0  libinit2.o(.ARM.Collect$$libinit$$0000001D)
    __rt_lib_init_stdio_1                    0x000002e7   Thumb Code     0  libinit2.o(.ARM.Collect$$libinit$$00000025)
    __rt_lib_init_user_alloc_1               0x000002e7   Thumb Code     0  libinit2.o(.ARM.Collect$$libinit$$0000000C)
    __rt_lib_shutdown                        0x000002e9   Thumb Code     0  libshutdown.o(.ARM.Collect$$libshutdown$$00000000)
    __rt_lib_shutdown_cpp_1                  0x000002eb   Thumb Code     0  libshutdown2.o(.ARM.Collect$$libshutdown$$00000002)
    __rt_lib_shutdown_fp_trap_1              0x000002eb   Thumb Code     0  libshutdown2.o(.ARM.Collect$$libshutdown$$00000007)
    __rt_lib_shutdown_heap_1                 0x000002eb   Thumb Code     0  libshutdown2.o(.ARM.Collect$$libshutdown$$0000000F)
    __rt_lib_shutdown_return                 0x000002eb   Thumb Code     0  libshutdown2.o(.ARM.Collect$$libshutdown$$00000010)
    __rt_lib_shutdown_signal_1               0x000002eb   Thumb Code     0  libshutdown2.o(.ARM.Collect$$libshutdown$$0000000A)
    __rt_lib_shutdown_stdio_1                0x000002eb   Thumb Code     0  libshutdown2.o(.ARM.Collect$$libshutdown$$00000004)
    __rt_lib_shutdown_user_alloc_1           0x000002eb   Thumb Code     0  libshutdown2.o(.ARM.Collect$$libshutdown$$0000000C)
    __rt_entry                               0x000002ed   Thumb Code     0  __rtentry.o(.ARM.Collect$$rtentry$$00000000)
    __rt_entry_presh_1                       0x000002ed   Thumb Code     0  __rtentry2.o(.ARM.Collect$$rtentry$$00000002)
    __rt_entry_sh                            0x000002ed   Thumb Code     0  __rtentry4.o(.ARM.Collect$$rtentry$$00000004)
    __rt_entry_li                            0x000002f3   Thumb Code     0  __rtentry2.o(.ARM.Collect$$rtentry$$0000000A)
    __rt_entry_postsh_1                      0x000002f3   Thumb Code     0  __rtentry2.o(.ARM.Collect$$rtentry$$00000009)
    __rt_entry_main                          0x000002f7   Thumb Code     0  __rtentry2.o(.ARM.Collect$$rtentry$$0000000D)
    __rt_entry_postli_1                      0x000002f7   Thumb Code     0  __rtentry2.o(.ARM.Collect$$rtentry$$0000000C)
    __rt_exit                                0x000002ff   Thumb Code     0  rtexit.o(.ARM.Collect$$rtexit$$00000000)
    __rt_exit_ls                             0x00000301   Thumb Code     0  rtexit2.o(.ARM.Collect$$rtexit$$00000003)
    __rt_exit_prels_1                        0x00000301   Thumb Code     0  rtexit2.o(.ARM.Collect$$rtexit$$00000002)
    __rt_exit_exit                           0x00000305   Thumb Code     0  rtexit2.o(.ARM.Collect$$rtexit$$00000004)
    Reset_Handler                            0x0000030d   Thumb Code     8  startup_tm4c123.o(.text)
    NMI_Handler                              0x00000315   Thumb Code     2  startup_tm4c123.o(.text)
    HardFault_Handler                        0x00000317   Thumb Code     2  startup_tm4c123.o(.text)
    MemManage_Handler                        0x00000319   Thumb Code     2  startup_tm4c123.o(.text)
    BusFault_Handler                         0x0000031b   Thumb Code     2  startup_tm4c123.o(.text)
    UsageFault_Handler                       0x0000031d   Thumb Code     2  startup_tm4c123.o(.text)
    SVC_Handler                              0x0000031f   Thumb Code     2  startup_tm4c123.o(.text)
    DebugMon_Handler                         0x00000321   Thumb Code     2  startup_tm4c123.o(.text)
    PendSV_Handler                           0x00000323   Thumb Code     2  startup_tm4c123.o(.text)
    SysTick_Handler                          0x00000325   Thumb Code     2  startup_tm4c123.o(.text)
    GPIOA_Handler                            0x00000327   Thumb Code     2  startup_tm4c123.o(.text)
    GPIOB_Handler                            0x00000329   Thumb Code     2  startup_tm4c123.o(.text)
    GPIOC_Handler                            0x0000032b   Thumb Code     2  startup_tm4c123.o(.text)
    GPIOD_Handler                            0x0000032d   Thumb Code     2  startup_tm4c123.o(.text)
    GPIOE_Handler                            0x0000032f   Thumb Code     2  startup_tm4c123.o(.text)
    UART0_Handler                            0x00000331   Thumb Code     2  startup_tm4c123.o(.text)
    UART1_Handler                            0x00000333   Thumb Code     2  startup_tm4c123.o(.text)
    SSI0_Handler                             0x00000335   Thumb Code     2  startup_tm4c123.o(.text)
    I2C0_Handler                             0x00000337   Thumb Code     2  startup_tm4c123.o(.text)
    PMW0_FAULT_Handler                       0x00000339   Thumb Code     2  startup_tm4c123.o(.text)
    PWM0_0_Handler                           0x0000033b   Thumb Code     2  startup_tm4c123.o(.text)
    PWM0_1_Handler                           0x0000033d   Thumb Code     2  startup_tm4c123.o(.text)
    PWM0_2_Handler                           0x0000033f   Thumb Code     2  startup_tm4c123.o(.text)
    QEI0_Handler                             0x00000341   Thumb Code     2  startup_tm4c123.o(.text)
    ADC0SS0_Handler                          0x00000343   Thumb Code     2  startup_tm4c123.o(.text)
    ADC0SS1_Handler                          0x00000345   Thumb Code     2  startup_tm4c123.o(.text)
    ADC0SS2_Handler                          0x00000347   Thumb Code     2  startup_tm4c123.o(.text)
    ADC0SS3_Handler                          0x00000349   Thumb Code     2  startup_tm4c123.o(.text)
    WDT0_Handler                             0x0000034b   Thumb Code     2  startup_tm4c123.o(.text)
    TIMER0A_Handler                          0x0000034d   Thumb Code     2  startup_tm4c123.o(.text)
    TIMER0B_Handler                          0x0000034f   Thumb Code     2  startup_tm4c123.o(.text)
    TIMER1A_Handler                          0x00000351   Thumb Code     2  startup_tm4c123.o(.text)
    TIMER1B_Handler                          0x00000353   Thumb Code     2  startup_tm4c123.o(.text)
    TIMER2A_Handler                          0x00000355   Thumb Code     2  startup_tm4c123.o(.text)
    TIMER2B_Handler                          0x00000357   Thumb Code     2  startup_tm4c123.o(.text)
    COMP0_Handler                            0x00000359   Thumb Code     2  startup_tm4c123.o(.text)
    COMP1_Handler                            0x0000035b   Thumb Code     2  startup_tm4c123.o(.text)
    COMP2_Handler                            0x0000035d   Thumb Code     2  startup_tm4c123.o(.text)
    SYSCTL_Handler                           0x0000035f   Thumb Code     2  startup_tm4c123.o(.text)
    FLASH_Handler                            0x00000361   Thumb Code     2  startup_tm4c123.o(.text)
    GPIOF_Handler                            0x00000363   Thumb Code     2  startup_tm4c123.o(.text)
    GPIOG_Handler                            0x00000365   Thumb Code     2  startup_tm4c123.o(.text)
    GPIOH_Handler                            0x00000367   Thumb Code     2  startup_tm4c123.o(.text)
    UART2_Handler                            0x00000369   Thumb Code     2  startup_tm4c123.o(.text)
    SSI1_Handler                             0x0000036b   Thumb Code     2  startup_tm4c123.o(.text)
    TIMER3A_Handler                          0x0000036d   Thumb Code     2  startup_tm4c123.o(.text)
    TIMER3B_Handler                          0x0000036f   Thumb Code     2  startup_tm4c123.o(.text)
    I2C1_Handler                             0x00000371   Thumb Code     2  startup_tm4c123.o(.text)
    QEI1_Handler                             0x00000373   Thumb Code     2  startup_tm4c123.o(.text)
    CAN0_Handler                             0x00000375   Thumb Code     2  startup_tm4c123.o(.text)
    CAN1_Handler                             0x00000377   Thumb Code     2  startup_tm4c123.o(.text)
    CAN2_Handler                             0x00000379   Thumb Code     2  startup_tm4c123.o(.text)
    HIB_Handler                              0x0000037b   Thumb Code     2  startup_tm4c123.o(.text)
    USB0_Handler                             0x0000037d   Thumb Code     2  startup_tm4c123.o(.text)
    PWM0_3_Handler                           0x0000037f   Thumb Code     2  startup_tm4c123.o(.text)
    UDMA_Handler                             0x00000381   Thumb Code     2  startup_tm4c123.o(.text)
    UDMAERR_Handler                          0x00000383   Thumb Code     2  startup_tm4c123.o(.text)
    ADC1SS0_Handler                          0x00000385   Thumb Code     2  startup_tm4c123.o(.text)
    ADC1SS1_Handler                          0x00000387   Thumb Code     2  startup_tm4c123.o(.text)
    ADC1SS2_Handler                          0x00000389   Thumb Code     2  startup_tm4c123.o(.text)
    ADC1SS3_Handler                          0x0000038b   Thumb Code     2  startup_tm4c123.o(.text)
    GPIOJ_Handler                            0x0000038d   Thumb Code     2  startup_tm4c123.o(.text)
    GPIOK_Handler                            0x0000038f   Thumb Code     2  startup_tm4c123.o(.text)
    GPIOL_Handler                            0x00000391   Thumb Code     2  startup_tm4c123.o(.text)
    SSI2_Handler                             0x00000393   Thumb Code     2  startup_tm4c123.o(.text)
    SSI3_Handler                             0x00000395   Thumb Code     2  startup_tm4c123.o(.text)
    UART3_Handler                            0x00000397   Thumb Code     2  startup_tm4c123.o(.text)
    UART4_Handler                            0x00000399   Thumb Code     2  startup_tm4c123.o(.text)
    UART5_Handler                            0x0000039b   Thumb Code     2  startup_tm4c123.o(.text)
    UART6_Handler                            0x0000039d   Thumb Code     2  startup_tm4c123.o(.text)
    UART7_Handler                            0x0000039f   Thumb Code     2  startup_tm4c123.o(.text)
    I2C2_Handler                             0x000003a1   Thumb Code     2  startup_tm4c123.o(.text)
    I2C3_Handler                             0x000003a3   Thumb Code     2  startup_tm4c123.o(.text)
    TIMER4A_Handler                          0x000003a5   Thumb Code     2  startup_tm4c123.o(.text)
    TIMER4B_Handler                          0x000003a7   Thumb Code     2  startup_tm4c123.o(.text)
    TIMER5A_Handler                          0x000003a9   Thumb Code     2  startup_tm4c123.o(.text)
    TIMER5B_Handler                          0x000003ab   Thumb Code     2  startup_tm4c123.o(.text)
    WTIMER0A_Handler                         0x000003ad   Thumb Code     2  startup_tm4c123.o(.text)
    WTIMER0B_Handler                         0x000003af   Thumb Code     2  startup_tm4c123.o(.text)
    WTIMER1A_Handler                         0x000003b1   Thumb Code     2  startup_tm4c123.o(.text)
    WTIMER1B_Handler                         0x000003b3   Thumb Code     2  startup_tm4c123.o(.text)
    WTIMER2A_Handler                         0x000003b5   Thumb Code     2  startup_tm4c123.o(.text)
    WTIMER2B_Handler                         0x000003b7   Thumb Code     2  startup_tm4c123.o(.text)
    WTIMER3A_Handler                         0x000003b9   Thumb Code     2  startup_tm4c123.o(.text)
    WTIMER3B_Handler                         0x000003bb   Thumb Code     2  startup_tm4c123.o(.text)
    WTIMER4A_Handler                         0x000003bd   Thumb Code     2  startup_tm4c123.o(.text)
    WTIMER4B_Handler                         0x000003bf   Thumb Code     2  startup_tm4c123.o(.text)
    WTIMER5A_Handler                         0x000003c1   Thumb Code     2  startup_tm4c123.o(.text)
    WTIMER5B_Handler                         0x000003c3   Thumb Code     2  startup_tm4c123.o(.text)
    FPU_Handler                              0x000003c5   Thumb Code     2  startup_tm4c123.o(.text)
    I2C4_Handler                             0x000003c7   Thumb Code     2  startup_tm4c123.o(.text)
    I2C5_Handler                             0x000003c9   Thumb Code     2  startup_tm4c123.o(.text)
    GPIOM_Handler                            0x000003cb   Thumb Code     2  startup_tm4c123.o(.text)
    GPION_Handler                            0x000003cd   Thumb Code     2  startup_tm4c123.o(.text)
    QEI2_Handler                             0x000003cf   Thumb Code     2  startup_tm4c123.o(.text)
    GPIOP0_Handler                           0x000003d1   Thumb Code     2  startup_tm4c123.o(.text)
    GPIOP1_Handler                           0x000003d3   Thumb Code     2  startup_tm4c123.o(.text)
    GPIOP2_Handler                           0x000003d5   Thumb Code     2  startup_tm4c123.o(.text)
    GPIOP3_Handler                           0x000003d7   Thumb Code     2  startup_tm4c123.o(.text)
    GPIOP4_Handler                           0x000003d9   Thumb Code     2  startup_tm4c123.o(.text)
    GPIOP5_Handler                           0x000003db   Thumb Code     2  startup_tm4c123.o(.text)
    GPIOP6_Handler                           0x000003dd   Thumb Code     2  startup_tm4c123.o(.text)
    GPIOP7_Handler                           0x000003df   Thumb Code     2  startup_tm4c123.o(.text)
    GPIOQ0_Handler                           0x000003e1   Thumb Code     2  startup_tm4c123.o(.text)
    GPIOQ1_Handler                           0x000003e3   Thumb Code     2  startup_tm4c123.o(.text)
    GPIOQ2_Handler                           0x000003e5   Thumb Code     2  startup_tm4c123.o(.text)
    GPIOQ3_Handler                           0x000003e7   Thumb Code     2  startup_tm4c123.o(.text)
    GPIOQ4_Handler                           0x000003e9   Thumb Code     2  startup_tm4c123.o(.text)
    GPIOQ5_Handler                           0x000003eb   Thumb Code     2  startup_tm4c123.o(.text)
    GPIOQ6_Handler                           0x000003ed   Thumb Code     2  startup_tm4c123.o(.text)
    GPIOQ7_Handler                           0x000003ef   Thumb Code     2  startup_tm4c123.o(.text)
    GPIOR_Handler                            0x000003f1   Thumb Code     2  startup_tm4c123.o(.text)
    GPIOS_Handler                            0x000003f3   Thumb Code     2  startup_tm4c123.o(.text)
    PMW1_0_Handler                           0x000003f5   Thumb Code     2  startup_tm4c123.o(.text)
    PWM1_1_Handler                           0x000003f7   Thumb Code     2  startup_tm4c123.o(.text)
    PWM1_2_Handler                           0x000003f9   Thumb Code     2  startup_tm4c123.o(.text)
    PWM1_3_Handler                           0x000003fb   Thumb Code     2  startup_tm4c123.o(.text)
    PWM1_FAULT_Handler                       0x000003fd   Thumb Code     2  startup_tm4c123.o(.text)
    __user_initial_stackheap                 0x00000401   Thumb Code     0  startup_tm4c123.o(.text)
    __use_two_region_memory                  0x00000421   Thumb Code     2  heapauxi.o(.text)
    __rt_heap_escrow$2region                 0x00000423   Thumb Code     2  heapauxi.o(.text)
    __rt_heap_expand$2region                 0x00000425   Thumb Code     2  heapauxi.o(.text)
    __user_setup_stackheap                   0x00000427   Thumb Code    74  sys_stackheap_outer.o(.text)
    exit                                     0x00000471   Thumb Code    18  exit.o(.text)
    __user_libspace                          0x00000485   Thumb Code     8  libspace.o(.text)
    __user_perproc_libspace                  0x00000485   Thumb Code     0  libspace.o(.text)
    __user_perthread_libspace                0x00000485   Thumb Code     0  libspace.o(.text)
    _sys_exit                                0x0000048d   Thumb Code     8  sys_exit.o(.text)
    __I$use$semihosting                      0x00000499   Thumb Code     0  use_no_semi.o(.text)
    __use_no_semihosting_swi                 0x00000499   Thumb Code     2  use_no_semi.o(.text)
    __semihosting_library_function           0x0000049b   Thumb Code     0  indicate_semi.o(.text)
    GPIO_PinInit                             0x0000049d   Thumb Code  5486  tm4c123io.o(i.GPIO_PinInit)
    GPIO_PinOut                              0x00001a15   Thumb Code  1668  tm4c123io.o(i.GPIO_PinOut)
    GPIO_PortInit                            0x000020b1   Thumb Code   824  tm4c123io.o(i.GPIO_PortInit)
    HC05_init                                0x00002425   Thumb Code    66  bluetooth.o(i.HC05_init)
    LCD_Clr                                  0x00002469   Thumb Code    30  lcd.o(i.LCD_Clr)
    LCD_GoToXY                               0x000024c9   Thumb Code    66  lcd.o(i.LCD_GoToXY)
    LCD_Init                                 0x00002515   Thumb Code    34  lcd.o(i.LCD_Init)
    LCD_SendChr                              0x00002539   Thumb Code    86  lcd.o(i.LCD_SendChr)
    LCD_SendCmd                              0x00002599   Thumb Code    80  lcd.o(i.LCD_SendCmd)
    LCD_SendStr                              0x000025f1   Thumb Code   102  lcd.o(i.LCD_SendStr)
    LCD_SendStrMid                           0x00002661   Thumb Code    98  lcd.o(i.LCD_SendStrMid)
    LCD_SetDis                               0x000026cd   Thumb Code    98  lcd.o(i.LCD_SetDis)
    LCD_SetInterface                         0x0000272f   Thumb Code   130  lcd.o(i.LCD_SetInterface)
    PLL_init                                 0x000027b1   Thumb Code   174  clock.o(i.PLL_init)
    RGB_Init                                 0x00002865   Thumb Code    90  rgb.o(i.RGB_Init)
    RGB_Out                                  0x000028bf   Thumb Code   126  rgb.o(i.RGB_Out)
    SystemInit                               0x0000293d   Thumb Code    14  system_tm4c123.o(i.SystemInit)
    UART_GetChar                             0x00002951   Thumb Code   200  uart.o(i.UART_GetChar)
    UART_GetStrRcNl                          0x00002a39   Thumb Code   294  uart.o(i.UART_GetStrRcNl)
    Uart_Init                                0x00002b61   Thumb Code 14246  uart.o(i.Uart_Init)
    Uart_SendChar                            0x00006311   Thumb Code   160  uart.o(i.Uart_SendChar)
    Uart_SendStrRcNl                         0x000063cd   Thumb Code    46  uart.o(i.Uart_SendStrRcNl)
    main                                     0x0000643d   Thumb Code   148  source.o(i.main)
    msDelay                                  0x00006515   Thumb Code    76  systick.o(i.msDelay)
    strLen                                   0x00006565   Thumb Code    18  strfuncs.o(i.strLen)
    usDelay                                  0x00006579   Thumb Code    74  systick.o(i.usDelay)
    __aeabi_dadd                             0x000065cd   Thumb Code     0  daddsub_clz.o(x$fpl$dadd)
    _dadd                                    0x000065cd   Thumb Code   332  daddsub_clz.o(x$fpl$dadd)
    __aeabi_ddiv                             0x0000671d   Thumb Code     0  ddiv.o(x$fpl$ddiv)
    _ddiv                                    0x0000671d   Thumb Code   552  ddiv.o(x$fpl$ddiv)
    __aeabi_d2iz                             0x000069cd   Thumb Code     0  dfix.o(x$fpl$dfix)
    _dfix                                    0x000069cd   Thumb Code    94  dfix.o(x$fpl$dfix)
    __aeabi_ui2d                             0x00006a2b   Thumb Code     0  dflt_clz.o(x$fpl$dfltu)
    _dfltu                                   0x00006a2b   Thumb Code    38  dflt_clz.o(x$fpl$dfltu)
    __aeabi_dmul                             0x00006a51   Thumb Code     0  dmul.o(x$fpl$dmul)
    _dmul                                    0x00006a51   Thumb Code   332  dmul.o(x$fpl$dmul)
    __fpl_dnaninf                            0x00006ba5   Thumb Code   156  dnaninf.o(x$fpl$dnaninf)
    __fpl_dretinf                            0x00006c41   Thumb Code    12  dretinf.o(x$fpl$dretinf)
    __aeabi_dsub                             0x00006c4d   Thumb Code     0  daddsub_clz.o(x$fpl$dsub)
    _dsub                                    0x00006c4d   Thumb Code   464  daddsub_clz.o(x$fpl$dsub)
    _fp_init                                 0x00006e21   Thumb Code    10  fpinit.o(x$fpl$fpinit)
    __fplib_config_fpu_vfp                   0x00006e29   Thumb Code     0  fpinit.o(x$fpl$fpinit)
    __fplib_config_pureend_doubles           0x00006e29   Thumb Code     0  fpinit.o(x$fpl$fpinit)
    __I$use$fp                               0x00006e2a   Number         0  usenofp.o(x$fpl$usenofp)
    Region$$Table$$Base                      0x00006e2c   Number         0  anon$$obj.o(Region$$Table)
    Region$$Table$$Limit                     0x00006e4c   Number         0  anon$$obj.o(Region$$Table)
    sysclock                                 0x20000000   Data           4  source.o(.data)
    huart0                                   0x20000004   Data           8  source.o(.data)
    huart2                                   0x2000000c   Data           8  source.o(.data)
    previous                                 0x20000014   Data           4  source.o(.data)
    __libspace_start                         0x20000020   Data          96  libspace.o(.bss)
    __temporary_stack_top$libspace           0x20000080   Data           0  libspace.o(.bss)



==============================================================================

Memory Map of the image

  Image Entry point : 0x0000026d

  Load Region LR_IROM1 (Base: 0x00000000, Size: 0x00006e6c, Max: 0x00040000, ABSOLUTE)

    Execution Region ER_IROM1 (Exec base: 0x00000000, Load base: 0x00000000, Size: 0x00006e4c, Max: 0x00040000, ABSOLUTE)

    Exec Addr    Load Addr    Size         Type   Attr      Idx    E Section Name        Object

    0x00000000   0x00000000   0x0000026c   Data   RO         1418    RESET               startup_tm4c123.o
    0x0000026c   0x0000026c   0x00000008   Code   RO         1478  * !!!main             c_w.l(__main.o)
    0x00000274   0x00000274   0x00000034   Code   RO         1684    !!!scatter          c_w.l(__scatter.o)
    0x000002a8   0x000002a8   0x0000001a   Code   RO         1686    !!handler_copy      c_w.l(__scatter_copy.o)
    0x000002c2   0x000002c2   0x00000002   PAD
    0x000002c4   0x000002c4   0x0000001c   Code   RO         1688    !!handler_zi        c_w.l(__scatter_zi.o)
    0x000002e0   0x000002e0   0x00000002   Code   RO         1554    .ARM.Collect$$libinit$$00000000  c_w.l(libinit.o)
    0x000002e2   0x000002e2   0x00000004   Code   RO         1560    .ARM.Collect$$libinit$$00000001  c_w.l(libinit2.o)
    0x000002e6   0x000002e6   0x00000000   Code   RO         1563    .ARM.Collect$$libinit$$00000004  c_w.l(libinit2.o)
    0x000002e6   0x000002e6   0x00000000   Code   RO         1566    .ARM.Collect$$libinit$$0000000A  c_w.l(libinit2.o)
    0x000002e6   0x000002e6   0x00000000   Code   RO         1568    .ARM.Collect$$libinit$$0000000C  c_w.l(libinit2.o)
    0x000002e6   0x000002e6   0x00000000   Code   RO         1570    .ARM.Collect$$libinit$$0000000E  c_w.l(libinit2.o)
    0x000002e6   0x000002e6   0x00000000   Code   RO         1573    .ARM.Collect$$libinit$$00000011  c_w.l(libinit2.o)
    0x000002e6   0x000002e6   0x00000000   Code   RO         1575    .ARM.Collect$$libinit$$00000013  c_w.l(libinit2.o)
    0x000002e6   0x000002e6   0x00000000   Code   RO         1577    .ARM.Collect$$libinit$$00000015  c_w.l(libinit2.o)
    0x000002e6   0x000002e6   0x00000000   Code   RO         1579    .ARM.Collect$$libinit$$00000017  c_w.l(libinit2.o)
    0x000002e6   0x000002e6   0x00000000   Code   RO         1581    .ARM.Collect$$libinit$$00000019  c_w.l(libinit2.o)
    0x000002e6   0x000002e6   0x00000000   Code   RO         1583    .ARM.Collect$$libinit$$0000001B  c_w.l(libinit2.o)
    0x000002e6   0x000002e6   0x00000000   Code   RO         1585    .ARM.Collect$$libinit$$0000001D  c_w.l(libinit2.o)
    0x000002e6   0x000002e6   0x00000000   Code   RO         1587    .ARM.Collect$$libinit$$0000001F  c_w.l(libinit2.o)
    0x000002e6   0x000002e6   0x00000000   Code   RO         1589    .ARM.Collect$$libinit$$00000021  c_w.l(libinit2.o)
    0x000002e6   0x000002e6   0x00000000   Code   RO         1591    .ARM.Collect$$libinit$$00000023  c_w.l(libinit2.o)
    0x000002e6   0x000002e6   0x00000000   Code   RO         1593    .ARM.Collect$$libinit$$00000025  c_w.l(libinit2.o)
    0x000002e6   0x000002e6   0x00000000   Code   RO         1597    .ARM.Collect$$libinit$$0000002C  c_w.l(libinit2.o)
    0x000002e6   0x000002e6   0x00000000   Code   RO         1599    .ARM.Collect$$libinit$$0000002E  c_w.l(libinit2.o)
    0x000002e6   0x000002e6   0x00000000   Code   RO         1601    .ARM.Collect$$libinit$$00000030  c_w.l(libinit2.o)
    0x000002e6   0x000002e6   0x00000000   Code   RO         1603    .ARM.Collect$$libinit$$00000032  c_w.l(libinit2.o)
    0x000002e6   0x000002e6   0x00000002   Code   RO         1604    .ARM.Collect$$libinit$$00000033  c_w.l(libinit2.o)
    0x000002e8   0x000002e8   0x00000002   Code   RO         1624    .ARM.Collect$$libshutdown$$00000000  c_w.l(libshutdown.o)
    0x000002ea   0x000002ea   0x00000000   Code   RO         1637    .ARM.Collect$$libshutdown$$00000002  c_w.l(libshutdown2.o)
    0x000002ea   0x000002ea   0x00000000   Code   RO         1639    .ARM.Collect$$libshutdown$$00000004  c_w.l(libshutdown2.o)
    0x000002ea   0x000002ea   0x00000000   Code   RO         1642    .ARM.Collect$$libshutdown$$00000007  c_w.l(libshutdown2.o)
    0x000002ea   0x000002ea   0x00000000   Code   RO         1645    .ARM.Collect$$libshutdown$$0000000A  c_w.l(libshutdown2.o)
    0x000002ea   0x000002ea   0x00000000   Code   RO         1647    .ARM.Collect$$libshutdown$$0000000C  c_w.l(libshutdown2.o)
    0x000002ea   0x000002ea   0x00000000   Code   RO         1650    .ARM.Collect$$libshutdown$$0000000F  c_w.l(libshutdown2.o)
    0x000002ea   0x000002ea   0x00000002   Code   RO         1651    .ARM.Collect$$libshutdown$$00000010  c_w.l(libshutdown2.o)
    0x000002ec   0x000002ec   0x00000000   Code   RO         1518    .ARM.Collect$$rtentry$$00000000  c_w.l(__rtentry.o)
    0x000002ec   0x000002ec   0x00000000   Code   RO         1531    .ARM.Collect$$rtentry$$00000002  c_w.l(__rtentry2.o)
    0x000002ec   0x000002ec   0x00000006   Code   RO         1543    .ARM.Collect$$rtentry$$00000004  c_w.l(__rtentry4.o)
    0x000002f2   0x000002f2   0x00000000   Code   RO         1533    .ARM.Collect$$rtentry$$00000009  c_w.l(__rtentry2.o)
    0x000002f2   0x000002f2   0x00000004   Code   RO         1534    .ARM.Collect$$rtentry$$0000000A  c_w.l(__rtentry2.o)
    0x000002f6   0x000002f6   0x00000000   Code   RO         1536    .ARM.Collect$$rtentry$$0000000C  c_w.l(__rtentry2.o)
    0x000002f6   0x000002f6   0x00000008   Code   RO         1537    .ARM.Collect$$rtentry$$0000000D  c_w.l(__rtentry2.o)
    0x000002fe   0x000002fe   0x00000002   Code   RO         1558    .ARM.Collect$$rtexit$$00000000  c_w.l(rtexit.o)
    0x00000300   0x00000300   0x00000000   Code   RO         1606    .ARM.Collect$$rtexit$$00000002  c_w.l(rtexit2.o)
    0x00000300   0x00000300   0x00000004   Code   RO         1607    .ARM.Collect$$rtexit$$00000003  c_w.l(rtexit2.o)
    0x00000304   0x00000304   0x00000006   Code   RO         1608    .ARM.Collect$$rtexit$$00000004  c_w.l(rtexit2.o)
    0x0000030a   0x0000030a   0x00000002   PAD
    0x0000030c   0x0000030c   0x00000114   Code   RO         1419    .text               startup_tm4c123.o
    0x00000420   0x00000420   0x00000006   Code   RO         1476    .text               c_w.l(heapauxi.o)
    0x00000426   0x00000426   0x0000004a   Code   RO         1545    .text               c_w.l(sys_stackheap_outer.o)
    0x00000470   0x00000470   0x00000012   Code   RO         1547    .text               c_w.l(exit.o)
    0x00000482   0x00000482   0x00000002   PAD
    0x00000484   0x00000484   0x00000008   Code   RO         1555    .text               c_w.l(libspace.o)
    0x0000048c   0x0000048c   0x0000000c   Code   RO         1616    .text               c_w.l(sys_exit.o)
    0x00000498   0x00000498   0x00000002   Code   RO         1627    .text               c_w.l(use_no_semi.o)
    0x0000049a   0x0000049a   0x00000000   Code   RO         1629    .text               c_w.l(indicate_semi.o)
    0x0000049a   0x0000049a   0x00000002   PAD
    0x0000049c   0x0000049c   0x00001578   Code   RO         1160    i.GPIO_PinInit      tm4c123io.o
    0x00001a14   0x00001a14   0x0000069c   Code   RO         1161    i.GPIO_PinOut       tm4c123io.o
    0x000020b0   0x000020b0   0x00000374   Code   RO         1163    i.GPIO_PortInit     tm4c123io.o
    0x00002424   0x00002424   0x00000042   Code   RO          398    i.HC05_init         bluetooth.o
    0x00002466   0x00002466   0x00000002   PAD
    0x00002468   0x00002468   0x00000028   Code   RO          660    i.LCD_Clr           lcd.o
    0x00002490   0x00002490   0x00000038   Code   RO          661    i.LCD_Enable        lcd.o
    0x000024c8   0x000024c8   0x0000004c   Code   RO          663    i.LCD_GoToXY        lcd.o
    0x00002514   0x00002514   0x00000022   Code   RO          664    i.LCD_Init          lcd.o
    0x00002536   0x00002536   0x00000002   PAD
    0x00002538   0x00002538   0x00000060   Code   RO          667    i.LCD_SendChr       lcd.o
    0x00002598   0x00002598   0x00000058   Code   RO          669    i.LCD_SendCmd       lcd.o
    0x000025f0   0x000025f0   0x00000070   Code   RO          670    i.LCD_SendStr       lcd.o
    0x00002660   0x00002660   0x0000006c   Code   RO          671    i.LCD_SendStrMid    lcd.o
    0x000026cc   0x000026cc   0x00000062   Code   RO          674    i.LCD_SetDis        lcd.o
    0x0000272e   0x0000272e   0x00000082   Code   RO          675    i.LCD_SetInterface  lcd.o
    0x000027b0   0x000027b0   0x000000b4   Code   RO          893    i.PLL_init          clock.o
    0x00002864   0x00002864   0x0000005a   Code   RO          791    i.RGB_Init          rgb.o
    0x000028be   0x000028be   0x0000007e   Code   RO          792    i.RGB_Out           rgb.o
    0x0000293c   0x0000293c   0x00000014   Code   RO         1427    i.SystemInit        system_tm4c123.o
    0x00002950   0x00002950   0x000000e8   Code   RO         1316    i.UART_GetChar      uart.o
    0x00002a38   0x00002a38   0x00000126   Code   RO         1318    i.UART_GetStrRcNl   uart.o
    0x00002b5e   0x00002b5e   0x00000002   PAD
    0x00002b60   0x00002b60   0x000037b0   Code   RO         1319    i.Uart_Init         uart.o
    0x00006310   0x00006310   0x000000bc   Code   RO         1320    i.Uart_SendChar     uart.o
    0x000063cc   0x000063cc   0x0000002e   Code   RO         1324    i.Uart_SendStrRcNl  uart.o
    0x000063fa   0x000063fa   0x0000002e   Code   RO         1325    i.isBaudRateValid   uart.o
    0x00006428   0x00006428   0x00000012   Code   RO         1326    i.isCharSizeVaild   uart.o
    0x0000643a   0x0000643a   0x00000002   PAD
    0x0000643c   0x0000643c   0x000000d8   Code   RO          165    i.main              source.o
    0x00006514   0x00006514   0x00000050   Code   RO         1084    i.msDelay           systick.o
    0x00006564   0x00006564   0x00000012   Code   RO          483    i.strLen            strfuncs.o
    0x00006576   0x00006576   0x00000002   PAD
    0x00006578   0x00006578   0x00000054   Code   RO         1085    i.usDelay           systick.o
    0x000065cc   0x000065cc   0x00000150   Code   RO         1484    x$fpl$dadd          fz_wm.l(daddsub_clz.o)
    0x0000671c   0x0000671c   0x000002b0   Code   RO         1491    x$fpl$ddiv          fz_wm.l(ddiv.o)
    0x000069cc   0x000069cc   0x0000005e   Code   RO         1496    x$fpl$dfix          fz_wm.l(dfix.o)
    0x00006a2a   0x00006a2a   0x00000026   Code   RO         1504    x$fpl$dfltu         fz_wm.l(dflt_clz.o)
    0x00006a50   0x00006a50   0x00000154   Code   RO         1512    x$fpl$dmul          fz_wm.l(dmul.o)
    0x00006ba4   0x00006ba4   0x0000009c   Code   RO         1521    x$fpl$dnaninf       fz_wm.l(dnaninf.o)
    0x00006c40   0x00006c40   0x0000000c   Code   RO         1523    x$fpl$dretinf       fz_wm.l(dretinf.o)
    0x00006c4c   0x00006c4c   0x000001d4   Code   RO         1486    x$fpl$dsub          fz_wm.l(daddsub_clz.o)
    0x00006e20   0x00006e20   0x0000000a   Code   RO         1614    x$fpl$fpinit        fz_wm.l(fpinit.o)
    0x00006e2a   0x00006e2a   0x00000000   Code   RO         1529    x$fpl$usenofp       fz_wm.l(usenofp.o)
    0x00006e2a   0x00006e2a   0x00000002   PAD
    0x00006e2c   0x00006e2c   0x00000020   Data   RO         1682    Region$$Table       anon$$obj.o


    Execution Region RW_IRAM1 (Exec base: 0x20000000, Load base: 0x00006e4c, Size: 0x00000280, Max: 0x00008000, ABSOLUTE)

    Exec Addr    Load Addr    Size         Type   Attr      Idx    E Section Name        Object

    0x20000000   0x00006e4c   0x00000018   Data   RW          167    .data               source.o
    0x20000018   0x00006e64   0x00000005   Data   RW          678    .data               lcd.o
    0x2000001d   0x00006e69   0x00000003   PAD
    0x20000020        -       0x00000060   Zero   RW         1556    .bss                c_w.l(libspace.o)
    0x20000080        -       0x00000000   Zero   RW         1417    HEAP                startup_tm4c123.o
    0x20000080        -       0x00000200   Zero   RW         1416    STACK               startup_tm4c123.o


==============================================================================

Image component sizes


      Code (inc. data)   RO Data    RW Data    ZI Data      Debug   Object Name

        66          0          0          0          0        576   bluetooth.o
         0          0          0          0          0       1924   calc.o
       180          6          0          0          0        639   clock.o
       838         68          0          5          0       6353   lcd.o
       216          0          0          0          0       1181   rgb.o
       216         68          0         24          0       3169   source.o
       276         24        620          0        512       5464   startup_tm4c123.o
        18          0          0          0          0        969   strfuncs.o
        20          6          0          0          0        505   system_tm4c123.o
       164         14          0          0          0       4140   systick.o
      8072        336          0          0          0       5153   tm4c123io.o
     15080        642          0          0          0       9091   uart.o

    ----------------------------------------------------------------------
     25156       1164        652         32        512      39164   Object Totals
         0          0         32          0          0          0   (incl. Generated)
        10          0          0          3          0          0   (incl. Padding)

    ----------------------------------------------------------------------

      Code (inc. data)   RO Data    RW Data    ZI Data      Debug   Library Member Name

         8          0          0          0          0         68   __main.o
         0          0          0          0          0          0   __rtentry.o
        12          0          0          0          0          0   __rtentry2.o
         6          0          0          0          0          0   __rtentry4.o
        52          8          0          0          0          0   __scatter.o
        26          0          0          0          0          0   __scatter_copy.o
        28          0          0          0          0          0   __scatter_zi.o
        18          0          0          0          0         80   exit.o
         6          0          0          0          0        152   heapauxi.o
         0          0          0          0          0          0   indicate_semi.o
         2          0          0          0          0          0   libinit.o
         6          0          0          0          0          0   libinit2.o
         2          0          0          0          0          0   libshutdown.o
         2          0          0          0          0          0   libshutdown2.o
         8          4          0          0         96         68   libspace.o
         2          0          0          0          0          0   rtexit.o
        10          0          0          0          0          0   rtexit2.o
        12          4          0          0          0         68   sys_exit.o
        74          0          0          0          0         80   sys_stackheap_outer.o
         2          0          0          0          0         68   use_no_semi.o
       804         16          0          0          0        368   daddsub_clz.o
       688        140          0          0          0        256   ddiv.o
        94          4          0          0          0        140   dfix.o
        38          0          0          0          0        116   dflt_clz.o
       340         12          0          0          0        152   dmul.o
       156          4          0          0          0        140   dnaninf.o
        12          0          0          0          0        116   dretinf.o
        10          0          0          0          0        116   fpinit.o
         0          0          0          0          0          0   usenofp.o

    ----------------------------------------------------------------------
      2428        192          0          0         96       1988   Library Totals
        10          0          0          0          0          0   (incl. Padding)

    ----------------------------------------------------------------------

      Code (inc. data)   RO Data    RW Data    ZI Data      Debug   Library Name

       276         16          0          0         96        584   c_w.l
      2142        176          0          0          0       1404   fz_wm.l

    ----------------------------------------------------------------------
      2428        192          0          0         96       1988   Library Totals

    ----------------------------------------------------------------------

==============================================================================


      Code (inc. data)   RO Data    RW Data    ZI Data      Debug   

     27584       1356        652         32        608      37696   Grand Totals
     27584       1356        652         32        608      37696   ELF Image Totals
     27584       1356        652         32          0          0   ROM Totals

==============================================================================

    Total RO  Size (Code + RO Data)                28236 (  27.57kB)
    Total RW  Size (RW Data + ZI Data)               640 (   0.63kB)
    Total ROM Size (Code + RO Data + RW Data)      28268 (  27.61kB)

==============================================================================

